Archive member included to satisfy reference by file (symbol)

C:\Users\Bobasek\Documents\LPCXpresso_8.2.2_650\workspace\lpc_board_nxp_lpcxpresso_1549\Debug\liblpc_board_nxp_lpcxpresso_1549.a(board.o)
                              ./example/src/adc.o (Board_UARTPutSTR)
C:\Users\Bobasek\Documents\LPCXpresso_8.2.2_650\workspace\lpc_board_nxp_lpcxpresso_1549\Debug\liblpc_board_nxp_lpcxpresso_1549.a(board_sysinit.o)
                              ./example/src/sysinit.o (Board_SystemInit)
C:\Users\Bobasek\Documents\LPCXpresso_8.2.2_650\workspace\lpc_chip_15xx\Debug\liblpc_chip_15xx.a(adc_15xx.o)
                              ./example/src/adc.o (Chip_ADC_Init)
C:\Users\Bobasek\Documents\LPCXpresso_8.2.2_650\workspace\lpc_chip_15xx\Debug\liblpc_chip_15xx.a(chip_15xx.o)
                              ./example/src/adc.o (SystemCoreClockUpdate)
C:\Users\Bobasek\Documents\LPCXpresso_8.2.2_650\workspace\lpc_chip_15xx\Debug\liblpc_chip_15xx.a(clock_15xx.o)
                              C:\Users\Bobasek\Documents\LPCXpresso_8.2.2_650\workspace\lpc_board_nxp_lpcxpresso_1549\Debug\liblpc_board_nxp_lpcxpresso_1549.a(board.o) (Chip_Clock_GetMainClockRate)
C:\Users\Bobasek\Documents\LPCXpresso_8.2.2_650\workspace\lpc_chip_15xx\Debug\liblpc_chip_15xx.a(gpio_15xx.o)
                              C:\Users\Bobasek\Documents\LPCXpresso_8.2.2_650\workspace\lpc_board_nxp_lpcxpresso_1549\Debug\liblpc_board_nxp_lpcxpresso_1549.a(board.o) (Chip_GPIO_Init)
C:\Users\Bobasek\Documents\LPCXpresso_8.2.2_650\workspace\lpc_chip_15xx\Debug\liblpc_chip_15xx.a(iocon_15xx.o)
                              C:\Users\Bobasek\Documents\LPCXpresso_8.2.2_650\workspace\lpc_board_nxp_lpcxpresso_1549\Debug\liblpc_board_nxp_lpcxpresso_1549.a(board_sysinit.o) (Chip_IOCON_SetPinMuxing)
C:\Users\Bobasek\Documents\LPCXpresso_8.2.2_650\workspace\lpc_chip_15xx\Debug\liblpc_chip_15xx.a(swm_15xx.o)
                              C:\Users\Bobasek\Documents\LPCXpresso_8.2.2_650\workspace\lpc_board_nxp_lpcxpresso_1549\Debug\liblpc_board_nxp_lpcxpresso_1549.a(board.o) (Chip_SWM_MovablePinAssign)
C:\Users\Bobasek\Documents\LPCXpresso_8.2.2_650\workspace\lpc_chip_15xx\Debug\liblpc_chip_15xx.a(sysctl_15xx.o)
                              C:\Users\Bobasek\Documents\LPCXpresso_8.2.2_650\workspace\lpc_board_nxp_lpcxpresso_1549\Debug\liblpc_board_nxp_lpcxpresso_1549.a(board_sysinit.o) (Chip_SYSCTL_AssertPeriphReset)
C:\Users\Bobasek\Documents\LPCXpresso_8.2.2_650\workspace\lpc_chip_15xx\Debug\liblpc_chip_15xx.a(sysinit_15xx.o)
                              C:\Users\Bobasek\Documents\LPCXpresso_8.2.2_650\workspace\lpc_board_nxp_lpcxpresso_1549\Debug\liblpc_board_nxp_lpcxpresso_1549.a(board_sysinit.o) (Chip_SetupXtalClocking)
C:\Users\Bobasek\Documents\LPCXpresso_8.2.2_650\workspace\lpc_chip_15xx\Debug\liblpc_chip_15xx.a(uart_15xx.o)
                              C:\Users\Bobasek\Documents\LPCXpresso_8.2.2_650\workspace\lpc_board_nxp_lpcxpresso_1549\Debug\liblpc_board_nxp_lpcxpresso_1549.a(board.o) (Chip_UART_Init)
C:\Users\Bobasek\Documents\LPCXpresso_8.2.2_650\workspace\lpc_chip_15xx\Debug\liblpc_chip_15xx.a(ring_buffer.o)
                              C:\Users\Bobasek\Documents\LPCXpresso_8.2.2_650\workspace\lpc_chip_15xx\Debug\liblpc_chip_15xx.a(uart_15xx.o) (RingBuffer_Insert)
c:/nxp/lpcxpresso_8.2.2_650/lpcxpresso/tools/bin/../lib/gcc/arm-none-eabi/5.4.1/../../../../arm-none-eabi/lib/armv7-m\libcr_nohost.a(_cr__main.o)
                              ./example/src/cr_startup_lpc15xx.o (__main)
c:/nxp/lpcxpresso_8.2.2_650/lpcxpresso/tools/bin/../lib/gcc/arm-none-eabi/5.4.1/../../../../arm-none-eabi/lib/armv7-m\libcr_c.a(memcpy.o)
                              C:\Users\Bobasek\Documents\LPCXpresso_8.2.2_650\workspace\lpc_chip_15xx\Debug\liblpc_chip_15xx.a(ring_buffer.o) (memcpy)
c:/nxp/lpcxpresso_8.2.2_650/lpcxpresso/tools/bin/../lib/gcc/arm-none-eabi/5.4.1/../../../../arm-none-eabi/lib/armv7-m\libcr_c.a(memset.o)
                              ./example/src/adc.o (memset)
c:/nxp/lpcxpresso_8.2.2_650/lpcxpresso/tools/bin/../lib/gcc/arm-none-eabi/5.4.1/../../../../arm-none-eabi/lib/armv7-m\libcr_c.a(fpprintf.o)
                              ./example/src/adc.o (printf)
c:/nxp/lpcxpresso_8.2.2_650/lpcxpresso/tools/bin/../lib/gcc/arm-none-eabi/5.4.1/../../../../arm-none-eabi/lib/armv7-m\libcr_c.a(initio.o)
                              c:/nxp/lpcxpresso_8.2.2_650/lpcxpresso/tools/bin/../lib/gcc/arm-none-eabi/5.4.1/../../../../arm-none-eabi/lib/armv7-m\libcr_nohost.a(_cr__main.o) (_initio)
c:/nxp/lpcxpresso_8.2.2_650/lpcxpresso/tools/bin/../lib/gcc/arm-none-eabi/5.4.1/../../../../arm-none-eabi/lib/armv7-m\libcr_c.a(printf.o)
                              c:/nxp/lpcxpresso_8.2.2_650/lpcxpresso/tools/bin/../lib/gcc/arm-none-eabi/5.4.1/../../../../arm-none-eabi/lib/armv7-m\libcr_c.a(fpprintf.o) (__vfprintf)
c:/nxp/lpcxpresso_8.2.2_650/lpcxpresso/tools/bin/../lib/gcc/arm-none-eabi/5.4.1/../../../../arm-none-eabi/lib/armv7-m\libcr_c.a(setvbuf.o)
[...]
Memory Configuration

Name             Origin             Length             Attributes
MFlash256        0x00000000         0x00040000         xr
Ram0_16          0x02000000         0x00004000         xrw
Ram1_16          0x02004000         0x00004000         xrw
Ram2_4           0x02008000         0x00001000         xrw
*default*        0x00000000         0xffffffff

Linker script and memory map

LOAD ./example/src/adc.o
LOAD ./example/src/cr_startup_lpc15xx.o
LOAD ./example/src/hid_desc.o
LOAD ./example/src/hid_mouse.o
LOAD ./example/src/sysinit.o
LOAD C:\Users\Bobasek\Documents\LPCXpresso_8.2.2_650\workspace\lpc_board_nxp_lpcxpresso_1549\Debug\liblpc_board_nxp_lpcxpresso_1549.a
LOAD C:\Users\Bobasek\Documents\LPCXpresso_8.2.2_650\workspace\lpc_chip_15xx\Debug\liblpc_chip_15xx.a
START GROUP
LOAD c:/nxp/lpcxpresso_8.2.2_650/lpcxpresso/tools/bin/../lib/gcc/arm-none-eabi/5.4.1/../../../../arm-none-eabi/lib/armv7-m\libcr_nohost.a
LOAD c:/nxp/lpcxpresso_8.2.2_650/lpcxpresso/tools/bin/../lib/gcc/arm-none-eabi/5.4.1/../../../../arm-none-eabi/lib/armv7-m\libcr_c.a
LOAD c:/nxp/lpcxpresso_8.2.2_650/lpcxpresso/tools/bin/../lib/gcc/arm-none-eabi/5.4.1/armv7-m\libcr_eabihelpers.a
END GROUP
                0x00000000                __base_MFlash256 = 0x0
                0x00000000                __base_Flash = 0x0
                0x00040000                __top_MFlash256 = 0x40000
                0x00040000                __top_Flash = 0x40000
                0x02000000                __base_Ram0_16 = 0x2000000
                0x02000000                __base_RAM = 0x2000000
                0x02004000                __top_Ram0_16 = 0x2004000
                0x02004000                __top_RAM = 0x2004000
                0x02004000                __base_Ram1_16 = 0x2004000
                0x02004000                __base_RAM2 = 0x2004000
                0x02008000                __top_Ram1_16 = 0x2008000
                0x02008000                __top_RAM2 = 0x2008000
                0x02008000                __base_Ram2_4 = 0x2008000
                0x02008000                __base_RAM3 = 0x2008000
                0x02009000                __top_Ram2_4 = 0x2009000
                0x02009000                __top_RAM3 = 0x2009000

.text           0x00000000     0x4680
 FILL mask 0xff
                0x00000000                __vectors_start__ = ABSOLUTE (.)
 *(.isr_vector)
 .isr_vector    0x00000000       0xfc ./example/src/cr_startup_lpc15xx.o
                0x00000000                g_pfnVectors
                0x000000fc                . = ALIGN (0x4)
                0x000000fc                __section_table_start = .
                0x000000fc                __data_section_table = .
                0x000000fc        0x4 LONG 0x4680 LOADADDR (.data)
                0x00000100        0x4 LONG 0x2000000 ADDR (.data)
                0x00000104        0x4 LONG 0x24 SIZEOF (.data)
                0x00000108        0x4 LONG 0x4680 LOADADDR (.data_RAM2)
                0x0000010c        0x4 LONG 0x2004000 ADDR (.data_RAM2)
                0x00000110        0x4 LONG 0x0 SIZEOF (.data_RAM2)
                0x00000114        0x4 LONG 0x4680 LOADADDR (.data_RAM3)
                0x00000118        0x4 LONG 0x2008000 ADDR (.data_RAM3)
                0x0000011c        0x4 LONG 0x0 SIZEOF (.data_RAM3)
                0x00000120                __data_section_table_end = .
                0x00000120                __bss_section_table = .
                0x00000120        0x4 LONG 0x2000024 ADDR (.bss)
                0x00000124        0x4 LONG 0x16c SIZEOF (.bss)
                0x00000128        0x4 LONG 0x2004000 ADDR (.bss_RAM2)
                0x0000012c        0x4 LONG 0x0 SIZEOF (.bss_RAM2)
                0x00000130        0x4 LONG 0x2008000 ADDR (.bss_RAM3)
                0x00000134        0x4 LONG 0x0 SIZEOF (.bss_RAM3)
                0x00000138                __bss_section_table_end = .
                0x00000138                __section_table_end = .
 *(.after_vectors*)
 .after_vectors
                0x00000138      0x154 ./example/src/cr_startup_lpc15xx.o
                0x00000138                data_init
                0x0000017c                bss_init
                0x000001b4                ResetISR
                0x0000023c                NMI_Handler
                0x00000244                HardFault_Handler
                0x0000024c                MemManage_Handler
                0x00000254                BusFault_Handler
                0x0000025c                UsageFault_Handler
                0x00000264                SVC_Handler
                0x0000026c                DebugMon_Handler
                0x00000274                PendSV_Handler
                0x00000284                UART1_IRQHandler
                0x00000284                RTC_WAKE_IRQHandler
                0x00000284                UART0_IRQHandler
                0x00000284                ADC0_OVR_IRQHandler
                0x00000284                ADC1_THCMP_IRQHandler
                0x00000284                SPI1_IRQHandler
                0x00000284                PIN_INT6_IRQHandler
                0x00000284                IntDefaultHandler
                0x00000284                PIN_INT4_IRQHandler
                0x00000284                CAN_IRQHandler
                0x00000284                RTC_ALARM_IRQHandler
                0x00000284                MRT_IRQHandler
                0x00000284                ADC1_OVR_IRQHandler
                0x00000284                I2C0_IRQHandler
                0x00000284                RIT_IRQHandler
                0x00000284                UART2_IRQHandler
                0x00000284                PIN_INT5_IRQHandler
                0x00000284                SCT1_IRQHandler
                0x00000284                PIN_INT2_IRQHandler
                0x00000284                USB_FIQHandler
                0x00000284                SCT3_IRQHandler
                0x00000284                PIN_INT7_IRQHandler
                0x00000284                PIN_INT1_IRQHandler
                0x00000284                BOD_IRQHandler
                0x00000284                ADC0B_IRQHandler
                0x00000284                ACMP0_IRQHandler
                0x00000284                ADC1B_IRQHandler
                0x00000284                WDT_IRQHandler
                0x00000284                SCT2_IRQHandler
                0x00000284                PIN_INT0_IRQHandler
                0x00000284                QEI_IRQHandler
                0x00000284                ACMP3_IRQHandler
                0x00000284                GINT0_IRQHandler
                0x00000284                DAC_IRQHandler
                0x00000284                SPI0_IRQHandler
                0x00000284                EEPROM_IRQHandler
                0x00000284                ACMP2_IRQHandler
                0x00000284                USBWakeup_IRQHandler
                0x00000284                DMA_IRQHandler
                0x00000284                PIN_INT3_IRQHandler
                0x00000284                ACMP1_IRQHandler
                0x00000284                SCT0_IRQHandler
                0x00000284                ADC0A_IRQHandler
                0x00000284                FMC_IRQHandler
                0x00000284                GINT1_IRQHandler
                0x00000284                ADC0_THCMP_IRQHandler
 *(.text*)
 .text.NVIC_EnableIRQ
                0x0000028c       0x30 ./example/src/adc.o
 .text.NVIC_SetPriority
                0x000002bc       0x54 ./example/src/adc.o
 .text.SysTick_Config
                0x00000310       0x44 ./example/src/adc.o
 .text.Chip_IOCON_PinMuxSet
                0x00000354       0x2c ./example/src/adc.o
 .text.Chip_ADC_IsCalibrationDone
                0x00000380       0x24 ./example/src/adc.o
 .text.Chip_ADC_SetupSequencer
                0x000003a4       0x24 ./example/src/adc.o
 .text.Chip_ADC_EnableSequencer
                0x000003c8       0x24 ./example/src/adc.o
 .text.Chip_ADC_StartSequencer
                0x000003ec       0x24 ./example/src/adc.o
 .text.Chip_ADC_GetDataReg
                0x00000410       0x20 ./example/src/adc.o
 .text.Chip_ADC_SetThrLowValue
                0x00000430       0x28 ./example/src/adc.o
 .text.Chip_ADC_SetThrHighValue
                0x00000458       0x28 ./example/src/adc.o
 .text.Chip_ADC_GetFlags
                0x00000480       0x18 ./example/src/adc.o
 .text.Chip_ADC_ClearFlags
                0x00000498       0x1c ./example/src/adc.o
 .text.Chip_ADC_SetTrim
                0x000004b4       0x1c ./example/src/adc.o
 .text.USB_IRQHandler
                0x000004d0       0x20 ./example/src/adc.o
                0x000004d0                USB_IRQHandler
 .text.showValudeADC
                0x000004f0       0x74 ./example/src/adc.o
                0x000004f0                showValudeADC
 .text.SysTick_Handler
                0x00000564       0x30 ./example/src/adc.o
                0x00000564                SysTick_Handler
 .text.ADC1A_IRQHandler
                0x00000594       0x38 ./example/src/adc.o
                0x00000594                ADC1A_IRQHandler
 .text.main     0x000005cc      0x1bc ./example/src/adc.o
                0x000005cc                main
 .text.USB_IsConfigured
                0x00000788       0x28 ./example/src/hid_mouse.o
 .text.Mouse_UpdateReport
                0x000007b0       0x1c ./example/src/hid_mouse.o
 .text.Mouse_GetReport
                0x000007cc       0x48 ./example/src/hid_mouse.o
 .text.Mouse_SetReport
                0x00000814       0x38 ./example/src/hid_mouse.o
 .text.Mouse_EpIN_Hdlr
                0x0000084c       0x2c ./example/src/hid_mouse.o
 .text.Mouse_Init
                0x00000878       0xbc ./example/src/hid_mouse.o
                0x00000878                Mouse_Init
 .text.Mouse_Tasks
                0x00000934       0x64 ./example/src/hid_mouse.o
                0x00000934                Mouse_Tasks
 .text.SystemInit
                0x00000998        0xc ./example/src/sysinit.o
                0x00000998                SystemInit
 .text.Chip_IOCON_PinMuxSet
                0x000009a4       0x2c C:\Users\Bobasek\Documents\LPCXpresso_8.2.2_650\workspace\lpc_board_nxp_lpcxpresso_1549\Debug\liblpc_board_nxp_lpcxpresso_1549.a(board.o)
 .text.Chip_SWM_MovablePortPinAssign
                0x000009d0       0x30 C:\Users\Bobasek\Documents\LPCXpresso_8.2.2_650\workspace\lpc_board_nxp_lpcxpresso_1549\Debug\liblpc_board_nxp_lpcxpresso_1549.a(board.o)
 .text.Chip_GPIO_SetPinState
                0x00000a00       0x38 C:\Users\Bobasek\Documents\LPCXpresso_8.2.2_650\workspace\lpc_board_nxp_lpcxpresso_1549\Debug\liblpc_board_nxp_lpcxpresso_1549.a(board.o)
 .text.Chip_GPIO_SetPinDIROutput
                0x00000a38       0x3c C:\Users\Bobasek\Documents\LPCXpresso_8.2.2_650\workspace\lpc_board_nxp_lpcxpresso_1549\Debug\liblpc_board_nxp_lpcxpresso_1549.a(board.o)
 .text.Chip_GPIO_SetPinDIRInput
                0x00000a74       0x40 C:\Users\Bobasek\Documents\LPCXpresso_8.2.2_650\workspace\lpc_board_nxp_lpcxpresso_1549\Debug\liblpc_board_nxp_lpcxpresso_1549.a(board.o)
 .text.Chip_UART_Enable
                0x00000ab4       0x20 C:\Users\Bobasek\Documents\LPCXpresso_8.2.2_650\workspace\lpc_board_nxp_lpcxpresso_1549\Debug\liblpc_board_nxp_lpcxpresso_1549.a(board.o)
 .text.Chip_UART_TXEnable
                0x00000ad4       0x20 C:\Users\Bobasek\Documents\LPCXpresso_8.2.2_650\workspace\lpc_board_nxp_lpcxpresso_1549\Debug\liblpc_board_nxp_lpcxpresso_1549.a(board.o)
 .text.Chip_UART_ConfigData
                0x00000af4       0x28 C:\Users\Bobasek\Documents\LPCXpresso_8.2.2_650\workspace\lpc_board_nxp_lpcxpresso_1549\Debug\liblpc_board_nxp_lpcxpresso_1549.a(board.o)
 .text.__sys_write
                0x00000b1c       0x38 C:\Users\Bobasek\Documents\LPCXpresso_8.2.2_650\workspace\lpc_board_nxp_lpcxpresso_1549\Debug\liblpc_board_nxp_lpcxpresso_1549.a(board.o)
                0x00000b1c                __sys_write
 .text.Board_UARTPutChar
                0x00000b54       0x24 C:\Users\Bobasek\Documents\LPCXpresso_8.2.2_650\workspace\lpc_board_nxp_lpcxpresso_1549\Debug\liblpc_board_nxp_lpcxpresso_1549.a(board.o)
                0x00000b54                Board_UARTPutChar
 .text.Board_UARTPutSTR
                0x00000b78       0x28 C:\Users\Bobasek\Documents\LPCXpresso_8.2.2_650\workspace\lpc_board_nxp_lpcxpresso_1549\Debug\liblpc_board_nxp_lpcxpresso_1549.a(board.o)
                0x00000b78                Board_UARTPutSTR
 .text.Board_Debug_Init
                0x00000ba0       0x70 C:\Users\Bobasek\Documents\LPCXpresso_8.2.2_650\workspace\lpc_board_nxp_lpcxpresso_1549\Debug\liblpc_board_nxp_lpcxpresso_1549.a(board.o)
                0x00000ba0                Board_Debug_Init
 .text.Board_LED_Init
                0x00000c10       0x5c C:\Users\Bobasek\Documents\LPCXpresso_8.2.2_650\workspace\lpc_board_nxp_lpcxpresso_1549\Debug\liblpc_board_nxp_lpcxpresso_1549.a(board.o)
 .text.Board_Init
                0x00000c6c       0x18 C:\Users\Bobasek\Documents\LPCXpresso_8.2.2_650\workspace\lpc_board_nxp_lpcxpresso_1549\Debug\liblpc_board_nxp_lpcxpresso_1549.a(board.o)
                0x00000c6c                Board_Init
 .text.Board_Joystick_Init
                0x00000c84       0x44 C:\Users\Bobasek\Documents\LPCXpresso_8.2.2_650\workspace\lpc_board_nxp_lpcxpresso_1549\Debug\liblpc_board_nxp_lpcxpresso_1549.a(board.o)
                0x00000c84                Board_Joystick_Init
 .text.Chip_SYSCTL_PeriphReset
                0x00000cc8       0x24 C:\Users\Bobasek\Documents\LPCXpresso_8.2.2_650\workspace\lpc_board_nxp_lpcxpresso_1549\Debug\liblpc_board_nxp_lpcxpresso_1549.a(board_sysinit.o)
 .text.Chip_Clock_SetUSBPLLSource
                0x00000cec       0x20 C:\Users\Bobasek\Documents\LPCXpresso_8.2.2_650\workspace\lpc_board_nxp_lpcxpresso_1549\Debug\liblpc_board_nxp_lpcxpresso_1549.a(board_sysinit.o)
 .text.Chip_Clock_SetupUSBPLL
                0x00000d0c       0x34 C:\Users\Bobasek\Documents\LPCXpresso_8.2.2_650\workspace\lpc_board_nxp_lpcxpresso_1549\Debug\liblpc_board_nxp_lpcxpresso_1549.a(board_sysinit.o)
 .text.Chip_Clock_IsUSBPLLLocked
                0x00000d40       0x24 C:\Users\Bobasek\Documents\LPCXpresso_8.2.2_650\workspace\lpc_board_nxp_lpcxpresso_1549\Debug\liblpc_board_nxp_lpcxpresso_1549.a(board_sysinit.o)
 .text.Chip_Clock_SetSysTickClockDiv
                0x00000d64       0x20 C:\Users\Bobasek\Documents\LPCXpresso_8.2.2_650\workspace\lpc_board_nxp_lpcxpresso_1549\Debug\liblpc_board_nxp_lpcxpresso_1549.a(board_sysinit.o)
 .text.Chip_SWM_MovablePortPinAssign
                0x00000d84       0x30 C:\Users\Bobasek\Documents\LPCXpresso_8.2.2_650\workspace\lpc_board_nxp_lpcxpresso_1549\Debug\liblpc_board_nxp_lpcxpresso_1549.a(board_sysinit.o)
 .text.Board_SetupMuxing
                0x00000db4       0x80 C:\Users\Bobasek\Documents\LPCXpresso_8.2.2_650\workspace\lpc_board_nxp_lpcxpresso_1549\Debug\liblpc_board_nxp_lpcxpresso_1549.a(board_sysinit.o)
                0x00000db4                Board_SetupMuxing
 .text.Board_SetupClocking
                0x00000e34       0x3c C:\Users\Bobasek\Documents\LPCXpresso_8.2.2_650\workspace\lpc_board_nxp_lpcxpresso_1549\Debug\liblpc_board_nxp_lpcxpresso_1549.a(board_sysinit.o)
                0x00000e34                Board_SetupClocking
 .text.Board_SystemInit
                0x00000e70       0x1c C:\Users\Bobasek\Documents\LPCXpresso_8.2.2_650\workspace\lpc_board_nxp_lpcxpresso_1549\Debug\liblpc_board_nxp_lpcxpresso_1549.a(board_sysinit.o)
                0x00000e70                Board_SystemInit
 .text.Chip_SYSCTL_PeriphReset
                0x00000e8c       0x24 C:\Users\Bobasek\Documents\LPCXpresso_8.2.2_650\workspace\lpc_chip_15xx\Debug\liblpc_chip_15xx.a(adc_15xx.o)
 .text.Chip_ADC_SetDivider
                0x00000eb0       0x2c C:\Users\Bobasek\Documents\LPCXpresso_8.2.2_650\workspace\lpc_chip_15xx\Debug\liblpc_chip_15xx.a(adc_15xx.o)
 .text.Chip_ADC_SetIntBits
                0x00000edc       0x28 C:\Users\Bobasek\Documents\LPCXpresso_8.2.2_650\workspace\lpc_chip_15xx\Debug\liblpc_chip_15xx.a(adc_15xx.o)
                0x00000edc                Chip_ADC_SetIntBits
 .text.Chip_ADC_ClearIntBits
                0x00000f04       0x2c C:\Users\Bobasek\Documents\LPCXpresso_8.2.2_650\workspace\lpc_chip_15xx\Debug\liblpc_chip_15xx.a(adc_15xx.o)
                0x00000f04                Chip_ADC_ClearIntBits
 .text.Chip_ADC_ClearTHRSELBits
                0x00000f30       0x2c C:\Users\Bobasek\Documents\LPCXpresso_8.2.2_650\workspace\lpc_chip_15xx\Debug\liblpc_chip_15xx.a(adc_15xx.o)
                0x00000f30                Chip_ADC_ClearTHRSELBits
 .text.Chip_ADC_Init
                0x00000f5c       0x50 C:\Users\Bobasek\Documents\LPCXpresso_8.2.2_650\workspace\lpc_chip_15xx\Debug\liblpc_chip_15xx.a(adc_15xx.o)
                0x00000f5c                Chip_ADC_Init
 .text.Chip_ADC_SetClockRate
                0x00000fac       0x3c C:\Users\Bobasek\Documents\LPCXpresso_8.2.2_650\workspace\lpc_chip_15xx\Debug\liblpc_chip_15xx.a(adc_15xx.o)
                0x00000fac                Chip_ADC_SetClockRate
 .text.Chip_ADC_StartCalibration
                0x00000fe8       0x40 C:\Users\Bobasek\Documents\LPCXpresso_8.2.2_650\workspace\lpc_chip_15xx\Debug\liblpc_chip_15xx.a(adc_15xx.o)
                0x00000fe8                Chip_ADC_StartCalibration
 .text.Chip_ADC_SetSequencerBits
                0x00001028       0x38 C:\Users\Bobasek\Documents\LPCXpresso_8.2.2_650\workspace\lpc_chip_15xx\Debug\liblpc_chip_15xx.a(adc_15xx.o)
                0x00001028                Chip_ADC_SetSequencerBits
 .text.Chip_ADC_EnableInt
                0x00001060       0x1c C:\Users\Bobasek\Documents\LPCXpresso_8.2.2_650\workspace\lpc_chip_15xx\Debug\liblpc_chip_15xx.a(adc_15xx.o)
                0x00001060                Chip_ADC_EnableInt
 .text.Chip_ADC_SetThresholdInt
                0x0000107c       0x40 C:\Users\Bobasek\Documents\LPCXpresso_8.2.2_650\workspace\lpc_chip_15xx\Debug\liblpc_chip_15xx.a(adc_15xx.o)
                0x0000107c                Chip_ADC_SetThresholdInt
 .text.Chip_ADC_SelectTH0Channels
                0x000010bc       0x1c C:\Users\Bobasek\Documents\LPCXpresso_8.2.2_650\workspace\lpc_chip_15xx\Debug\liblpc_chip_15xx.a(adc_15xx.o)
                0x000010bc                Chip_ADC_SelectTH0Channels
 .text.Chip_SYSCTL_PeriphReset
                0x000010d8       0x24 C:\Users\Bobasek\Documents\LPCXpresso_8.2.2_650\workspace\lpc_chip_15xx\Debug\liblpc_chip_15xx.a(chip_15xx.o)
 .text.Chip_Clock_SetUSBClockSource
                0x000010fc       0x2c C:\Users\Bobasek\Documents\LPCXpresso_8.2.2_650\workspace\lpc_chip_15xx\Debug\liblpc_chip_15xx.a(chip_15xx.o)
 .text.Chip_Clock_SetUSBPLLSource
                0x00001128       0x20 C:\Users\Bobasek\Documents\LPCXpresso_8.2.2_650\workspace\lpc_chip_15xx\Debug\liblpc_chip_15xx.a(chip_15xx.o)
 .text.Chip_Clock_SetupUSBPLL
                0x00001148       0x34 C:\Users\Bobasek\Documents\LPCXpresso_8.2.2_650\workspace\lpc_chip_15xx\Debug\liblpc_chip_15xx.a(chip_15xx.o)
 .text.Chip_Clock_IsUSBPLLLocked
                0x0000117c       0x24 C:\Users\Bobasek\Documents\LPCXpresso_8.2.2_650\workspace\lpc_chip_15xx\Debug\liblpc_chip_15xx.a(chip_15xx.o)
 .text.SystemCoreClockUpdate
                0x000011a0       0x18 C:\Users\Bobasek\Documents\LPCXpresso_8.2.2_650\workspace\lpc_chip_15xx\Debug\liblpc_chip_15xx.a(chip_15xx.o)
                0x000011a0                SystemCoreClockUpdate
 .text.Chip_USB_Init
                0x000011b8       0x4c C:\Users\Bobasek\Documents\LPCXpresso_8.2.2_650\workspace\lpc_chip_15xx\Debug\liblpc_chip_15xx.a(chip_15xx.o)
                0x000011b8                Chip_USB_Init
 .text.Chip_Clock_SetMain_A_ClockSource
                0x00001204       0x20 C:\Users\Bobasek\Documents\LPCXpresso_8.2.2_650\workspace\lpc_chip_15xx\Debug\liblpc_chip_15xx.a(clock_15xx.o)
 .text.Chip_Clock_GetMain_A_ClockSource
                0x00001224       0x18 C:\Users\Bobasek\Documents\LPCXpresso_8.2.2_650\workspace\lpc_chip_15xx\Debug\liblpc_chip_15xx.a(clock_15xx.o)
 .text.Chip_Clock_SetMain_B_ClockSource
                0x0000123c       0x20 C:\Users\Bobasek\Documents\LPCXpresso_8.2.2_650\workspace\lpc_chip_15xx\Debug\liblpc_chip_15xx.a(clock_15xx.o)
 .text.Chip_Clock_GetMain_B_ClockSource
                0x0000125c       0x18 C:\Users\Bobasek\Documents\LPCXpresso_8.2.2_650\workspace\lpc_chip_15xx\Debug\liblpc_chip_15xx.a(clock_15xx.o)
 .text.Chip_Clock_GetSysTickClockDiv
                0x00001274       0x18 C:\Users\Bobasek\Documents\LPCXpresso_8.2.2_650\workspace\lpc_chip_15xx\Debug\liblpc_chip_15xx.a(clock_15xx.o)
 .text.Chip_Clock_SetUARTFRGDivider
                0x0000128c       0x20 C:\Users\Bobasek\Documents\LPCXpresso_8.2.2_650\workspace\lpc_chip_15xx\Debug\liblpc_chip_15xx.a(clock_15xx.o)
 .text.Chip_Clock_GetUARTFRGDivider
                0x000012ac       0x18 C:\Users\Bobasek\Documents\LPCXpresso_8.2.2_650\workspace\lpc_chip_15xx\Debug\liblpc_chip_15xx.a(clock_15xx.o)
 .text.Chip_Clock_GetMainOscRate
                0x000012c4       0x14 C:\Users\Bobasek\Documents\LPCXpresso_8.2.2_650\workspace\lpc_chip_15xx\Debug\liblpc_chip_15xx.a(clock_15xx.o)
 .text.Chip_Clock_GetIntOscRate
                0x000012d8       0x14 C:\Users\Bobasek\Documents\LPCXpresso_8.2.2_650\workspace\lpc_chip_15xx\Debug\liblpc_chip_15xx.a(clock_15xx.o)
 .text.Chip_Clock_GetRTCOscRate
                0x000012ec       0x14 C:\Users\Bobasek\Documents\LPCXpresso_8.2.2_650\workspace\lpc_chip_15xx\Debug\liblpc_chip_15xx.a(clock_15xx.o)
 .text.Chip_Clock_GetWDTOSCRate
                0x00001300       0x14 C:\Users\Bobasek\Documents\LPCXpresso_8.2.2_650\workspace\lpc_chip_15xx\Debug\liblpc_chip_15xx.a(clock_15xx.o)
 .text.Chip_Clock_GetPLLFreq
                0x00001314       0x28 C:\Users\Bobasek\Documents\LPCXpresso_8.2.2_650\workspace\lpc_chip_15xx\Debug\liblpc_chip_15xx.a(clock_15xx.o)
 .text.Chip_Clock_GetPLLInClockRate
                0x0000133c       0x38 C:\Users\Bobasek\Documents\LPCXpresso_8.2.2_650\workspace\lpc_chip_15xx\Debug\liblpc_chip_15xx.a(clock_15xx.o)
 .text.Chip_Clock_GetSystemPLLInClockRate
                0x00001374       0x1c C:\Users\Bobasek\Documents\LPCXpresso_8.2.2_650\workspace\lpc_chip_15xx\Debug\liblpc_chip_15xx.a(clock_15xx.o)
                0x00001374                Chip_Clock_GetSystemPLLInClockRate
 .text.Chip_Clock_GetSystemPLLOutClockRate
                0x00001390       0x24 C:\Users\Bobasek\Documents\LPCXpresso_8.2.2_650\workspace\lpc_chip_15xx\Debug\liblpc_chip_15xx.a(clock_15xx.o)
                0x00001390                Chip_Clock_GetSystemPLLOutClockRate
 .text.Chip_Clock_GetMain_A_ClockRate
                0x000013b4       0x44 C:\Users\Bobasek\Documents\LPCXpresso_8.2.2_650\workspace\lpc_chip_15xx\Debug\liblpc_chip_15xx.a(clock_15xx.o)
                0x000013b4                Chip_Clock_GetMain_A_ClockRate
 .text.Chip_Clock_GetMain_B_ClockRate
                0x000013f8       0x58 C:\Users\Bobasek\Documents\LPCXpresso_8.2.2_650\workspace\lpc_chip_15xx\Debug\liblpc_chip_15xx.a(clock_15xx.o)
                0x000013f8                Chip_Clock_GetMain_B_ClockRate
 .text.Chip_Clock_SetMainClockSource
                0x00001450       0x3c C:\Users\Bobasek\Documents\LPCXpresso_8.2.2_650\workspace\lpc_chip_15xx\Debug\liblpc_chip_15xx.a(clock_15xx.o)
                0x00001450                Chip_Clock_SetMainClockSource
 .text.Chip_Clock_GetMainClockRate
                0x0000148c       0x28 C:\Users\Bobasek\Documents\LPCXpresso_8.2.2_650\workspace\lpc_chip_15xx\Debug\liblpc_chip_15xx.a(clock_15xx.o)
                0x0000148c                Chip_Clock_GetMainClockRate
 .text.Chip_Clock_EnablePeriphClock
                0x000014b4       0x54 C:\Users\Bobasek\Documents\LPCXpresso_8.2.2_650\workspace\lpc_chip_15xx\Debug\liblpc_chip_15xx.a(clock_15xx.o)
                0x000014b4                Chip_Clock_EnablePeriphClock
 .text.Chip_Clock_GetSysTickClockRate
                0x00001508       0x30 C:\Users\Bobasek\Documents\LPCXpresso_8.2.2_650\workspace\lpc_chip_15xx\Debug\liblpc_chip_15xx.a(clock_15xx.o)
                0x00001508                Chip_Clock_GetSysTickClockRate
 .text.Chip_Clock_GetUARTBaseClockRate
                0x00001538       0x88 C:\Users\Bobasek\Documents\LPCXpresso_8.2.2_650\workspace\lpc_chip_15xx\Debug\liblpc_chip_15xx.a(clock_15xx.o)
                0x00001538                Chip_Clock_GetUARTBaseClockRate
 .text.Chip_Clock_SetUARTBaseClockRate
                0x000015c0       0xa0 C:\Users\Bobasek\Documents\LPCXpresso_8.2.2_650\workspace\lpc_chip_15xx\Debug\liblpc_chip_15xx.a(clock_15xx.o)
                0x000015c0                Chip_Clock_SetUARTBaseClockRate
 .text.Chip_Clock_GetSystemClockRate
                0x00001660       0x1c C:\Users\Bobasek\Documents\LPCXpresso_8.2.2_650\workspace\lpc_chip_15xx\Debug\liblpc_chip_15xx.a(clock_15xx.o)
                0x00001660                Chip_Clock_GetSystemClockRate
 .text.Chip_SYSCTL_PeriphReset
                0x0000167c       0x24 C:\Users\Bobasek\Documents\LPCXpresso_8.2.2_650\workspace\lpc_chip_15xx\Debug\liblpc_chip_15xx.a(gpio_15xx.o)
 .text.Chip_GPIO_Init
                0x000016a0       0x30 C:\Users\Bobasek\Documents\LPCXpresso_8.2.2_650\workspace\lpc_chip_15xx\Debug\liblpc_chip_15xx.a(gpio_15xx.o)
                0x000016a0                Chip_GPIO_Init
 .text.Chip_IOCON_PinMuxSet
                0x000016d0       0x2c C:\Users\Bobasek\Documents\LPCXpresso_8.2.2_650\workspace\lpc_chip_15xx\Debug\liblpc_chip_15xx.a(iocon_15xx.o)
 .text.Chip_IOCON_SetPinMuxing
                0x000016fc       0x50 C:\Users\Bobasek\Documents\LPCXpresso_8.2.2_650\workspace\lpc_chip_15xx\Debug\liblpc_chip_15xx.a(iocon_15xx.o)
                0x000016fc                Chip_IOCON_SetPinMuxing
 .text.Chip_SWM_MovablePinAssign
                0x0000174c       0x5c C:\Users\Bobasek\Documents\LPCXpresso_8.2.2_650\workspace\lpc_chip_15xx\Debug\liblpc_chip_15xx.a(swm_15xx.o)
                0x0000174c                Chip_SWM_MovablePinAssign
 .text.Chip_SWM_EnableFixedPin
                0x000017a8       0x48 C:\Users\Bobasek\Documents\LPCXpresso_8.2.2_650\workspace\lpc_chip_15xx\Debug\liblpc_chip_15xx.a(swm_15xx.o)
                0x000017a8                Chip_SWM_EnableFixedPin
 .text.Chip_SYSCTL_AssertPeriphReset
                0x000017f0       0x48 C:\Users\Bobasek\Documents\LPCXpresso_8.2.2_650\workspace\lpc_chip_15xx\Debug\liblpc_chip_15xx.a(sysctl_15xx.o)
                0x000017f0                Chip_SYSCTL_AssertPeriphReset
 .text.Chip_SYSCTL_DeassertPeriphReset
                0x00001838       0x4c C:\Users\Bobasek\Documents\LPCXpresso_8.2.2_650\workspace\lpc_chip_15xx\Debug\liblpc_chip_15xx.a(sysctl_15xx.o)
                0x00001838                Chip_SYSCTL_DeassertPeriphReset
 .text.Chip_SYSCTL_PowerDown
                0x00001884       0x40 C:\Users\Bobasek\Documents\LPCXpresso_8.2.2_650\workspace\lpc_chip_15xx\Debug\liblpc_chip_15xx.a(sysctl_15xx.o)
                0x00001884                Chip_SYSCTL_PowerDown
 .text.Chip_SYSCTL_PowerUp
                0x000018c4       0x40 C:\Users\Bobasek\Documents\LPCXpresso_8.2.2_650\workspace\lpc_chip_15xx\Debug\liblpc_chip_15xx.a(sysctl_15xx.o)
                0x000018c4                Chip_SYSCTL_PowerUp
 .text.Chip_FMC_SetFLASHAccess
                0x00001904       0x38 C:\Users\Bobasek\Documents\LPCXpresso_8.2.2_650\workspace\lpc_chip_15xx\Debug\liblpc_chip_15xx.a(sysinit_15xx.o)
 .text.Chip_Clock_SetSystemPLLSource
                0x0000193c       0x20 C:\Users\Bobasek\Documents\LPCXpresso_8.2.2_650\workspace\lpc_chip_15xx\Debug\liblpc_chip_15xx.a(sysinit_15xx.o)
 .text.Chip_Clock_SetupSystemPLL
                0x0000195c       0x34 C:\Users\Bobasek\Documents\LPCXpresso_8.2.2_650\workspace\lpc_chip_15xx\Debug\liblpc_chip_15xx.a(sysinit_15xx.o)
 .text.Chip_Clock_IsSystemPLLLocked
                0x00001990       0x24 C:\Users\Bobasek\Documents\LPCXpresso_8.2.2_650\workspace\lpc_chip_15xx\Debug\liblpc_chip_15xx.a(sysinit_15xx.o)
 .text.Chip_Clock_SetSysClockDiv
                0x000019b4       0x20 C:\Users\Bobasek\Documents\LPCXpresso_8.2.2_650\workspace\lpc_chip_15xx\Debug\liblpc_chip_15xx.a(sysinit_15xx.o)
 .text.Chip_SetupXtalClocking
                0x000019d4       0x6c C:\Users\Bobasek\Documents\LPCXpresso_8.2.2_650\workspace\lpc_chip_15xx\Debug\liblpc_chip_15xx.a(sysinit_15xx.o)
                0x000019d4                Chip_SetupXtalClocking
 .text.Chip_SYSCTL_PeriphReset
                0x00001a40       0x24 C:\Users\Bobasek\Documents\LPCXpresso_8.2.2_650\workspace\lpc_chip_15xx\Debug\liblpc_chip_15xx.a(uart_15xx.o)
 .text.Chip_UART_SendByte
                0x00001a64       0x1c C:\Users\Bobasek\Documents\LPCXpresso_8.2.2_650\workspace\lpc_chip_15xx\Debug\liblpc_chip_15xx.a(uart_15xx.o)
 .text.Chip_UART_GetStatus
                0x00001a80       0x18 C:\Users\Bobasek\Documents\LPCXpresso_8.2.2_650\workspace\lpc_chip_15xx\Debug\liblpc_chip_15xx.a(uart_15xx.o)
 .text.getUARTClockID
                0x00001a98       0x34 C:\Users\Bobasek\Documents\LPCXpresso_8.2.2_650\workspace\lpc_chip_15xx\Debug\liblpc_chip_15xx.a(uart_15xx.o)
 .text.Chip_UART_Init
                0x00001acc       0x4c C:\Users\Bobasek\Documents\LPCXpresso_8.2.2_650\workspace\lpc_chip_15xx\Debug\liblpc_chip_15xx.a(uart_15xx.o)
                0x00001acc                Chip_UART_Init
 .text.Chip_UART_Send
                0x00001b18       0x50 C:\Users\Bobasek\Documents\LPCXpresso_8.2.2_650\workspace\lpc_chip_15xx\Debug\liblpc_chip_15xx.a(uart_15xx.o)
                0x00001b18                Chip_UART_Send
 .text.Chip_UART_SendBlocking
                0x00001b68       0x4c C:\Users\Bobasek\Documents\LPCXpresso_8.2.2_650\workspace\lpc_chip_15xx\Debug\liblpc_chip_15xx.a(uart_15xx.o)
                0x00001b68                Chip_UART_SendBlocking
 .text.Chip_UART_SetBaud
                0x00001bb4       0x2c C:\Users\Bobasek\Documents\LPCXpresso_8.2.2_650\workspace\lpc_chip_15xx\Debug\liblpc_chip_15xx.a(uart_15xx.o)
                0x00001bb4                Chip_UART_SetBaud
 .text.__main   0x00001be0       0x14 c:/nxp/lpcxpresso_8.2.2_650/lpcxpresso/tools/bin/../lib/gcc/arm-none-eabi/5.4.1/../../../../arm-none-eabi/lib/armv7-m\libcr_nohost.a(_cr__main.o)
                0x00001be0                __main
 .text.memset   0x00001bf4        0x4 c:/nxp/lpcxpresso_8.2.2_650/lpcxpresso/tools/bin/../lib/gcc/arm-none-eabi/5.4.1/../../../../arm-none-eabi/lib/armv7-m\libcr_c.a(memset.o)
                0x00001bf4                memset
 .text.fp_round
                0x00001bf8       0x4c c:/nxp/lpcxpresso_8.2.2_650/lpcxpresso/tools/bin/../lib/gcc/arm-none-eabi/5.4.1/../../../../arm-none-eabi/lib/armv7-m\libcr_c.a(fpprintf.o)
 .text.pr_dec.constprop.1
                0x00001c44       0x26 c:/nxp/lpcxpresso_8.2.2_650/lpcxpresso/tools/bin/../lib/gcc/arm-none-eabi/5.4.1/../../../../arm-none-eabi/lib/armv7-m\libcr_c.a(fpprintf.o)
 *fill*         0x00001c6a        0x2 ff
 .text.sprintf  0x00001c6c       0x6c c:/nxp/lpcxpresso_8.2.2_650/lpcxpresso/tools/bin/../lib/gcc/arm-none-eabi/5.4.1/../../../../arm-none-eabi/lib/armv7-m\libcr_c.a(fpprintf.o)
                0x00001c6c                sprintf
 .text.fp_display
                0x00001cd8      0x8ec c:/nxp/lpcxpresso_8.2.2_650/lpcxpresso/tools/bin/../lib/gcc/arm-none-eabi/5.4.1/../../../../arm-none-eabi/lib/armv7-m\libcr_c.a(fpprintf.o)
 .text.vsnprintf
                0x000025c4       0x5c c:/nxp/lpcxpresso_8.2.2_650/lpcxpresso/tools/bin/../lib/gcc/arm-none-eabi/5.4.1/../../../../arm-none-eabi/lib/armv7-m\libcr_c.a(fpprintf.o)
                0x000025c4                vsnprintf
 .text.printf   0x00002620       0x54 c:/nxp/lpcxpresso_8.2.2_650/lpcxpresso/tools/bin/../lib/gcc/arm-none-eabi/5.4.1/../../../../arm-none-eabi/lib/armv7-m\libcr_c.a(fpprintf.o)
                0x00002620                printf
 .text._initio  0x00002674       0xa4 c:/nxp/lpcxpresso_8.2.2_650/lpcxpresso/tools/bin/../lib/gcc/arm-none-eabi/5.4.1/../../../../arm-none-eabi/lib/armv7-m\libcr_c.a(initio.o)
                0x00002674                _initio
 .text.__vfprintf
                0x00002718      0xd28 c:/nxp/lpcxpresso_8.2.2_650/lpcxpresso/tools/bin/../lib/gcc/arm-none-eabi/5.4.1/../../../../arm-none-eabi/lib/armv7-m\libcr_c.a(printf.o)
                0x00002718                __vfprintf
 .text.setvbuf  0x00003440       0x40 c:/nxp/lpcxpresso_8.2.2_650/lpcxpresso/tools/bin/../lib/gcc/arm-none-eabi/5.4.1/../../../../arm-none-eabi/lib/armv7-m\libcr_c.a(setvbuf.o)
                0x00003440                setvbuf
 .text.strlen   0x00003480       0x4a c:/nxp/lpcxpresso_8.2.2_650/lpcxpresso/tools/bin/../lib/gcc/arm-none-eabi/5.4.1/../../../../arm-none-eabi/lib/armv7-m\libcr_c.a(strlen.o)
                0x00003480                strlen
 .text._deferredlazyseek
                0x000034ca       0x44 c:/nxp/lpcxpresso_8.2.2_650/lpcxpresso/tools/bin/../lib/gcc/arm-none-eabi/5.4.1/../../../../arm-none-eabi/lib/armv7-m\libcr_c.a(_deferredlazyseek.o)
                0x000034ca                _deferredlazyseek
 .text.__flsbuf
                0x0000350e      0x140 c:/nxp/lpcxpresso_8.2.2_650/lpcxpresso/tools/bin/../lib/gcc/arm-none-eabi/5.4.1/../../../../arm-none-eabi/lib/armv7-m\libcr_c.a(_deferredlazyseek.o)
                0x0000350e                __flsbuf
 .text._fdopen  0x0000364e       0x6a c:/nxp/lpcxpresso_8.2.2_650/lpcxpresso/tools/bin/../lib/gcc/arm-none-eabi/5.4.1/../../../../arm-none-eabi/lib/armv7-m\libcr_c.a(_fdopen.o)
                0x0000364e                _fdopen
 .text._fflush  0x000036b8       0x58 c:/nxp/lpcxpresso_8.2.2_650/lpcxpresso/tools/bin/../lib/gcc/arm-none-eabi/5.4.1/../../../../arm-none-eabi/lib/armv7-m\libcr_c.a(_fflush.o)
                0x000036b8                _fflush
 .text._frexpl  0x00003710       0x5a c:/nxp/lpcxpresso_8.2.2_650/lpcxpresso/tools/bin/../lib/gcc/arm-none-eabi/5.4.1/../../../../arm-none-eabi/lib/armv7-m\libcr_c.a(_frexpl.o)
                0x00003710                _frexpl
 *fill*         0x0000376a        0x2 ff
 .text._ldexpl  0x0000376c       0x4c c:/nxp/lpcxpresso_8.2.2_650/lpcxpresso/tools/bin/../lib/gcc/arm-none-eabi/5.4.1/../../../../arm-none-eabi/lib/armv7-m\libcr_c.a(_ldexpl.o)
                0x0000376c                _ldexpl
 .text._Cwritebuf
                0x000037b8       0x68 c:/nxp/lpcxpresso_8.2.2_650/lpcxpresso/tools/bin/../lib/gcc/arm-none-eabi/5.4.1/../../../../arm-none-eabi/lib/armv7-m\libcr_c.a(_writebuf.o)
                0x000037b8                _Cwritebuf
 .text.malloc   0x00003820       0xc8 c:/nxp/lpcxpresso_8.2.2_650/lpcxpresso/tools/bin/../lib/gcc/arm-none-eabi/5.4.1/../../../../arm-none-eabi/lib/armv7-m\libcr_c.a(alloc.o)
                0x00003820                malloc
 .text.free     0x000038e8       0x30 c:/nxp/lpcxpresso_8.2.2_650/lpcxpresso/tools/bin/../lib/gcc/arm-none-eabi/5.4.1/../../../../arm-none-eabi/lib/armv7-m\libcr_c.a(alloc.o)
                0x000038e8                free
 .text._Csys_alloc
                0x00003918       0x20 c:/nxp/lpcxpresso_8.2.2_650/lpcxpresso/tools/bin/../lib/gcc/arm-none-eabi/5.4.1/../../../../arm-none-eabi/lib/armv7-m\libcr_c.a(alloc.o)
                0x00003918                _Csys_alloc
 .text.fclose   0x00003938       0x6c c:/nxp/lpcxpresso_8.2.2_650/lpcxpresso/tools/bin/../lib/gcc/arm-none-eabi/5.4.1/../../../../arm-none-eabi/lib/armv7-m\libcr_c.a(fclose.o)
                0x00003938                fclose
 .text.fflush   0x000039a4       0x30 c:/nxp/lpcxpresso_8.2.2_650/lpcxpresso/tools/bin/../lib/gcc/arm-none-eabi/5.4.1/../../../../arm-none-eabi/lib/armv7-m\libcr_c.a(fflush.o)
                0x000039a4                fflush
 .text.fseek    0x000039d4      0x110 c:/nxp/lpcxpresso_8.2.2_650/lpcxpresso/tools/bin/../lib/gcc/arm-none-eabi/5.4.1/../../../../arm-none-eabi/lib/armv7-m\libcr_c.a(fseek.o)
                0x000039d4                fseek
 .text.ftell    0x00003ae4       0x4c c:/nxp/lpcxpresso_8.2.2_650/lpcxpresso/tools/bin/../lib/gcc/arm-none-eabi/5.4.1/../../../../arm-none-eabi/lib/armv7-m\libcr_c.a(ftell.o)
                0x00003ae4                ftell
 .text.remove   0x00003b30       0x14 c:/nxp/lpcxpresso_8.2.2_650/lpcxpresso/tools/bin/../lib/gcc/arm-none-eabi/5.4.1/../../../../arm-none-eabi/lib/armv7-m\libcr_c.a(remove.o)
                0x00003b30                remove
 .text._sbrk    0x00003b44       0x40 c:/nxp/lpcxpresso_8.2.2_650/lpcxpresso/tools/bin/../lib/gcc/arm-none-eabi/5.4.1/../../../../arm-none-eabi/lib/armv7-m\libcr_c.a(_cr_sbrk.o)
                0x00003b44                _sbrk
 .text._do_fflush
                0x00003b84       0x44 c:/nxp/lpcxpresso_8.2.2_650/lpcxpresso/tools/bin/../lib/gcc/arm-none-eabi/5.4.1/../../../../arm-none-eabi/lib/armv7-m\libcr_c.a(_do_fflush.o)
                0x00003b84                _do_fflush
 .text.__check_heap_overflow
                0x00003bc8       0x18 c:/nxp/lpcxpresso_8.2.2_650/lpcxpresso/tools/bin/../lib/gcc/arm-none-eabi/5.4.1/../../../../arm-none-eabi/lib/armv7-m\libcr_c.a(_cr_check_heap.o)
                0x00003bc8                __check_heap_overflow
 .text.__aeabi_division_uldivmod
                0x00003be0      0x174 c:/nxp/lpcxpresso_8.2.2_650/lpcxpresso/tools/bin/../lib/gcc/arm-none-eabi/5.4.1/armv7-m\libcr_eabihelpers.a(division_64.o)
                0x00003be0                __aeabi_uldivmod
                0x00003be4                __bhs_ldivmod1
 .text.__aeabi_division_idiv0
                0x00003d54        0x2 c:/nxp/lpcxpresso_8.2.2_650/lpcxpresso/tools/bin/../lib/gcc/arm-none-eabi/5.4.1/armv7-m\libcr_eabihelpers.a(division_idiv0.o)
                0x00003d54                __aeabi_idiv0
 *fill*         0x00003d56        0x2 ff
 .text.__aeabi_dmul
                0x00003d58      0x110 c:/nxp/lpcxpresso_8.2.2_650/lpcxpresso/tools/bin/../lib/gcc/arm-none-eabi/5.4.1/armv7-m\libcr_eabihelpers.a(double.o)
                0x00003d58                __aeabi_dmul
 .text.__aeabi_ddiv
                0x00003e68      0x138 c:/nxp/lpcxpresso_8.2.2_650/lpcxpresso/tools/bin/../lib/gcc/arm-none-eabi/5.4.1/armv7-m\libcr_eabihelpers.a(double.o)
                0x00003e68                __aeabi_ddiv
 .text.__aeabi_dsub
                0x00003fa0      0x1a0 c:/nxp/lpcxpresso_8.2.2_650/lpcxpresso/tools/bin/../lib/gcc/arm-none-eabi/5.4.1/armv7-m\libcr_eabihelpers.a(double.o)
                0x00003fa0                __aeabi_dsub
 .text.__aeabi_dadd
                0x00004140      0x10c c:/nxp/lpcxpresso_8.2.2_650/lpcxpresso/tools/bin/../lib/gcc/arm-none-eabi/5.4.1/armv7-m\libcr_eabihelpers.a(double.o)
                0x00004140                __aeabi_dadd
 .text.__aeabi_d2iz
                0x0000424c       0x40 c:/nxp/lpcxpresso_8.2.2_650/lpcxpresso/tools/bin/../lib/gcc/arm-none-eabi/5.4.1/armv7-m\libcr_eabihelpers.a(double.o)
                0x0000424c                __aeabi_d2iz
 .text.__bhs_ui2d
                0x0000428c       0x46 c:/nxp/lpcxpresso_8.2.2_650/lpcxpresso/tools/bin/../lib/gcc/arm-none-eabi/5.4.1/armv7-m\libcr_eabihelpers.a(double.o)
                0x0000428c                __bhs_ui2d
 .text.__aeabi_i2d
                0x000042d2       0x10 c:/nxp/lpcxpresso_8.2.2_650/lpcxpresso/tools/bin/../lib/gcc/arm-none-eabi/5.4.1/armv7-m\libcr_eabihelpers.a(double.o)
                0x000042d2                __aeabi_i2d
 .text.__aeabi_dcmpeq
                0x000042e2       0x2c c:/nxp/lpcxpresso_8.2.2_650/lpcxpresso/tools/bin/../lib/gcc/arm-none-eabi/5.4.1/armv7-m\libcr_eabihelpers.a(double.o)
                0x000042e2                __aeabi_dcmpeq
 .text.__aeabi_dcmplt
                0x0000430e       0x54 c:/nxp/lpcxpresso_8.2.2_650/lpcxpresso/tools/bin/../lib/gcc/arm-none-eabi/5.4.1/armv7-m\libcr_eabihelpers.a(double.o)
                0x0000430e                __aeabi_dcmplt
 .text.__aeabi_dcmple
                0x00004362       0x54 c:/nxp/lpcxpresso_8.2.2_650/lpcxpresso/tools/bin/../lib/gcc/arm-none-eabi/5.4.1/armv7-m\libcr_eabihelpers.a(double.o)
                0x00004362                __aeabi_dcmple
 .text.__aeabi_dcmpge
                0x000043b6       0x54 c:/nxp/lpcxpresso_8.2.2_650/lpcxpresso/tools/bin/../lib/gcc/arm-none-eabi/5.4.1/armv7-m\libcr_eabihelpers.a(double.o)
                0x000043b6                __aeabi_dcmpge
 .text.__aeabi_memset_lowlevel
                0x0000440a       0x32 c:/nxp/lpcxpresso_8.2.2_650/lpcxpresso/tools/bin/../lib/gcc/arm-none-eabi/5.4.1/armv7-m\libcr_eabihelpers.a(memcpy.o)
                0x0000440a                __aeabi_lowlevel_memset
 .text.__sys_appexit
                0x0000443c        0x2 c:/nxp/lpcxpresso_8.2.2_650/lpcxpresso/tools/bin/../lib/gcc/arm-none-eabi/5.4.1/../../../../arm-none-eabi/lib/armv7-m\libcr_nohost.a(__sys_appexit.o)
                0x0000443c                __sys_appexit
                0x0000443c                __exit
 .text.__sys_close
                0x0000443e        0x6 c:/nxp/lpcxpresso_8.2.2_650/lpcxpresso/tools/bin/../lib/gcc/arm-none-eabi/5.4.1/../../../../arm-none-eabi/lib/armv7-m\libcr_nohost.a(__sys_close.o)
                0x0000443e                __sys_close
 .text.__sys_flen
                0x00004444        0x6 c:/nxp/lpcxpresso_8.2.2_650/lpcxpresso/tools/bin/../lib/gcc/arm-none-eabi/5.4.1/../../../../arm-none-eabi/lib/armv7-m\libcr_nohost.a(__sys_flen.o)
                0x00004444                __sys_flen
 .text.__sys_istty
                0x0000444a        0x6 c:/nxp/lpcxpresso_8.2.2_650/lpcxpresso/tools/bin/../lib/gcc/arm-none-eabi/5.4.1/../../../../arm-none-eabi/lib/armv7-m\libcr_nohost.a(__sys_istty.o)
                0x0000444a                __sys_istty
 .text.__sys_remove
                0x00004450        0x6 c:/nxp/lpcxpresso_8.2.2_650/lpcxpresso/tools/bin/../lib/gcc/arm-none-eabi/5.4.1/../../../../arm-none-eabi/lib/armv7-m\libcr_nohost.a(__sys_remove.o)
                0x00004450                __sys_remove
 .text.__sys_seek
                0x00004456        0x6 c:/nxp/lpcxpresso_8.2.2_650/lpcxpresso/tools/bin/../lib/gcc/arm-none-eabi/5.4.1/../../../../arm-none-eabi/lib/armv7-m\libcr_nohost.a(__sys_seek.o)
                0x00004456                __sys_seek
 .text.__sys_tmpnam
                0x0000445c        0x6 c:/nxp/lpcxpresso_8.2.2_650/lpcxpresso/tools/bin/../lib/gcc/arm-none-eabi/5.4.1/../../../../arm-none-eabi/lib/armv7-m\libcr_nohost.a(__sys_tmpnam.o)
                0x0000445c                __sys_tmpnam
 *(.rodata .rodata.* .constdata .constdata.*)
 *fill*         0x00004462        0x2 ff
 .rodata        0x00004464       0x49 ./example/src/adc.o
 *fill*         0x000044ad        0x3 ff
 .rodata.Mouse_ReportDescriptor
                0x000044b0       0x18 ./example/src/hid_desc.o
                0x000044b0                Mouse_ReportDescriptor
 .rodata.Mouse_ReportDescSize
                0x000044c8        0x2 ./example/src/hid_desc.o
                0x000044c8                Mouse_ReportDescSize
 *fill*         0x000044ca        0x2 ff
 .rodata.USB_DeviceDescriptor
                0x000044cc       0x12 ./example/src/hid_desc.o
                0x000044cc                USB_DeviceDescriptor
 *fill*         0x000044de        0x2 ff
 .rodata.USB_StringDescriptor
                0x000044e0       0x76 ./example/src/hid_desc.o
                0x000044e0                USB_StringDescriptor
 *fill*         0x00004556        0x2 ff
 .rodata.OscRateIn
                0x00004558        0x4 C:\Users\Bobasek\Documents\LPCXpresso_8.2.2_650\workspace\lpc_board_nxp_lpcxpresso_1549\Debug\liblpc_board_nxp_lpcxpresso_1549.a(board.o)
                0x00004558                OscRateIn
 .rodata.RTCOscRateIn
                0x0000455c        0x4 C:\Users\Bobasek\Documents\LPCXpresso_8.2.2_650\workspace\lpc_board_nxp_lpcxpresso_1549\Debug\liblpc_board_nxp_lpcxpresso_1549.a(board.o)
                0x0000455c                RTCOscRateIn
 .rodata.ledpins
                0x00004560        0x3 C:\Users\Bobasek\Documents\LPCXpresso_8.2.2_650\workspace\lpc_board_nxp_lpcxpresso_1549\Debug\liblpc_board_nxp_lpcxpresso_1549.a(board.o)
 *fill*         0x00004563        0x1 ff
 .rodata.ledports
                0x00004564        0x3 C:\Users\Bobasek\Documents\LPCXpresso_8.2.2_650\workspace\lpc_board_nxp_lpcxpresso_1549\Debug\liblpc_board_nxp_lpcxpresso_1549.a(board.o)
 *fill*         0x00004567        0x1 ff
 .rodata.portButton
                0x00004568        0x5 C:\Users\Bobasek\Documents\LPCXpresso_8.2.2_650\workspace\lpc_board_nxp_lpcxpresso_1549\Debug\liblpc_board_nxp_lpcxpresso_1549.a(board.o)
 *fill*         0x0000456d        0x3 ff
 .rodata.pinButton
                0x00004570        0x5 C:\Users\Bobasek\Documents\LPCXpresso_8.2.2_650\workspace\lpc_board_nxp_lpcxpresso_1549\Debug\liblpc_board_nxp_lpcxpresso_1549.a(board.o)
 *fill*         0x00004575        0x3 ff
 .rodata.ioconSetup
                0x00004578       0x74 C:\Users\Bobasek\Documents\LPCXpresso_8.2.2_650\workspace\lpc_board_nxp_lpcxpresso_1549\Debug\liblpc_board_nxp_lpcxpresso_1549.a(board_sysinit.o)
 .rodata.swmSetup
                0x000045ec        0x6 C:\Users\Bobasek\Documents\LPCXpresso_8.2.2_650\workspace\lpc_board_nxp_lpcxpresso_1549\Debug\liblpc_board_nxp_lpcxpresso_1549.a(board_sysinit.o)
 .rodata.str1.1
                0x000045f2       0x34 c:/nxp/lpcxpresso_8.2.2_650/lpcxpresso/tools/bin/../lib/gcc/arm-none-eabi/5.4.1/../../../../arm-none-eabi/lib/armv7-m\libcr_c.a(fpprintf.o)
                                 0x35 (size before relaxing)
 .rodata.str1.1
                0x00004626        0x4 c:/nxp/lpcxpresso_8.2.2_650/lpcxpresso/tools/bin/../lib/gcc/arm-none-eabi/5.4.1/../../../../arm-none-eabi/lib/armv7-m\libcr_c.a(initio.o)
 .rodata.str1.1
                0x0000462a       0x31 c:/nxp/lpcxpresso_8.2.2_650/lpcxpresso/tools/bin/../lib/gcc/arm-none-eabi/5.4.1/../../../../arm-none-eabi/lib/armv7-m\libcr_c.a(printf.o)
                                 0x38 (size before relaxing)
 .rodata.str1.1
                0x0000465b       0x18 c:/nxp/lpcxpresso_8.2.2_650/lpcxpresso/tools/bin/../lib/gcc/arm-none-eabi/5.4.1/../../../../arm-none-eabi/lib/armv7-m\libcr_c.a(alloc.o)
 *fill*         0x00004673        0x5 ff
 .rodata.__huge_vall
                0x00004678        0x8 c:/nxp/lpcxpresso_8.2.2_650/lpcxpresso/tools/bin/../lib/gcc/arm-none-eabi/5.4.1/../../../../arm-none-eabi/lib/armv7-m\libcr_c.a(_hugeval.o)
                0x00004678                __huge_vall
                0x00004680                . = ALIGN (0x4)

.glue_7         0x00004680        0x0
 .glue_7        0x00004680        0x0 linker stubs

.glue_7t        0x00004680        0x0
 .glue_7t       0x00004680        0x0 linker stubs

.vfp11_veneer   0x00004680        0x0
 .vfp11_veneer  0x00004680        0x0 linker stubs

.v4_bx          0x00004680        0x0
 .v4_bx         0x00004680        0x0 linker stubs

.iplt           0x00004680        0x0
 .iplt          0x00004680        0x0 ./example/src/adc.o

.rel.dyn        0x00004680        0x0
 .rel.iplt      0x00004680        0x0 ./example/src/adc.o

.ARM.extab
 *(.ARM.extab* .gnu.linkonce.armextab.*)
                0x00004680                __exidx_start = .

.ARM.exidx
 *(.ARM.exidx* .gnu.linkonce.armexidx.*)
                0x00004680                __exidx_end = .
                0x00004680                _etext = .

.data_RAM2      0x02004000        0x0 load address 0x00004680
 FILL mask 0xff
                [!provide]                PROVIDE (__start_data_RAM2, .)
 *(.ramfunc.$RAM2)
 *(.ramfunc.$Ram1_16)
 *(.data.$RAM2*)
 *(.data.$Ram1_16*)
                0x02004000                . = ALIGN (0x4)
                [!provide]                PROVIDE (__end_data_RAM2, .)

.data_RAM3      0x02008000        0x0 load address 0x00004680
 FILL mask 0xff
                [!provide]                PROVIDE (__start_data_RAM3, .)
 *(.ramfunc.$RAM3)
 *(.ramfunc.$Ram2_4)
 *(.data.$RAM3*)
 *(.data.$Ram2_4*)
                0x02008000                . = ALIGN (0x4)
                [!provide]                PROVIDE (__end_data_RAM3, .)

.uninit_RESERVED
                0x02000000        0x0
 *(.bss.$RESERVED*)
                0x02000000                . = ALIGN (0x4)
                0x02000000                _end_uninit_RESERVED = .

.data           0x02000000       0x24 load address 0x00004680
 FILL mask 0xff
                0x02000000                _data = .
 *(vtable)
 *(.ramfunc*)
 *(.data*)
 .data.USB_FsConfigDescriptor
                0x02000000       0x23 ./example/src/hid_desc.o
                0x02000000                USB_FsConfigDescriptor
                0x02000024                . = ALIGN (0x4)
 *fill*         0x02000023        0x1 ff
                0x02000024                _edata = .

.igot.plt       0x02000024        0x0 load address 0x000046a4
 .igot.plt      0x02000024        0x0 ./example/src/adc.o

.bss_RAM2       0x02004000        0x0
                [!provide]                PROVIDE (__start_bss_RAM2, .)
 *(.bss.$RAM2*)
 *(.bss.$Ram1_16*)
                0x02004000                . = ALIGN ((. != 0x0)?0x4:0x1)
                [!provide]                PROVIDE (__end_bss_RAM2, .)

.bss_RAM3       0x02008000        0x0
                [!provide]                PROVIDE (__start_bss_RAM3, .)
 *(.bss.$RAM3*)
 *(.bss.$Ram2_4*)
                0x02008000                . = ALIGN ((. != 0x0)?0x4:0x1)
                [!provide]                PROVIDE (__end_bss_RAM3, .)

.bss            0x02000024      0x16c
                0x02000024                _bss = .
 *(.bss*)
 .bss.g_hUsb    0x02000024        0x4 ./example/src/adc.o
 .bss.count.9191
                0x02000028        0x4 ./example/src/adc.o
 .bss.g_mouse   0x0200002c        0x8 ./example/src/hid_mouse.o
 .bss._extra    0x02000034        0x4 c:/nxp/lpcxpresso_8.2.2_650/lpcxpresso/tools/bin/../lib/gcc/arm-none-eabi/5.4.1/../../../../arm-none-eabi/lib/armv7-m\libcr_c.a(initio.o)
                0x02000034                _extra
 .bss.__Ciob    0x02000038      0x140 c:/nxp/lpcxpresso_8.2.2_650/lpcxpresso/tools/bin/../lib/gcc/arm-none-eabi/5.4.1/../../../../arm-none-eabi/lib/armv7-m\libcr_c.a(stdio.o)
                0x02000038                __Ciob
 .bss.errno     0x02000178        0x4 c:/nxp/lpcxpresso_8.2.2_650/lpcxpresso/tools/bin/../lib/gcc/arm-none-eabi/5.4.1/../../../../arm-none-eabi/lib/armv7-m\libcr_c.a(errno.o)
                0x02000178                errno
 .bss.__heaps   0x0200017c        0x4 c:/nxp/lpcxpresso_8.2.2_650/lpcxpresso/tools/bin/../lib/gcc/arm-none-eabi/5.4.1/../../../../arm-none-eabi/lib/armv7-m\libcr_c.a(__init_alloc.o)
                0x0200017c                __heaps
 .bss.__end_of_heap
                0x02000180        0x4 c:/nxp/lpcxpresso_8.2.2_650/lpcxpresso/tools/bin/../lib/gcc/arm-none-eabi/5.4.1/../../../../arm-none-eabi/lib/armv7-m\libcr_c.a(__init_alloc.o)
                0x02000180                __end_of_heap
 *(COMMON)
 COMMON         0x02000184        0x8 ./example/src/adc.o
                0x02000184                sequence0Complete
                0x02000185                sequence1Complete
                0x02000186                threshold1Crossed
                0x02000188                g_pUsbApi
 COMMON         0x0200018c        0x4 C:\Users\Bobasek\Documents\LPCXpresso_8.2.2_650\workspace\lpc_chip_15xx\Debug\liblpc_chip_15xx.a(chip_15xx.o)
                0x0200018c                SystemCoreClock
                0x02000190                . = ALIGN (0x4)
                0x02000190                _ebss = .
                [!provide]                PROVIDE (end, .)

.noinit_RAM2    0x02004000        0x0
 *(.noinit.$RAM2*)
 *(.noinit.$Ram1_16*)
                0x02004000                . = ALIGN (0x4)

.noinit_RAM3    0x02008000        0x0
 *(.noinit.$RAM3*)
 *(.noinit.$Ram2_4*)
                0x02008000                . = ALIGN (0x4)

.noinit         0x02000190        0x0
                0x02000190                _noinit = .
 *(.noinit*)
                0x02000190                . = ALIGN (0x4)
                0x02000190                _end_noinit = .
                0x02000190                PROVIDE (_pvHeapStart, DEFINED (__user_heap_base)?__user_heap_base:.)
                0x02004000                PROVIDE (_vStackTop, DEFINED (__user_stack_top)?__user_stack_top:(__top_Ram0_16 - 0x0))
                [!provide]                PROVIDE (__valid_user_code_checksum, (0x0 - ((((((_vStackTop + (ResetISR + 0x1)) + (NMI_Handler + 0x1)) + (HardFault_Handler + 0x1)) + (DEFINED (MemManage_Handler)?MemManage_Handler:0x0 + 0x1)) + (DEFINED (BusFault_Handler)?BusFault_Handler:0x0 + 0x1)) + (DEFINED (UsageFault_Handler)?UsageFault_Handler:0x0 + 0x1))))
OUTPUT(periph_adc_with_vcom.axf elf32-littlearm)

.debug_info     0x00000000     0xb357
 .debug_info    0x00000000     0x3600 ./example/src/adc.o
 .debug_info    0x00003600      0x279 ./example/src/cr_startup_lpc15xx.o
 .debug_info    0x00003879      0x13a ./example/src/hid_desc.o
 .debug_info    0x000039b3     0x1dc6 ./example/src/hid_mouse.o
 .debug_info    0x00005779       0xd8 ./example/src/sysinit.o
 .debug_info    0x00005851      0xaa8 C:\Users\Bobasek\Documents\LPCXpresso_8.2.2_650\workspace\lpc_board_nxp_lpcxpresso_1549\Debug\liblpc_board_nxp_lpcxpresso_1549.a(board.o)
 .debug_info    0x000062f9      0xc90 C:\Users\Bobasek\Documents\LPCXpresso_8.2.2_650\workspace\lpc_board_nxp_lpcxpresso_1549\Debug\liblpc_board_nxp_lpcxpresso_1549.a(board_sysinit.o)
 .debug_info    0x00006f89      0x7a5 C:\Users\Bobasek\Documents\LPCXpresso_8.2.2_650\workspace\lpc_chip_15xx\Debug\liblpc_chip_15xx.a(adc_15xx.o)
 .debug_info    0x0000772e      0x98d C:\Users\Bobasek\Documents\LPCXpresso_8.2.2_650\workspace\lpc_chip_15xx\Debug\liblpc_chip_15xx.a(chip_15xx.o)
 .debug_info    0x000080bb      0xd3e C:\Users\Bobasek\Documents\LPCXpresso_8.2.2_650\workspace\lpc_chip_15xx\Debug\liblpc_chip_15xx.a(clock_15xx.o)
 .debug_info    0x00008df9      0x624 C:\Users\Bobasek\Documents\LPCXpresso_8.2.2_650\workspace\lpc_chip_15xx\Debug\liblpc_chip_15xx.a(gpio_15xx.o)
 .debug_info    0x0000941d      0x1f9 C:\Users\Bobasek\Documents\LPCXpresso_8.2.2_650\workspace\lpc_chip_15xx\Debug\liblpc_chip_15xx.a(iocon_15xx.o)
 .debug_info    0x00009616      0x5ea C:\Users\Bobasek\Documents\LPCXpresso_8.2.2_650\workspace\lpc_chip_15xx\Debug\liblpc_chip_15xx.a(swm_15xx.o)
 .debug_info    0x00009c00      0x74c C:\Users\Bobasek\Documents\LPCXpresso_8.2.2_650\workspace\lpc_chip_15xx\Debug\liblpc_chip_15xx.a(sysctl_15xx.o)
 .debug_info    0x0000a34c      0x738 C:\Users\Bobasek\Documents\LPCXpresso_8.2.2_650\workspace\lpc_chip_15xx\Debug\liblpc_chip_15xx.a(sysinit_15xx.o)
 .debug_info    0x0000aa84      0x8d3 C:\Users\Bobasek\Documents\LPCXpresso_8.2.2_650\workspace\lpc_chip_15xx\Debug\liblpc_chip_15xx.a(uart_15xx.o)

.debug_abbrev   0x00000000     0x1a7e
 .debug_abbrev  0x00000000      0x38f ./example/src/adc.o
 .debug_abbrev  0x0000038f       0xed ./example/src/cr_startup_lpc15xx.o
 .debug_abbrev  0x0000047c       0x60 ./example/src/hid_desc.o
 .debug_abbrev  0x000004dc      0x2c1 ./example/src/hid_mouse.o
 .debug_abbrev  0x0000079d       0x82 ./example/src/sysinit.o
 .debug_abbrev  0x0000081f      0x20e C:\Users\Bobasek\Documents\LPCXpresso_8.2.2_650\workspace\lpc_board_nxp_lpcxpresso_1549\Debug\liblpc_board_nxp_lpcxpresso_1549.a(board.o)
 .debug_abbrev  0x00000a2d      0x208 C:\Users\Bobasek\Documents\LPCXpresso_8.2.2_650\workspace\lpc_board_nxp_lpcxpresso_1549\Debug\liblpc_board_nxp_lpcxpresso_1549.a(board_sysinit.o)
 .debug_abbrev  0x00000c35      0x195 C:\Users\Bobasek\Documents\LPCXpresso_8.2.2_650\workspace\lpc_chip_15xx\Debug\liblpc_chip_15xx.a(adc_15xx.o)
 .debug_abbrev  0x00000dca      0x1b3 C:\Users\Bobasek\Documents\LPCXpresso_8.2.2_650\workspace\lpc_chip_15xx\Debug\liblpc_chip_15xx.a(chip_15xx.o)
 .debug_abbrev  0x00000f7d      0x285 C:\Users\Bobasek\Documents\LPCXpresso_8.2.2_650\workspace\lpc_chip_15xx\Debug\liblpc_chip_15xx.a(clock_15xx.o)
 .debug_abbrev  0x00001202      0x16a C:\Users\Bobasek\Documents\LPCXpresso_8.2.2_650\workspace\lpc_chip_15xx\Debug\liblpc_chip_15xx.a(gpio_15xx.o)
 .debug_abbrev  0x0000136c      0x137 C:\Users\Bobasek\Documents\LPCXpresso_8.2.2_650\workspace\lpc_chip_15xx\Debug\liblpc_chip_15xx.a(iocon_15xx.o)
 .debug_abbrev  0x000014a3      0x13e C:\Users\Bobasek\Documents\LPCXpresso_8.2.2_650\workspace\lpc_chip_15xx\Debug\liblpc_chip_15xx.a(swm_15xx.o)
 .debug_abbrev  0x000015e1      0x12b C:\Users\Bobasek\Documents\LPCXpresso_8.2.2_650\workspace\lpc_chip_15xx\Debug\liblpc_chip_15xx.a(sysctl_15xx.o)
 .debug_abbrev  0x0000170c      0x18c C:\Users\Bobasek\Documents\LPCXpresso_8.2.2_650\workspace\lpc_chip_15xx\Debug\liblpc_chip_15xx.a(sysinit_15xx.o)
 .debug_abbrev  0x00001898      0x1e6 C:\Users\Bobasek\Documents\LPCXpresso_8.2.2_650\workspace\lpc_chip_15xx\Debug\liblpc_chip_15xx.a(uart_15xx.o)

.debug_aranges  0x00000000      0x760
 .debug_aranges
                0x00000000       0xb8 ./example/src/adc.o
 .debug_aranges
                0x000000b8       0x80 ./example/src/cr_startup_lpc15xx.o
 .debug_aranges
                0x00000138       0x18 ./example/src/hid_desc.o
 .debug_aranges
                0x00000150       0x60 ./example/src/hid_mouse.o
 .debug_aranges
                0x000001b0       0x20 ./example/src/sysinit.o
 .debug_aranges
                0x000001d0       0xd0 C:\Users\Bobasek\Documents\LPCXpresso_8.2.2_650\workspace\lpc_board_nxp_lpcxpresso_1549\Debug\liblpc_board_nxp_lpcxpresso_1549.a(board.o)
 .debug_aranges
                0x000002a0       0x60 C:\Users\Bobasek\Documents\LPCXpresso_8.2.2_650\workspace\lpc_board_nxp_lpcxpresso_1549\Debug\liblpc_board_nxp_lpcxpresso_1549.a(board_sysinit.o)
 .debug_aranges
                0x00000300       0xa0 C:\Users\Bobasek\Documents\LPCXpresso_8.2.2_650\workspace\lpc_chip_15xx\Debug\liblpc_chip_15xx.a(adc_15xx.o)
 .debug_aranges
                0x000003a0       0x50 C:\Users\Bobasek\Documents\LPCXpresso_8.2.2_650\workspace\lpc_chip_15xx\Debug\liblpc_chip_15xx.a(chip_15xx.o)
 .debug_aranges
                0x000003f0      0x128 C:\Users\Bobasek\Documents\LPCXpresso_8.2.2_650\workspace\lpc_chip_15xx\Debug\liblpc_chip_15xx.a(clock_15xx.o)
 .debug_aranges
                0x00000518       0x70 C:\Users\Bobasek\Documents\LPCXpresso_8.2.2_650\workspace\lpc_chip_15xx\Debug\liblpc_chip_15xx.a(gpio_15xx.o)
 .debug_aranges
                0x00000588       0x28 C:\Users\Bobasek\Documents\LPCXpresso_8.2.2_650\workspace\lpc_chip_15xx\Debug\liblpc_chip_15xx.a(iocon_15xx.o)
 .debug_aranges
                0x000005b0       0x40 C:\Users\Bobasek\Documents\LPCXpresso_8.2.2_650\workspace\lpc_chip_15xx\Debug\liblpc_chip_15xx.a(swm_15xx.o)
 .debug_aranges
                0x000005f0       0x50 C:\Users\Bobasek\Documents\LPCXpresso_8.2.2_650\workspace\lpc_chip_15xx\Debug\liblpc_chip_15xx.a(sysctl_15xx.o)
 .debug_aranges
                0x00000640       0x58 C:\Users\Bobasek\Documents\LPCXpresso_8.2.2_650\workspace\lpc_chip_15xx\Debug\liblpc_chip_15xx.a(sysinit_15xx.o)
 .debug_aranges
                0x00000698       0xc8 C:\Users\Bobasek\Documents\LPCXpresso_8.2.2_650\workspace\lpc_chip_15xx\Debug\liblpc_chip_15xx.a(uart_15xx.o)

.debug_ranges   0x00000000      0x658
 .debug_ranges  0x00000000       0xa8 ./example/src/adc.o
 .debug_ranges  0x000000a8       0x70 ./example/src/cr_startup_lpc15xx.o
 .debug_ranges  0x00000118       0x50 ./example/src/hid_mouse.o
 .debug_ranges  0x00000168       0x10 ./example/src/sysinit.o
 .debug_ranges  0x00000178       0xc0 C:\Users\Bobasek\Documents\LPCXpresso_8.2.2_650\workspace\lpc_board_nxp_lpcxpresso_1549\Debug\liblpc_board_nxp_lpcxpresso_1549.a(board.o)
 .debug_ranges  0x00000238       0x50 C:\Users\Bobasek\Documents\LPCXpresso_8.2.2_650\workspace\lpc_board_nxp_lpcxpresso_1549\Debug\liblpc_board_nxp_lpcxpresso_1549.a(board_sysinit.o)
 .debug_ranges  0x00000288       0x90 C:\Users\Bobasek\Documents\LPCXpresso_8.2.2_650\workspace\lpc_chip_15xx\Debug\liblpc_chip_15xx.a(adc_15xx.o)
 .debug_ranges  0x00000318       0x40 C:\Users\Bobasek\Documents\LPCXpresso_8.2.2_650\workspace\lpc_chip_15xx\Debug\liblpc_chip_15xx.a(chip_15xx.o)
 .debug_ranges  0x00000358      0x118 C:\Users\Bobasek\Documents\LPCXpresso_8.2.2_650\workspace\lpc_chip_15xx\Debug\liblpc_chip_15xx.a(clock_15xx.o)
 .debug_ranges  0x00000470       0x60 C:\Users\Bobasek\Documents\LPCXpresso_8.2.2_650\workspace\lpc_chip_15xx\Debug\liblpc_chip_15xx.a(gpio_15xx.o)
 .debug_ranges  0x000004d0       0x18 C:\Users\Bobasek\Documents\LPCXpresso_8.2.2_650\workspace\lpc_chip_15xx\Debug\liblpc_chip_15xx.a(iocon_15xx.o)
 .debug_ranges  0x000004e8       0x30 C:\Users\Bobasek\Documents\LPCXpresso_8.2.2_650\workspace\lpc_chip_15xx\Debug\liblpc_chip_15xx.a(swm_15xx.o)
 .debug_ranges  0x00000518       0x40 C:\Users\Bobasek\Documents\LPCXpresso_8.2.2_650\workspace\lpc_chip_15xx\Debug\liblpc_chip_15xx.a(sysctl_15xx.o)
 .debug_ranges  0x00000558       0x48 C:\Users\Bobasek\Documents\LPCXpresso_8.2.2_650\workspace\lpc_chip_15xx\Debug\liblpc_chip_15xx.a(sysinit_15xx.o)
 .debug_ranges  0x000005a0       0xb8 C:\Users\Bobasek\Documents\LPCXpresso_8.2.2_650\workspace\lpc_chip_15xx\Debug\liblpc_chip_15xx.a(uart_15xx.o)

.debug_macro    0x00000000     0x6c21
 .debug_macro   0x00000000      0x341 ./example/src/adc.o
 .debug_macro   0x00000341      0x886 ./example/src/adc.o
 .debug_macro   0x00000bc7       0x10 ./example/src/adc.o
 .debug_macro   0x00000bd7      0x12d ./example/src/adc.o
 .debug_macro   0x00000d04      0x5b2 ./example/src/adc.o
 .debug_macro   0x000012b6       0x22 ./example/src/adc.o
 .debug_macro   0x000012d8       0x7b ./example/src/adc.o
 .debug_macro   0x00001353       0x10 ./example/src/adc.o
 .debug_macro   0x00001363       0x2d ./example/src/adc.o
 .debug_macro   0x00001390       0x3a ./example/src/adc.o
 .debug_macro   0x000013ca       0x2d ./example/src/adc.o
 .debug_macro   0x000013f7      0xa7d ./example/src/adc.o
 .debug_macro   0x00001e74      0x1b4 ./example/src/adc.o
 .debug_macro   0x00002028       0xca ./example/src/adc.o
 .debug_macro   0x000020f2       0x18 ./example/src/adc.o
 .debug_macro   0x0000210a       0xb2 ./example/src/adc.o
 .debug_macro   0x000021bc       0x70 ./example/src/adc.o
 .debug_macro   0x0000222c       0x46 ./example/src/adc.o
 .debug_macro   0x00002272       0xd0 ./example/src/adc.o
 .debug_macro   0x00002342       0x40 ./example/src/adc.o
 .debug_macro   0x00002382      0x233 ./example/src/adc.o
 .debug_macro   0x000025b5       0x16 ./example/src/adc.o
 .debug_macro   0x000025cb       0x88 ./example/src/adc.o
 .debug_macro   0x00002653       0x34 ./example/src/adc.o
 .debug_macro   0x00002687       0x6a ./example/src/adc.o
 .debug_macro   0x000026f1       0x40 ./example/src/adc.o
 .debug_macro   0x00002731       0x1c ./example/src/adc.o
 .debug_macro   0x0000274d       0x16 ./example/src/adc.o
 .debug_macro   0x00002763      0x10c ./example/src/adc.o
 .debug_macro   0x0000286f      0x2a9 ./example/src/adc.o
 .debug_macro   0x00002b18       0x76 ./example/src/adc.o
 .debug_macro   0x00002b8e       0x22 ./example/src/adc.o
 .debug_macro   0x00002bb0      0x152 ./example/src/adc.o
 .debug_macro   0x00002d02       0x82 ./example/src/adc.o
 .debug_macro   0x00002d84       0xe6 ./example/src/adc.o
 .debug_macro   0x00002e6a       0x3a ./example/src/adc.o
 .debug_macro   0x00002ea4       0x34 ./example/src/adc.o
 .debug_macro   0x00002ed8       0x10 ./example/src/adc.o
 .debug_macro   0x00002ee8       0x76 ./example/src/adc.o
 .debug_macro   0x00002f5e       0x58 ./example/src/adc.o
 .debug_macro   0x00002fb6      0x2ca ./example/src/adc.o
 .debug_macro   0x00003280      0x22b ./example/src/adc.o
 .debug_macro   0x000034ab       0x2e ./example/src/adc.o
 .debug_macro   0x000034d9       0x34 ./example/src/adc.o
 .debug_macro   0x0000350d       0x9a ./example/src/adc.o
 .debug_macro   0x000035a7       0x20 ./example/src/adc.o
 .debug_macro   0x000035c7      0x26c ./example/src/adc.o
 .debug_macro   0x00003833       0x52 ./example/src/adc.o
 .debug_macro   0x00003885       0x12 ./example/src/adc.o
 .debug_macro   0x00003897       0xfa ./example/src/adc.o
 .debug_macro   0x00003991       0xee ./example/src/adc.o
 .debug_macro   0x00003a7f      0x69a ./example/src/adc.o
 .debug_macro   0x00004119      0x272 ./example/src/adc.o
 .debug_macro   0x0000438b       0x10 ./example/src/adc.o
 .debug_macro   0x0000439b       0x10 ./example/src/adc.o
 .debug_macro   0x000043ab       0x23 ./example/src/cr_startup_lpc15xx.o
 .debug_macro   0x000043ce       0xf5 ./example/src/hid_desc.o
 .debug_macro   0x000044c3      0x327 ./example/src/hid_mouse.o
 .debug_macro   0x000047ea      0x26e ./example/src/sysinit.o
 .debug_macro   0x00004a58      0x284 C:\Users\Bobasek\Documents\LPCXpresso_8.2.2_650\workspace\lpc_board_nxp_lpcxpresso_1549\Debug\liblpc_board_nxp_lpcxpresso_1549.a(board.o)
 .debug_macro   0x00004cdc      0x886 C:\Users\Bobasek\Documents\LPCXpresso_8.2.2_650\workspace\lpc_board_nxp_lpcxpresso_1549\Debug\liblpc_board_nxp_lpcxpresso_1549.a(board.o)
 .debug_macro   0x00005562       0x12 C:\Users\Bobasek\Documents\LPCXpresso_8.2.2_650\workspace\lpc_board_nxp_lpcxpresso_1549\Debug\liblpc_board_nxp_lpcxpresso_1549.a(board.o)
 .debug_macro   0x00005574      0x288 C:\Users\Bobasek\Documents\LPCXpresso_8.2.2_650\workspace\lpc_board_nxp_lpcxpresso_1549\Debug\liblpc_board_nxp_lpcxpresso_1549.a(board_sysinit.o)
 .debug_macro   0x000057fc      0x239 C:\Users\Bobasek\Documents\LPCXpresso_8.2.2_650\workspace\lpc_chip_15xx\Debug\liblpc_chip_15xx.a(adc_15xx.o)
 .debug_macro   0x00005a35      0x239 C:\Users\Bobasek\Documents\LPCXpresso_8.2.2_650\workspace\lpc_chip_15xx\Debug\liblpc_chip_15xx.a(chip_15xx.o)
 .debug_macro   0x00005c6e      0x239 C:\Users\Bobasek\Documents\LPCXpresso_8.2.2_650\workspace\lpc_chip_15xx\Debug\liblpc_chip_15xx.a(clock_15xx.o)
 .debug_macro   0x00005ea7      0x239 C:\Users\Bobasek\Documents\LPCXpresso_8.2.2_650\workspace\lpc_chip_15xx\Debug\liblpc_chip_15xx.a(gpio_15xx.o)
 .debug_macro   0x000060e0      0x239 C:\Users\Bobasek\Documents\LPCXpresso_8.2.2_650\workspace\lpc_chip_15xx\Debug\liblpc_chip_15xx.a(iocon_15xx.o)
 .debug_macro   0x00006319      0x245 C:\Users\Bobasek\Documents\LPCXpresso_8.2.2_650\workspace\lpc_chip_15xx\Debug\liblpc_chip_15xx.a(swm_15xx.o)
 .debug_macro   0x0000655e      0x251 C:\Users\Bobasek\Documents\LPCXpresso_8.2.2_650\workspace\lpc_chip_15xx\Debug\liblpc_chip_15xx.a(sysctl_15xx.o)
 .debug_macro   0x000067af      0x239 C:\Users\Bobasek\Documents\LPCXpresso_8.2.2_650\workspace\lpc_chip_15xx\Debug\liblpc_chip_15xx.a(sysinit_15xx.o)
 .debug_macro   0x000069e8      0x239 C:\Users\Bobasek\Documents\LPCXpresso_8.2.2_650\workspace\lpc_chip_15xx\Debug\liblpc_chip_15xx.a(uart_15xx.o)

.debug_line     0x00000000     0x5392
 .debug_line    0x00000000      0x838 ./example/src/adc.o
 .debug_line    0x00000838       0xde ./example/src/cr_startup_lpc15xx.o
 .debug_line    0x00000916      0x2e1 ./example/src/hid_desc.o
 .debug_line    0x00000bf7      0x731 ./example/src/hid_mouse.o
 .debug_line    0x00001328      0x4bb ./example/src/sysinit.o
 .debug_line    0x000017e3      0x6de C:\Users\Bobasek\Documents\LPCXpresso_8.2.2_650\workspace\lpc_board_nxp_lpcxpresso_1549\Debug\liblpc_board_nxp_lpcxpresso_1549.a(board.o)
 .debug_line    0x00001ec1      0x5a0 C:\Users\Bobasek\Documents\LPCXpresso_8.2.2_650\workspace\lpc_board_nxp_lpcxpresso_1549\Debug\liblpc_board_nxp_lpcxpresso_1549.a(board_sysinit.o)
 .debug_line    0x00002461      0x591 C:\Users\Bobasek\Documents\LPCXpresso_8.2.2_650\workspace\lpc_chip_15xx\Debug\liblpc_chip_15xx.a(adc_15xx.o)
 .debug_line    0x000029f2      0x4bb C:\Users\Bobasek\Documents\LPCXpresso_8.2.2_650\workspace\lpc_chip_15xx\Debug\liblpc_chip_15xx.a(chip_15xx.o)
 .debug_line    0x00002ead      0x70f C:\Users\Bobasek\Documents\LPCXpresso_8.2.2_650\workspace\lpc_chip_15xx\Debug\liblpc_chip_15xx.a(clock_15xx.o)
 .debug_line    0x000035bc      0x513 C:\Users\Bobasek\Documents\LPCXpresso_8.2.2_650\workspace\lpc_chip_15xx\Debug\liblpc_chip_15xx.a(gpio_15xx.o)
 .debug_line    0x00003acf      0x45b C:\Users\Bobasek\Documents\LPCXpresso_8.2.2_650\workspace\lpc_chip_15xx\Debug\liblpc_chip_15xx.a(iocon_15xx.o)
 .debug_line    0x00003f2a      0x486 C:\Users\Bobasek\Documents\LPCXpresso_8.2.2_650\workspace\lpc_chip_15xx\Debug\liblpc_chip_15xx.a(swm_15xx.o)
 .debug_line    0x000043b0      0x4bd C:\Users\Bobasek\Documents\LPCXpresso_8.2.2_650\workspace\lpc_chip_15xx\Debug\liblpc_chip_15xx.a(sysctl_15xx.o)
 .debug_line    0x0000486d      0x4f0 C:\Users\Bobasek\Documents\LPCXpresso_8.2.2_650\workspace\lpc_chip_15xx\Debug\liblpc_chip_15xx.a(sysinit_15xx.o)
 .debug_line    0x00004d5d      0x635 C:\Users\Bobasek\Documents\LPCXpresso_8.2.2_650\workspace\lpc_chip_15xx\Debug\liblpc_chip_15xx.a(uart_15xx.o)

.debug_str      0x00000000    0x18b76
 .debug_str     0x00000000    0x1621f ./example/src/adc.o
                              0x164f6 (size before relaxing)
 .debug_str     0x0001621f      0x1e1 ./example/src/cr_startup_lpc15xx.o
                               0x26d0 (size before relaxing)
 .debug_str     0x00016400       0x46 ./example/src/hid_desc.o
                               0x7c6b (size before relaxing)
 .debug_str     0x00016446      0x409 ./example/src/hid_mouse.o
                              0x15162 (size before relaxing)
 .debug_str     0x0001684f       0x19 ./example/src/sysinit.o
                               0xf57a (size before relaxing)
 .debug_str     0x00016868      0x806 C:\Users\Bobasek\Documents\LPCXpresso_8.2.2_650\workspace\lpc_board_nxp_lpcxpresso_1549\Debug\liblpc_board_nxp_lpcxpresso_1549.a(board.o)
                               0xff6f (size before relaxing)
 .debug_str     0x0001706e      0x848 C:\Users\Bobasek\Documents\LPCXpresso_8.2.2_650\workspace\lpc_board_nxp_lpcxpresso_1549\Debug\liblpc_board_nxp_lpcxpresso_1549.a(board_sysinit.o)
                              0x10561 (size before relaxing)
 .debug_str     0x000178b6      0x201 C:\Users\Bobasek\Documents\LPCXpresso_8.2.2_650\workspace\lpc_chip_15xx\Debug\liblpc_chip_15xx.a(adc_15xx.o)
                               0xf8c3 (size before relaxing)
 .debug_str     0x00017ab7      0x10c C:\Users\Bobasek\Documents\LPCXpresso_8.2.2_650\workspace\lpc_chip_15xx\Debug\liblpc_chip_15xx.a(chip_15xx.o)
                               0xfcb5 (size before relaxing)
 .debug_str     0x00017bc3      0x88f C:\Users\Bobasek\Documents\LPCXpresso_8.2.2_650\workspace\lpc_chip_15xx\Debug\liblpc_chip_15xx.a(clock_15xx.o)
                              0x100b5 (size before relaxing)
 .debug_str     0x00018452       0xdf C:\Users\Bobasek\Documents\LPCXpresso_8.2.2_650\workspace\lpc_chip_15xx\Debug\liblpc_chip_15xx.a(gpio_15xx.o)
                               0xf762 (size before relaxing)
 .debug_str     0x00018531       0x41 C:\Users\Bobasek\Documents\LPCXpresso_8.2.2_650\workspace\lpc_chip_15xx\Debug\liblpc_chip_15xx.a(iocon_15xx.o)
                               0xf27f (size before relaxing)
 .debug_str     0x00018572      0x140 C:\Users\Bobasek\Documents\LPCXpresso_8.2.2_650\workspace\lpc_chip_15xx\Debug\liblpc_chip_15xx.a(swm_15xx.o)
                               0xfc87 (size before relaxing)
 .debug_str     0x000186b2      0x183 C:\Users\Bobasek\Documents\LPCXpresso_8.2.2_650\workspace\lpc_chip_15xx\Debug\liblpc_chip_15xx.a(sysctl_15xx.o)
                               0xf76c (size before relaxing)
 .debug_str     0x00018835      0x13f C:\Users\Bobasek\Documents\LPCXpresso_8.2.2_650\workspace\lpc_chip_15xx\Debug\liblpc_chip_15xx.a(sysinit_15xx.o)
                               0xf75b (size before relaxing)
 .debug_str     0x00018974      0x202 C:\Users\Bobasek\Documents\LPCXpresso_8.2.2_650\workspace\lpc_chip_15xx\Debug\liblpc_chip_15xx.a(uart_15xx.o)
                               0xf8be (size before relaxing)

.comment        0x00000000       0xdc
 .comment       0x00000000       0x6e ./example/src/adc.o
                                 0x6f (size before relaxing)
 .comment       0x0000006e       0x6f ./example/src/cr_startup_lpc15xx.o
 .comment       0x0000006e       0x6f ./example/src/hid_desc.o
 .comment       0x0000006e       0x6f ./example/src/hid_mouse.o
 .comment       0x0000006e       0x6f ./example/src/sysinit.o
 .comment       0x0000006e       0x6f C:\Users\Bobasek\Documents\LPCXpresso_8.2.2_650\workspace\lpc_board_nxp_lpcxpresso_1549\Debug\liblpc_board_nxp_lpcxpresso_1549.a(board.o)
 .comment       0x0000006e       0x6f C:\Users\Bobasek\Documents\LPCXpresso_8.2.2_650\workspace\lpc_board_nxp_lpcxpresso_1549\Debug\liblpc_board_nxp_lpcxpresso_1549.a(board_sysinit.o)
 .comment       0x0000006e       0x6f C:\Users\Bobasek\Documents\LPCXpresso_8.2.2_650\workspace\lpc_chip_15xx\Debug\liblpc_chip_15xx.a(adc_15xx.o)
 .comment       0x0000006e       0x6f C:\Users\Bobasek\Documents\LPCXpresso_8.2.2_650\workspace\lpc_chip_15xx\Debug\liblpc_chip_15xx.a(chip_15xx.o)
 .comment       0x0000006e       0x6f C:\Users\Bobasek\Documents\LPCXpresso_8.2.2_650\workspace\lpc_chip_15xx\Debug\liblpc_chip_15xx.a(clock_15xx.o)
 .comment       0x0000006e       0x6f C:\Users\Bobasek\Documents\LPCXpresso_8.2.2_650\workspace\lpc_chip_15xx\Debug\liblpc_chip_15xx.a(gpio_15xx.o)
 .comment       0x0000006e       0x6f C:\Users\Bobasek\Documents\LPCXpresso_8.2.2_650\workspace\lpc_chip_15xx\Debug\liblpc_chip_15xx.a(iocon_15xx.o)
 .comment       0x0000006e       0x6f C:\Users\Bobasek\Documents\LPCXpresso_8.2.2_650\workspace\lpc_chip_15xx\Debug\liblpc_chip_15xx.a(swm_15xx.o)
 .comment       0x0000006e       0x6f C:\Users\Bobasek\Documents\LPCXpresso_8.2.2_650\workspace\lpc_chip_15xx\Debug\liblpc_chip_15xx.a(sysctl_15xx.o)
 .comment       0x0000006e       0x6f C:\Users\Bobasek\Documents\LPCXpresso_8.2.2_650\workspace\lpc_chip_15xx\Debug\liblpc_chip_15xx.a(sysinit_15xx.o)
 .comment       0x0000006e       0x6f C:\Users\Bobasek\Documents\LPCXpresso_8.2.2_650\workspace\lpc_chip_15xx\Debug\liblpc_chip_15xx.a(uart_15xx.o)
 .comment       0x0000006e       0x6e c:/nxp/lpcxpresso_8.2.2_650/lpcxpresso/tools/bin/../lib/gcc/arm-none-eabi/5.4.1/../../../../arm-none-eabi/lib/armv7-m\libcr_nohost.a(_cr__main.o)
                                 0x6f (size before relaxing)
 .comment       0x000000dc       0x6f c:/nxp/lpcxpresso_8.2.2_650/lpcxpresso/tools/bin/../lib/gcc/arm-none-eabi/5.4.1/../../../../arm-none-eabi/lib/armv7-m\libcr_c.a(memset.o)
 .comment       0x000000dc       0x6f c:/nxp/lpcxpresso_8.2.2_650/lpcxpresso/tools/bin/../lib/gcc/arm-none-eabi/5.4.1/../../../../arm-none-eabi/lib/armv7-m\libcr_c.a(fpprintf.o)
 .comment       0x000000dc       0x6f c:/nxp/lpcxpresso_8.2.2_650/lpcxpresso/tools/bin/../lib/gcc/arm-none-eabi/5.4.1/../../../../arm-none-eabi/lib/armv7-m\libcr_c.a(initio.o)
 .comment       0x000000dc       0x6f c:/nxp/lpcxpresso_8.2.2_650/lpcxpresso/tools/bin/../lib/gcc/arm-none-eabi/5.4.1/../../../../arm-none-eabi/lib/armv7-m\libcr_c.a(printf.o)
 .comment       0x000000dc       0x6f c:/nxp/lpcxpresso_8.2.2_650/lpcxpresso/tools/bin/../lib/gcc/arm-none-eabi/5.4.1/../../../../arm-none-eabi/lib/armv7-m\libcr_c.a(setvbuf.o)
 .comment       0x000000dc       0x6f c:/nxp/lpcxpresso_8.2.2_650/lpcxpresso/tools/bin/../lib/gcc/arm-none-eabi/5.4.1/../../../../arm-none-eabi/lib/armv7-m\libcr_c.a(stdio.o)
 .comment       0x000000dc       0x6f c:/nxp/lpcxpresso_8.2.2_650/lpcxpresso/tools/bin/../lib/gcc/arm-none-eabi/5.4.1/../../../../arm-none-eabi/lib/armv7-m\libcr_c.a(strlen.o)
 .comment       0x000000dc       0x6f c:/nxp/lpcxpresso_8.2.2_650/lpcxpresso/tools/bin/../lib/gcc/arm-none-eabi/5.4.1/../../../../arm-none-eabi/lib/armv7-m\libcr_c.a(_deferredlazyseek.o)
 .comment       0x000000dc       0x6f c:/nxp/lpcxpresso_8.2.2_650/lpcxpresso/tools/bin/../lib/gcc/arm-none-eabi/5.4.1/../../../../arm-none-eabi/lib/armv7-m\libcr_c.a(_fdopen.o)
 .comment       0x000000dc       0x6f c:/nxp/lpcxpresso_8.2.2_650/lpcxpresso/tools/bin/../lib/gcc/arm-none-eabi/5.4.1/../../../../arm-none-eabi/lib/armv7-m\libcr_c.a(_fflush.o)
 .comment       0x000000dc       0x6f c:/nxp/lpcxpresso_8.2.2_650/lpcxpresso/tools/bin/../lib/gcc/arm-none-eabi/5.4.1/../../../../arm-none-eabi/lib/armv7-m\libcr_c.a(_frexpl.o)
 .comment       0x000000dc       0x6f c:/nxp/lpcxpresso_8.2.2_650/lpcxpresso/tools/bin/../lib/gcc/arm-none-eabi/5.4.1/../../../../arm-none-eabi/lib/armv7-m\libcr_c.a(_ldexpl.o)
 .comment       0x000000dc       0x6f c:/nxp/lpcxpresso_8.2.2_650/lpcxpresso/tools/bin/../lib/gcc/arm-none-eabi/5.4.1/../../../../arm-none-eabi/lib/armv7-m\libcr_c.a(_writebuf.o)
 .comment       0x000000dc       0x6f c:/nxp/lpcxpresso_8.2.2_650/lpcxpresso/tools/bin/../lib/gcc/arm-none-eabi/5.4.1/../../../../arm-none-eabi/lib/armv7-m\libcr_c.a(alloc.o)
 .comment       0x000000dc       0x6f c:/nxp/lpcxpresso_8.2.2_650/lpcxpresso/tools/bin/../lib/gcc/arm-none-eabi/5.4.1/../../../../arm-none-eabi/lib/armv7-m\libcr_c.a(errno.o)
 .comment       0x000000dc       0x6f c:/nxp/lpcxpresso_8.2.2_650/lpcxpresso/tools/bin/../lib/gcc/arm-none-eabi/5.4.1/../../../../arm-none-eabi/lib/armv7-m\libcr_c.a(fclose.o)
 .comment       0x000000dc       0x6f c:/nxp/lpcxpresso_8.2.2_650/lpcxpresso/tools/bin/../lib/gcc/arm-none-eabi/5.4.1/../../../../arm-none-eabi/lib/armv7-m\libcr_c.a(fflush.o)
 .comment       0x000000dc       0x6f c:/nxp/lpcxpresso_8.2.2_650/lpcxpresso/tools/bin/../lib/gcc/arm-none-eabi/5.4.1/../../../../arm-none-eabi/lib/armv7-m\libcr_c.a(fseek.o)
 .comment       0x000000dc       0x6f c:/nxp/lpcxpresso_8.2.2_650/lpcxpresso/tools/bin/../lib/gcc/arm-none-eabi/5.4.1/../../../../arm-none-eabi/lib/armv7-m\libcr_c.a(ftell.o)
 .comment       0x000000dc       0x6f c:/nxp/lpcxpresso_8.2.2_650/lpcxpresso/tools/bin/../lib/gcc/arm-none-eabi/5.4.1/../../../../arm-none-eabi/lib/armv7-m\libcr_c.a(remove.o)
 .comment       0x000000dc       0x6f c:/nxp/lpcxpresso_8.2.2_650/lpcxpresso/tools/bin/../lib/gcc/arm-none-eabi/5.4.1/../../../../arm-none-eabi/lib/armv7-m\libcr_c.a(__init_alloc.o)
 .comment       0x000000dc       0x6f c:/nxp/lpcxpresso_8.2.2_650/lpcxpresso/tools/bin/../lib/gcc/arm-none-eabi/5.4.1/../../../../arm-none-eabi/lib/armv7-m\libcr_c.a(_cr_sbrk.o)
 .comment       0x000000dc       0x6f c:/nxp/lpcxpresso_8.2.2_650/lpcxpresso/tools/bin/../lib/gcc/arm-none-eabi/5.4.1/../../../../arm-none-eabi/lib/armv7-m\libcr_c.a(_do_fflush.o)
 .comment       0x000000dc       0x6f c:/nxp/lpcxpresso_8.2.2_650/lpcxpresso/tools/bin/../lib/gcc/arm-none-eabi/5.4.1/../../../../arm-none-eabi/lib/armv7-m\libcr_c.a(_hugeval.o)
 .comment       0x000000dc       0x6f c:/nxp/lpcxpresso_8.2.2_650/lpcxpresso/tools/bin/../lib/gcc/arm-none-eabi/5.4.1/../../../../arm-none-eabi/lib/armv7-m\libcr_c.a(_cr_check_heap.o)
 .comment       0x000000dc       0x6f c:/nxp/lpcxpresso_8.2.2_650/lpcxpresso/tools/bin/../lib/gcc/arm-none-eabi/5.4.1/armv7-m\libcr_eabihelpers.a(double.o)
 .comment       0x000000dc       0x6f c:/nxp/lpcxpresso_8.2.2_650/lpcxpresso/tools/bin/../lib/gcc/arm-none-eabi/5.4.1/../../../../arm-none-eabi/lib/armv7-m\libcr_nohost.a(__sys_appexit.o)
 .comment       0x000000dc       0x6f c:/nxp/lpcxpresso_8.2.2_650/lpcxpresso/tools/bin/../lib/gcc/arm-none-eabi/5.4.1/../../../../arm-none-eabi/lib/armv7-m\libcr_nohost.a(__sys_close.o)
 .comment       0x000000dc       0x6f c:/nxp/lpcxpresso_8.2.2_650/lpcxpresso/tools/bin/../lib/gcc/arm-none-eabi/5.4.1/../../../../arm-none-eabi/lib/armv7-m\libcr_nohost.a(__sys_flen.o)
 .comment       0x000000dc       0x6f c:/nxp/lpcxpresso_8.2.2_650/lpcxpresso/tools/bin/../lib/gcc/arm-none-eabi/5.4.1/../../../../arm-none-eabi/lib/armv7-m\libcr_nohost.a(__sys_istty.o)
 .comment       0x000000dc       0x6f c:/nxp/lpcxpresso_8.2.2_650/lpcxpresso/tools/bin/../lib/gcc/arm-none-eabi/5.4.1/../../../../arm-none-eabi/lib/armv7-m\libcr_nohost.a(__sys_remove.o)
 .comment       0x000000dc       0x6f c:/nxp/lpcxpresso_8.2.2_650/lpcxpresso/tools/bin/../lib/gcc/arm-none-eabi/5.4.1/../../../../arm-none-eabi/lib/armv7-m\libcr_nohost.a(__sys_seek.o)
 .comment       0x000000dc       0x6f c:/nxp/lpcxpresso_8.2.2_650/lpcxpresso/tools/bin/../lib/gcc/arm-none-eabi/5.4.1/../../../../arm-none-eabi/lib/armv7-m\libcr_nohost.a(__sys_tmpnam.o)

.ARM.attributes
                0x00000000       0x31
 .ARM.attributes
                0x00000000       0x33 ./example/src/adc.o
 .ARM.attributes
                0x00000033       0x33 ./example/src/cr_startup_lpc15xx.o
 .ARM.attributes
                0x00000066       0x33 ./example/src/hid_desc.o
 .ARM.attributes
                0x00000099       0x33 ./example/src/hid_mouse.o
 .ARM.attributes
                0x000000cc       0x33 ./example/src/sysinit.o
 .ARM.attributes
                0x000000ff       0x33 C:\Users\Bobasek\Documents\LPCXpresso_8.2.2_650\workspace\lpc_board_nxp_lpcxpresso_1549\Debug\liblpc_board_nxp_lpcxpresso_1549.a(board.o)
 .ARM.attributes
                0x00000132       0x33 C:\Users\Bobasek\Documents\LPCXpresso_8.2.2_650\workspace\lpc_board_nxp_lpcxpresso_1549\Debug\liblpc_board_nxp_lpcxpresso_1549.a(board_sysinit.o)
 .ARM.attributes
                0x00000165       0x33 C:\Users\Bobasek\Documents\LPCXpresso_8.2.2_650\workspace\lpc_chip_15xx\Debug\liblpc_chip_15xx.a(adc_15xx.o)
 .ARM.attributes
                0x00000198       0x33 C:\Users\Bobasek\Documents\LPCXpresso_8.2.2_650\workspace\lpc_chip_15xx\Debug\liblpc_chip_15xx.a(chip_15xx.o)
 .ARM.attributes
                0x000001cb       0x33 C:\Users\Bobasek\Documents\LPCXpresso_8.2.2_650\workspace\lpc_chip_15xx\Debug\liblpc_chip_15xx.a(clock_15xx.o)
 .ARM.attributes
                0x000001fe       0x33 C:\Users\Bobasek\Documents\LPCXpresso_8.2.2_650\workspace\lpc_chip_15xx\Debug\liblpc_chip_15xx.a(gpio_15xx.o)
 .ARM.attributes
                0x00000231       0x33 C:\Users\Bobasek\Documents\LPCXpresso_8.2.2_650\workspace\lpc_chip_15xx\Debug\liblpc_chip_15xx.a(iocon_15xx.o)
 .ARM.attributes
                0x00000264       0x33 C:\Users\Bobasek\Documents\LPCXpresso_8.2.2_650\workspace\lpc_chip_15xx\Debug\liblpc_chip_15xx.a(swm_15xx.o)
 .ARM.attributes
                0x00000297       0x33 C:\Users\Bobasek\Documents\LPCXpresso_8.2.2_650\workspace\lpc_chip_15xx\Debug\liblpc_chip_15xx.a(sysctl_15xx.o)
 .ARM.attributes
                0x000002ca       0x33 C:\Users\Bobasek\Documents\LPCXpresso_8.2.2_650\workspace\lpc_chip_15xx\Debug\liblpc_chip_15xx.a(sysinit_15xx.o)
 .ARM.attributes
                0x000002fd       0x33 C:\Users\Bobasek\Documents\LPCXpresso_8.2.2_650\workspace\lpc_chip_15xx\Debug\liblpc_chip_15xx.a(uart_15xx.o)
 .ARM.attributes
                0x00000330       0x33 c:/nxp/lpcxpresso_8.2.2_650/lpcxpresso/tools/bin/../lib/gcc/arm-none-eabi/5.4.1/../../../../arm-none-eabi/lib/armv7-m\libcr_nohost.a(_cr__main.o)
 .ARM.attributes
                0x00000363       0x33 c:/nxp/lpcxpresso_8.2.2_650/lpcxpresso/tools/bin/../lib/gcc/arm-none-eabi/5.4.1/../../../../arm-none-eabi/lib/armv7-m\libcr_c.a(memset.o)
 .ARM.attributes
                0x00000396       0x33 c:/nxp/lpcxpresso_8.2.2_650/lpcxpresso/tools/bin/../lib/gcc/arm-none-eabi/5.4.1/../../../../arm-none-eabi/lib/armv7-m\libcr_c.a(fpprintf.o)
 .ARM.attributes
                0x000003c9       0x33 c:/nxp/lpcxpresso_8.2.2_650/lpcxpresso/tools/bin/../lib/gcc/arm-none-eabi/5.4.1/../../../../arm-none-eabi/lib/armv7-m\libcr_c.a(initio.o)
 .ARM.attributes
                0x000003fc       0x33 c:/nxp/lpcxpresso_8.2.2_650/lpcxpresso/tools/bin/../lib/gcc/arm-none-eabi/5.4.1/../../../../arm-none-eabi/lib/armv7-m\libcr_c.a(printf.o)
 .ARM.attributes
                0x0000042f       0x33 c:/nxp/lpcxpresso_8.2.2_650/lpcxpresso/tools/bin/../lib/gcc/arm-none-eabi/5.4.1/../../../../arm-none-eabi/lib/armv7-m\libcr_c.a(setvbuf.o)
 .ARM.attributes
                0x00000462       0x33 c:/nxp/lpcxpresso_8.2.2_650/lpcxpresso/tools/bin/../lib/gcc/arm-none-eabi/5.4.1/../../../../arm-none-eabi/lib/armv7-m\libcr_c.a(stdio.o)
 .ARM.attributes
                0x00000495       0x33 c:/nxp/lpcxpresso_8.2.2_650/lpcxpresso/tools/bin/../lib/gcc/arm-none-eabi/5.4.1/../../../../arm-none-eabi/lib/armv7-m\libcr_c.a(strlen.o)
 .ARM.attributes
                0x000004c8       0x33 c:/nxp/lpcxpresso_8.2.2_650/lpcxpresso/tools/bin/../lib/gcc/arm-none-eabi/5.4.1/../../../../arm-none-eabi/lib/armv7-m\libcr_c.a(_deferredlazyseek.o)
 .ARM.attributes
                0x000004fb       0x33 c:/nxp/lpcxpresso_8.2.2_650/lpcxpresso/tools/bin/../lib/gcc/arm-none-eabi/5.4.1/../../../../arm-none-eabi/lib/armv7-m\libcr_c.a(_fdopen.o)
 .ARM.attributes
                0x0000052e       0x33 c:/nxp/lpcxpresso_8.2.2_650/lpcxpresso/tools/bin/../lib/gcc/arm-none-eabi/5.4.1/../../../../arm-none-eabi/lib/armv7-m\libcr_c.a(_fflush.o)
 .ARM.attributes
                0x00000561       0x33 c:/nxp/lpcxpresso_8.2.2_650/lpcxpresso/tools/bin/../lib/gcc/arm-none-eabi/5.4.1/../../../../arm-none-eabi/lib/armv7-m\libcr_c.a(_frexpl.o)
 .ARM.attributes
                0x00000594       0x33 c:/nxp/lpcxpresso_8.2.2_650/lpcxpresso/tools/bin/../lib/gcc/arm-none-eabi/5.4.1/../../../../arm-none-eabi/lib/armv7-m\libcr_c.a(_ldexpl.o)
 .ARM.attributes
                0x000005c7       0x33 c:/nxp/lpcxpresso_8.2.2_650/lpcxpresso/tools/bin/../lib/gcc/arm-none-eabi/5.4.1/../../../../arm-none-eabi/lib/armv7-m\libcr_c.a(_writebuf.o)
 .ARM.attributes
                0x000005fa       0x33 c:/nxp/lpcxpresso_8.2.2_650/lpcxpresso/tools/bin/../lib/gcc/arm-none-eabi/5.4.1/../../../../arm-none-eabi/lib/armv7-m\libcr_c.a(alloc.o)
 .ARM.attributes
                0x0000062d       0x33 c:/nxp/lpcxpresso_8.2.2_650/lpcxpresso/tools/bin/../lib/gcc/arm-none-eabi/5.4.1/../../../../arm-none-eabi/lib/armv7-m\libcr_c.a(errno.o)
 .ARM.attributes
                0x00000660       0x33 c:/nxp/lpcxpresso_8.2.2_650/lpcxpresso/tools/bin/../lib/gcc/arm-none-eabi/5.4.1/../../../../arm-none-eabi/lib/armv7-m\libcr_c.a(fclose.o)
 .ARM.attributes
                0x00000693       0x33 c:/nxp/lpcxpresso_8.2.2_650/lpcxpresso/tools/bin/../lib/gcc/arm-none-eabi/5.4.1/../../../../arm-none-eabi/lib/armv7-m\libcr_c.a(fflush.o)
 .ARM.attributes
                0x000006c6       0x33 c:/nxp/lpcxpresso_8.2.2_650/lpcxpresso/tools/bin/../lib/gcc/arm-none-eabi/5.4.1/../../../../arm-none-eabi/lib/armv7-m\libcr_c.a(fseek.o)
 .ARM.attributes
                0x000006f9       0x33 c:/nxp/lpcxpresso_8.2.2_650/lpcxpresso/tools/bin/../lib/gcc/arm-none-eabi/5.4.1/../../../../arm-none-eabi/lib/armv7-m\libcr_c.a(ftell.o)
 .ARM.attributes
                0x0000072c       0x33 c:/nxp/lpcxpresso_8.2.2_650/lpcxpresso/tools/bin/../lib/gcc/arm-none-eabi/5.4.1/../../../../arm-none-eabi/lib/armv7-m\libcr_c.a(remove.o)
 .ARM.attributes
                0x0000075f       0x33 c:/nxp/lpcxpresso_8.2.2_650/lpcxpresso/tools/bin/../lib/gcc/arm-none-eabi/5.4.1/../../../../arm-none-eabi/lib/armv7-m\libcr_c.a(__init_alloc.o)
 .ARM.attributes
                0x00000792       0x33 c:/nxp/lpcxpresso_8.2.2_650/lpcxpresso/tools/bin/../lib/gcc/arm-none-eabi/5.4.1/../../../../arm-none-eabi/lib/armv7-m\libcr_c.a(_cr_sbrk.o)
 .ARM.attributes
                0x000007c5       0x33 c:/nxp/lpcxpresso_8.2.2_650/lpcxpresso/tools/bin/../lib/gcc/arm-none-eabi/5.4.1/../../../../arm-none-eabi/lib/armv7-m\libcr_c.a(_do_fflush.o)
 .ARM.attributes
                0x000007f8       0x33 c:/nxp/lpcxpresso_8.2.2_650/lpcxpresso/tools/bin/../lib/gcc/arm-none-eabi/5.4.1/../../../../arm-none-eabi/lib/armv7-m\libcr_c.a(_hugeval.o)
 .ARM.attributes
                0x0000082b       0x33 c:/nxp/lpcxpresso_8.2.2_650/lpcxpresso/tools/bin/../lib/gcc/arm-none-eabi/5.4.1/../../../../arm-none-eabi/lib/armv7-m\libcr_c.a(_cr_check_heap.o)
 .ARM.attributes
                0x0000085e       0x21 c:/nxp/lpcxpresso_8.2.2_650/lpcxpresso/tools/bin/../lib/gcc/arm-none-eabi/5.4.1/armv7-m\libcr_eabihelpers.a(division_64.o)
 .ARM.attributes
                0x0000087f       0x21 c:/nxp/lpcxpresso_8.2.2_650/lpcxpresso/tools/bin/../lib/gcc/arm-none-eabi/5.4.1/armv7-m\libcr_eabihelpers.a(division_idiv0.o)
 .ARM.attributes
                0x000008a0       0x33 c:/nxp/lpcxpresso_8.2.2_650/lpcxpresso/tools/bin/../lib/gcc/arm-none-eabi/5.4.1/armv7-m\libcr_eabihelpers.a(double.o)
 .ARM.attributes
                0x000008d3       0x21 c:/nxp/lpcxpresso_8.2.2_650/lpcxpresso/tools/bin/../lib/gcc/arm-none-eabi/5.4.1/armv7-m\libcr_eabihelpers.a(memcpy.o)
 .ARM.attributes
                0x000008f4       0x33 c:/nxp/lpcxpresso_8.2.2_650/lpcxpresso/tools/bin/../lib/gcc/arm-none-eabi/5.4.1/../../../../arm-none-eabi/lib/armv7-m\libcr_nohost.a(__sys_appexit.o)
 .ARM.attributes
                0x00000927       0x33 c:/nxp/lpcxpresso_8.2.2_650/lpcxpresso/tools/bin/../lib/gcc/arm-none-eabi/5.4.1/../../../../arm-none-eabi/lib/armv7-m\libcr_nohost.a(__sys_close.o)
 .ARM.attributes
                0x0000095a       0x33 c:/nxp/lpcxpresso_8.2.2_650/lpcxpresso/tools/bin/../lib/gcc/arm-none-eabi/5.4.1/../../../../arm-none-eabi/lib/armv7-m\libcr_nohost.a(__sys_flen.o)
 .ARM.attributes
                0x0000098d       0x33 c:/nxp/lpcxpresso_8.2.2_650/lpcxpresso/tools/bin/../lib/gcc/arm-none-eabi/5.4.1/../../../../arm-none-eabi/lib/armv7-m\libcr_nohost.a(__sys_istty.o)
 .ARM.attributes
                0x000009c0       0x33 c:/nxp/lpcxpresso_8.2.2_650/lpcxpresso/tools/bin/../lib/gcc/arm-none-eabi/5.4.1/../../../../arm-none-eabi/lib/armv7-m\libcr_nohost.a(__sys_remove.o)
 .ARM.attributes
                0x000009f3       0x33 c:/nxp/lpcxpresso_8.2.2_650/lpcxpresso/tools/bin/../lib/gcc/arm-none-eabi/5.4.1/../../../../arm-none-eabi/lib/armv7-m\libcr_nohost.a(__sys_seek.o)
 .ARM.attributes
                0x00000a26       0x33 c:/nxp/lpcxpresso_8.2.2_650/lpcxpresso/tools/bin/../lib/gcc/arm-none-eabi/5.4.1/../../../../arm-none-eabi/lib/armv7-m\libcr_nohost.a(__sys_tmpnam.o)

.debug_frame    0x00000000     0x1b60
 .debug_frame   0x00000000      0x2fc ./example/src/adc.o
 .debug_frame   0x000002fc      0x170 ./example/src/cr_startup_lpc15xx.o
 .debug_frame   0x0000046c      0x15c ./example/src/hid_mouse.o
 .debug_frame   0x000005c8       0x2c ./example/src/sysinit.o
 .debug_frame   0x000005f4      0x360 C:\Users\Bobasek\Documents\LPCXpresso_8.2.2_650\workspace\lpc_board_nxp_lpcxpresso_1549\Debug\liblpc_board_nxp_lpcxpresso_1549.a(board.o)
 .debug_frame   0x00000954      0x14c C:\Users\Bobasek\Documents\LPCXpresso_8.2.2_650\workspace\lpc_board_nxp_lpcxpresso_1549\Debug\liblpc_board_nxp_lpcxpresso_1549.a(board_sysinit.o)
 .debug_frame   0x00000aa0      0x290 C:\Users\Bobasek\Documents\LPCXpresso_8.2.2_650\workspace\lpc_chip_15xx\Debug\liblpc_chip_15xx.a(adc_15xx.o)
 .debug_frame   0x00000d30      0x104 C:\Users\Bobasek\Documents\LPCXpresso_8.2.2_650\workspace\lpc_chip_15xx\Debug\liblpc_chip_15xx.a(chip_15xx.o)
 .debug_frame   0x00000e34      0x4b0 C:\Users\Bobasek\Documents\LPCXpresso_8.2.2_650\workspace\lpc_chip_15xx\Debug\liblpc_chip_15xx.a(clock_15xx.o)
 .debug_frame   0x000012e4      0x1b4 C:\Users\Bobasek\Documents\LPCXpresso_8.2.2_650\workspace\lpc_chip_15xx\Debug\liblpc_chip_15xx.a(gpio_15xx.o)
 .debug_frame   0x00001498       0x5c C:\Users\Bobasek\Documents\LPCXpresso_8.2.2_650\workspace\lpc_chip_15xx\Debug\liblpc_chip_15xx.a(iocon_15xx.o)
 .debug_frame   0x000014f4       0xd4 C:\Users\Bobasek\Documents\LPCXpresso_8.2.2_650\workspace\lpc_chip_15xx\Debug\liblpc_chip_15xx.a(swm_15xx.o)
 .debug_frame   0x000015c8      0x124 C:\Users\Bobasek\Documents\LPCXpresso_8.2.2_650\workspace\lpc_chip_15xx\Debug\liblpc_chip_15xx.a(sysctl_15xx.o)
 .debug_frame   0x000016ec      0x134 C:\Users\Bobasek\Documents\LPCXpresso_8.2.2_650\workspace\lpc_chip_15xx\Debug\liblpc_chip_15xx.a(sysinit_15xx.o)
 .debug_frame   0x00001820      0x340 C:\Users\Bobasek\Documents\LPCXpresso_8.2.2_650\workspace\lpc_chip_15xx\Debug\liblpc_chip_15xx.a(uart_15xx.o)
