Archive member included to satisfy reference by file (symbol)

C:\Users\Bobasek\Documents\LPCXpresso_8.2.2_650\workspace\lpc_board_nxp_lpcxpresso_1549\Debug\liblpc_board_nxp_lpcxpresso_1549.a(board.o)
                              ./example/src/adc.o (Board_UARTPutSTR)
C:\Users\Bobasek\Documents\LPCXpresso_8.2.2_650\workspace\lpc_board_nxp_lpcxpresso_1549\Debug\liblpc_board_nxp_lpcxpresso_1549.a(board_sysinit.o)
                              ./example/src/sysinit.o (Board_SystemInit)
C:\Users\Bobasek\Documents\LPCXpresso_8.2.2_650\workspace\lpc_chip_15xx\Debug\liblpc_chip_15xx.a(adc_15xx.o)
                              ./example/src/adc.o (Chip_ADC_Init)
C:\Users\Bobasek\Documents\LPCXpresso_8.2.2_650\workspace\lpc_chip_15xx\Debug\liblpc_chip_15xx.a(chip_15xx.o)
                              ./example/src/adc.o (SystemCoreClockUpdate)
C:\Users\Bobasek\Documents\LPCXpresso_8.2.2_650\workspace\lpc_chip_15xx\Debug\liblpc_chip_15xx.a(clock_15xx.o)
                              C:\Users\Bobasek\Documents\LPCXpresso_8.2.2_650\workspace\lpc_board_nxp_lpcxpresso_1549\Debug\liblpc_board_nxp_lpcxpresso_1549.a(board.o) (Chip_Clock_GetMainClockRate)
C:\Users\Bobasek\Documents\LPCXpresso_8.2.2_650\workspace\lpc_chip_15xx\Debug\liblpc_chip_15xx.a(gpio_15xx.o)
                              C:\Users\Bobasek\Documents\LPCXpresso_8.2.2_650\workspace\lpc_board_nxp_lpcxpresso_1549\Debug\liblpc_board_nxp_lpcxpresso_1549.a(board.o) (Chip_GPIO_Init)
C:\Users\Bobasek\Documents\LPCXpresso_8.2.2_650\workspace\lpc_chip_15xx\Debug\liblpc_chip_15xx.a(iocon_15xx.o)
                              C:\Users\Bobasek\Documents\LPCXpresso_8.2.2_650\workspace\lpc_board_nxp_lpcxpresso_1549\Debug\liblpc_board_nxp_lpcxpresso_1549.a(board_sysinit.o) (Chip_IOCON_SetPinMuxing)
C:\Users\Bobasek\Documents\LPCXpresso_8.2.2_650\workspace\lpc_chip_15xx\Debug\liblpc_chip_15xx.a(swm_15xx.o)
                              C:\Users\Bobasek\Documents\LPCXpresso_8.2.2_650\workspace\lpc_board_nxp_lpcxpresso_1549\Debug\liblpc_board_nxp_lpcxpresso_1549.a(board.o) (Chip_SWM_MovablePinAssign)
C:\Users\Bobasek\Documents\LPCXpresso_8.2.2_650\workspace\lpc_chip_15xx\Debug\liblpc_chip_15xx.a(sysctl_15xx.o)
                              C:\Users\Bobasek\Documents\LPCXpresso_8.2.2_650\workspace\lpc_board_nxp_lpcxpresso_1549\Debug\liblpc_board_nxp_lpcxpresso_1549.a(board_sysinit.o) (Chip_SYSCTL_AssertPeriphReset)
C:\Users\Bobasek\Documents\LPCXpresso_8.2.2_650\workspace\lpc_chip_15xx\Debug\liblpc_chip_15xx.a(sysinit_15xx.o)
                              C:\Users\Bobasek\Documents\LPCXpresso_8.2.2_650\workspace\lpc_board_nxp_lpcxpresso_1549\Debug\liblpc_board_nxp_lpcxpresso_1549.a(board_sysinit.o) (Chip_SetupXtalClocking)
C:\Users\Bobasek\Documents\LPCXpresso_8.2.2_650\workspace\lpc_chip_15xx\Debug\liblpc_chip_15xx.a(uart_15xx.o)
                              C:\Users\Bobasek\Documents\LPCXpresso_8.2.2_650\workspace\lpc_board_nxp_lpcxpresso_1549\Debug\liblpc_board_nxp_lpcxpresso_1549.a(board.o) (Chip_UART_Init)
C:\Users\Bobasek\Documents\LPCXpresso_8.2.2_650\workspace\lpc_chip_15xx\Debug\liblpc_chip_15xx.a(ring_buffer.o)
                              C:\Users\Bobasek\Documents\LPCXpresso_8.2.2_650\workspace\lpc_chip_15xx\Debug\liblpc_chip_15xx.a(uart_15xx.o) (RingBuffer_Insert)
c:/nxp/lpcxpresso_8.2.2_650/lpcxpresso/tools/bin/../lib/gcc/arm-none-eabi/5.4.1/../../../../arm-none-eabi/lib/armv7-m\libcr_nohost.a(_cr__main.o)
                              ./example/src/cr_startup_lpc15xx.o (__main)
c:/nxp/lpcxpresso_8.2.2_650/lpcxpresso/tools/bin/../lib/gcc/arm-none-eabi/5.4.1/../../../../arm-none-eabi/lib/armv7-m\libcr_c.a(memcpy.o)
                              C:\Users\Bobasek\Documents\LPCXpresso_8.2.2_650\workspace\lpc_chip_15xx\Debug\liblpc_chip_15xx.a(ring_buffer.o) (memcpy)
c:/nxp/lpcxpresso_8.2.2_650/lpcxpresso/tools/bin/../lib/gcc/arm-none-eabi/5.4.1/../../../../arm-none-eabi/lib/armv7-m\libcr_c.a(fpprintf.o)
                              ./example/src/adc.o (printf)
c:/nxp/lpcxpresso_8.2.2_650/lpcxpresso/tools/bin/../lib/gcc/arm-none-eabi/5.4.1/../../../../arm-none-eabi/lib/armv7-m\libcr_c.a(initio.o)
                              c:/nxp/lpcxpresso_8.2.2_650/lpcxpresso/tools/bin/../lib/gcc/arm-none-eabi/5.4.1/../../../../arm-none-eabi/lib/armv7-m\libcr_nohost.a(_cr__main.o) (_initio)
c:/nxp/lpcxpresso_8.2.2_650/lpcxpresso/tools/bin/../lib/gcc/arm-none-eabi/5.4.1/../../../../arm-none-eabi/lib/armv7-m\libcr_c.a(printf.o)
                              c:/nxp/lpcxpresso_8.2.2_650/lpcxpresso/tools/bin/../lib/gcc/arm-none-eabi/5.4.1/../../../../arm-none-eabi/lib/armv7-m\libcr_c.a(fpprintf.o) (__vfprintf)
c:/nxp/lpcxpresso_8.2.2_650/lpcxpresso/tools/bin/../lib/gcc/arm-none-eabi/5.4.1/../../../../arm-none-eabi/lib/armv7-m\libcr_c.a(setvbuf.o)
                              c:/nxp/lpcxpresso_8.2.2_650/lpcxpresso/tools/bin/../lib/gcc/arm-none-eabi/5.4.1/../../../../arm-none-eabi/lib/armv7-m\libcr_c.a(initio.o) (setvbuf)
[...]
Memory Configuration

Name             Origin             Length             Attributes
MFlash256        0x00000000         0x00040000         xr
Ram0_16          0x02000000         0x00004000         xrw
Ram1_16          0x02004000         0x00004000         xrw
Ram2_4           0x02008000         0x00001000         xrw
*default*        0x00000000         0xffffffff

Linker script and memory map

LOAD ./example/src/adc.o
LOAD ./example/src/cr_startup_lpc15xx.o
LOAD ./example/src/sysinit.o
LOAD C:\Users\Bobasek\Documents\LPCXpresso_8.2.2_650\workspace\lpc_board_nxp_lpcxpresso_1549\Debug\liblpc_board_nxp_lpcxpresso_1549.a
LOAD C:\Users\Bobasek\Documents\LPCXpresso_8.2.2_650\workspace\lpc_chip_15xx\Debug\liblpc_chip_15xx.a
START GROUP
LOAD c:/nxp/lpcxpresso_8.2.2_650/lpcxpresso/tools/bin/../lib/gcc/arm-none-eabi/5.4.1/../../../../arm-none-eabi/lib/armv7-m\libcr_nohost.a
LOAD c:/nxp/lpcxpresso_8.2.2_650/lpcxpresso/tools/bin/../lib/gcc/arm-none-eabi/5.4.1/../../../../arm-none-eabi/lib/armv7-m\libcr_c.a
LOAD c:/nxp/lpcxpresso_8.2.2_650/lpcxpresso/tools/bin/../lib/gcc/arm-none-eabi/5.4.1/armv7-m\libcr_eabihelpers.a
END GROUP
                0x00000000                __base_MFlash256 = 0x0
                0x00000000                __base_Flash = 0x0
                0x00040000                __top_MFlash256 = 0x40000
                0x00040000                __top_Flash = 0x40000
                0x02000000                __base_Ram0_16 = 0x2000000
                0x02000000                __base_RAM = 0x2000000
                0x02004000                __top_Ram0_16 = 0x2004000
                0x02004000                __top_RAM = 0x2004000
                0x02004000                __base_Ram1_16 = 0x2004000
                0x02004000                __base_RAM2 = 0x2004000
                0x02008000                __top_Ram1_16 = 0x2008000
                0x02008000                __top_RAM2 = 0x2008000
                0x02008000                __base_Ram2_4 = 0x2008000
                0x02008000                __base_RAM3 = 0x2008000
                0x02009000                __top_Ram2_4 = 0x2009000
                0x02009000                __top_RAM3 = 0x2009000

.text           0x00000000     0x4328
 FILL mask 0xff
                0x00000000                __vectors_start__ = ABSOLUTE (.)
 *(.isr_vector)
 .isr_vector    0x00000000       0xfc ./example/src/cr_startup_lpc15xx.o
                0x00000000                g_pfnVectors
                0x000000fc                . = ALIGN (0x4)
                0x000000fc                __section_table_start = .
                0x000000fc                __data_section_table = .
                0x000000fc        0x4 LONG 0x4328 LOADADDR (.data)
                0x00000100        0x4 LONG 0x2000000 ADDR (.data)
                0x00000104        0x4 LONG 0x0 SIZEOF (.data)
                0x00000108        0x4 LONG 0x4328 LOADADDR (.data_RAM2)
                0x0000010c        0x4 LONG 0x2004000 ADDR (.data_RAM2)
                0x00000110        0x4 LONG 0x0 SIZEOF (.data_RAM2)
                0x00000114        0x4 LONG 0x4328 LOADADDR (.data_RAM3)
                0x00000118        0x4 LONG 0x2008000 ADDR (.data_RAM3)
                0x0000011c        0x4 LONG 0x0 SIZEOF (.data_RAM3)
                0x00000120                __data_section_table_end = .
                0x00000120                __bss_section_table = .
                0x00000120        0x4 LONG 0x2000000 ADDR (.bss)
                0x00000124        0x4 LONG 0x15c SIZEOF (.bss)
                0x00000128        0x4 LONG 0x2004000 ADDR (.bss_RAM2)
                0x0000012c        0x4 LONG 0x0 SIZEOF (.bss_RAM2)
                0x00000130        0x4 LONG 0x2008000 ADDR (.bss_RAM3)
                0x00000134        0x4 LONG 0x0 SIZEOF (.bss_RAM3)
                0x00000138                __bss_section_table_end = .
                0x00000138                __section_table_end = .
 *(.after_vectors*)
 .after_vectors
                0x00000138      0x154 ./example/src/cr_startup_lpc15xx.o
                0x00000138                data_init
                0x0000017c                bss_init
                0x000001b4                ResetISR
                0x0000023c                NMI_Handler
                0x00000244                HardFault_Handler
                0x0000024c                MemManage_Handler
                0x00000254                BusFault_Handler
                0x0000025c                UsageFault_Handler
                0x00000264                SVC_Handler
                0x0000026c                DebugMon_Handler
                0x00000274                PendSV_Handler
                0x00000284                UART0_IRQHandler
                0x00000284                RIT_IRQHandler
                0x00000284                RTC_WAKE_IRQHandler
                0x00000284                UART1_IRQHandler
                0x00000284                SPI1_IRQHandler
                0x00000284                PIN_INT6_IRQHandler
                0x00000284                IntDefaultHandler
                0x00000284                PIN_INT4_IRQHandler
                0x00000284                CAN_IRQHandler
                0x00000284                RTC_ALARM_IRQHandler
                0x00000284                SCT2_IRQHandler
                0x00000284                ADC1_OVR_IRQHandler
                0x00000284                USBWakeup_IRQHandler
                0x00000284                MRT_IRQHandler
                0x00000284                UART2_IRQHandler
                0x00000284                PIN_INT5_IRQHandler
                0x00000284                SCT1_IRQHandler
                0x00000284                PIN_INT2_IRQHandler
                0x00000284                USB_FIQHandler
                0x00000284                SCT3_IRQHandler
                0x00000284                PIN_INT7_IRQHandler
                0x00000284                PIN_INT1_IRQHandler
                0x00000284                USB_IRQHandler
                0x00000284                BOD_IRQHandler
                0x00000284                ADC0B_IRQHandler
                0x00000284                ACMP0_IRQHandler
                0x00000284                ADC0_OVR_IRQHandler
                0x00000284                WDT_IRQHandler
                0x00000284                ADC1B_IRQHandler
                0x00000284                PIN_INT0_IRQHandler
                0x00000284                QEI_IRQHandler
                0x00000284                ACMP3_IRQHandler
                0x00000284                GINT0_IRQHandler
                0x00000284                DAC_IRQHandler
                0x00000284                SPI0_IRQHandler
                0x00000284                EEPROM_IRQHandler
                0x00000284                ACMP2_IRQHandler
                0x00000284                I2C0_IRQHandler
                0x00000284                DMA_IRQHandler
                0x00000284                PIN_INT3_IRQHandler
                0x00000284                ACMP1_IRQHandler
                0x00000284                SCT0_IRQHandler
                0x00000284                FMC_IRQHandler
                0x00000284                GINT1_IRQHandler
                0x00000284                ADC0_THCMP_IRQHandler
 *(.text*)
 .text.NVIC_EnableIRQ
                0x0000028c       0x30 ./example/src/adc.o
 .text.NVIC_SetPriority
                0x000002bc       0x54 ./example/src/adc.o
 .text.SysTick_Config
                0x00000310       0x44 ./example/src/adc.o
 .text.Chip_IOCON_PinMuxSet
                0x00000354       0x2c ./example/src/adc.o
 .text.Chip_ADC_IsCalibrationDone
                0x00000380       0x24 ./example/src/adc.o
 .text.Chip_ADC_SetADC0Input
                0x000003a4       0x1c ./example/src/adc.o
 .text.Chip_ADC_SetupSequencer
                0x000003c0       0x24 ./example/src/adc.o
 .text.Chip_ADC_EnableSequencer
                0x000003e4       0x24 ./example/src/adc.o
 .text.Chip_ADC_StartSequencer
                0x00000408       0x24 ./example/src/adc.o
 .text.Chip_ADC_GetDataReg
                0x0000042c       0x20 ./example/src/adc.o
 .text.Chip_ADC_SetThrLowValue
                0x0000044c       0x28 ./example/src/adc.o
 .text.Chip_ADC_SetThrHighValue
                0x00000474       0x28 ./example/src/adc.o
 .text.Chip_ADC_GetFlags
                0x0000049c       0x18 ./example/src/adc.o
 .text.Chip_ADC_ClearFlags
                0x000004b4       0x1c ./example/src/adc.o
 .text.Chip_ADC_SetTrim
                0x000004d0       0x1c ./example/src/adc.o
 .text.showValudeADC
                0x000004ec       0x9c ./example/src/adc.o
                0x000004ec                showValudeADC
 .text.SysTick_Handler
                0x00000588       0x3c ./example/src/adc.o
                0x00000588                SysTick_Handler
 .text.ADC0A_IRQHandler
                0x000005c4       0x38 ./example/src/adc.o
                0x000005c4                ADC0A_IRQHandler
 .text.ADC1A_IRQHandler
                0x000005fc       0x38 ./example/src/adc.o
                0x000005fc                ADC1A_IRQHandler
 .text.ADC1_THCMP_IRQHandler
                0x00000634       0x38 ./example/src/adc.o
                0x00000634                ADC1_THCMP_IRQHandler
 .text.main     0x0000066c      0x1b4 ./example/src/adc.o
                0x0000066c                main
 .text.SystemInit
                0x00000820        0xc ./example/src/sysinit.o
                0x00000820                SystemInit
 .text.Chip_IOCON_PinMuxSet
                0x0000082c       0x2c C:\Users\Bobasek\Documents\LPCXpresso_8.2.2_650\workspace\lpc_board_nxp_lpcxpresso_1549\Debug\liblpc_board_nxp_lpcxpresso_1549.a(board.o)
 .text.Chip_SWM_MovablePortPinAssign
                0x00000858       0x30 C:\Users\Bobasek\Documents\LPCXpresso_8.2.2_650\workspace\lpc_board_nxp_lpcxpresso_1549\Debug\liblpc_board_nxp_lpcxpresso_1549.a(board.o)
 .text.Chip_GPIO_SetPinState
                0x00000888       0x38 C:\Users\Bobasek\Documents\LPCXpresso_8.2.2_650\workspace\lpc_board_nxp_lpcxpresso_1549\Debug\liblpc_board_nxp_lpcxpresso_1549.a(board.o)
 .text.Chip_GPIO_SetPinDIROutput
                0x000008c0       0x3c C:\Users\Bobasek\Documents\LPCXpresso_8.2.2_650\workspace\lpc_board_nxp_lpcxpresso_1549\Debug\liblpc_board_nxp_lpcxpresso_1549.a(board.o)
 .text.Chip_UART_Enable
                0x000008fc       0x20 C:\Users\Bobasek\Documents\LPCXpresso_8.2.2_650\workspace\lpc_board_nxp_lpcxpresso_1549\Debug\liblpc_board_nxp_lpcxpresso_1549.a(board.o)
 .text.Chip_UART_TXEnable
                0x0000091c       0x20 C:\Users\Bobasek\Documents\LPCXpresso_8.2.2_650\workspace\lpc_board_nxp_lpcxpresso_1549\Debug\liblpc_board_nxp_lpcxpresso_1549.a(board.o)
 .text.Chip_UART_ConfigData
                0x0000093c       0x28 C:\Users\Bobasek\Documents\LPCXpresso_8.2.2_650\workspace\lpc_board_nxp_lpcxpresso_1549\Debug\liblpc_board_nxp_lpcxpresso_1549.a(board.o)
 .text.__sys_write
                0x00000964       0x38 C:\Users\Bobasek\Documents\LPCXpresso_8.2.2_650\workspace\lpc_board_nxp_lpcxpresso_1549\Debug\liblpc_board_nxp_lpcxpresso_1549.a(board.o)
                0x00000964                __sys_write
 .text.Board_UARTPutChar
                0x0000099c       0x24 C:\Users\Bobasek\Documents\LPCXpresso_8.2.2_650\workspace\lpc_board_nxp_lpcxpresso_1549\Debug\liblpc_board_nxp_lpcxpresso_1549.a(board.o)
                0x0000099c                Board_UARTPutChar
 .text.Board_UARTPutSTR
                0x000009c0       0x28 C:\Users\Bobasek\Documents\LPCXpresso_8.2.2_650\workspace\lpc_board_nxp_lpcxpresso_1549\Debug\liblpc_board_nxp_lpcxpresso_1549.a(board.o)
                0x000009c0                Board_UARTPutSTR
 .text.Board_Debug_Init
                0x000009e8       0x70 C:\Users\Bobasek\Documents\LPCXpresso_8.2.2_650\workspace\lpc_board_nxp_lpcxpresso_1549\Debug\liblpc_board_nxp_lpcxpresso_1549.a(board.o)
                0x000009e8                Board_Debug_Init
 .text.Board_LED_Init
                0x00000a58       0x5c C:\Users\Bobasek\Documents\LPCXpresso_8.2.2_650\workspace\lpc_board_nxp_lpcxpresso_1549\Debug\liblpc_board_nxp_lpcxpresso_1549.a(board.o)
 .text.Board_Init
                0x00000ab4       0x18 C:\Users\Bobasek\Documents\LPCXpresso_8.2.2_650\workspace\lpc_board_nxp_lpcxpresso_1549\Debug\liblpc_board_nxp_lpcxpresso_1549.a(board.o)
                0x00000ab4                Board_Init
 .text.Chip_SYSCTL_PeriphReset
                0x00000acc       0x24 C:\Users\Bobasek\Documents\LPCXpresso_8.2.2_650\workspace\lpc_board_nxp_lpcxpresso_1549\Debug\liblpc_board_nxp_lpcxpresso_1549.a(board_sysinit.o)
 .text.Chip_Clock_SetUSBPLLSource
                0x00000af0       0x20 C:\Users\Bobasek\Documents\LPCXpresso_8.2.2_650\workspace\lpc_board_nxp_lpcxpresso_1549\Debug\liblpc_board_nxp_lpcxpresso_1549.a(board_sysinit.o)
 .text.Chip_Clock_SetupUSBPLL
                0x00000b10       0x34 C:\Users\Bobasek\Documents\LPCXpresso_8.2.2_650\workspace\lpc_board_nxp_lpcxpresso_1549\Debug\liblpc_board_nxp_lpcxpresso_1549.a(board_sysinit.o)
 .text.Chip_Clock_IsUSBPLLLocked
                0x00000b44       0x24 C:\Users\Bobasek\Documents\LPCXpresso_8.2.2_650\workspace\lpc_board_nxp_lpcxpresso_1549\Debug\liblpc_board_nxp_lpcxpresso_1549.a(board_sysinit.o)
 .text.Chip_Clock_SetSysTickClockDiv
                0x00000b68       0x20 C:\Users\Bobasek\Documents\LPCXpresso_8.2.2_650\workspace\lpc_board_nxp_lpcxpresso_1549\Debug\liblpc_board_nxp_lpcxpresso_1549.a(board_sysinit.o)
 .text.Chip_SWM_MovablePortPinAssign
                0x00000b88       0x30 C:\Users\Bobasek\Documents\LPCXpresso_8.2.2_650\workspace\lpc_board_nxp_lpcxpresso_1549\Debug\liblpc_board_nxp_lpcxpresso_1549.a(board_sysinit.o)
 .text.Board_SetupMuxing
                0x00000bb8       0x80 C:\Users\Bobasek\Documents\LPCXpresso_8.2.2_650\workspace\lpc_board_nxp_lpcxpresso_1549\Debug\liblpc_board_nxp_lpcxpresso_1549.a(board_sysinit.o)
                0x00000bb8                Board_SetupMuxing
 .text.Board_SetupClocking
                0x00000c38       0x3c C:\Users\Bobasek\Documents\LPCXpresso_8.2.2_650\workspace\lpc_board_nxp_lpcxpresso_1549\Debug\liblpc_board_nxp_lpcxpresso_1549.a(board_sysinit.o)
                0x00000c38                Board_SetupClocking
 .text.Board_SystemInit
                0x00000c74       0x1c C:\Users\Bobasek\Documents\LPCXpresso_8.2.2_650\workspace\lpc_board_nxp_lpcxpresso_1549\Debug\liblpc_board_nxp_lpcxpresso_1549.a(board_sysinit.o)
                0x00000c74                Board_SystemInit
 .text.Chip_SYSCTL_PeriphReset
                0x00000c90       0x24 C:\Users\Bobasek\Documents\LPCXpresso_8.2.2_650\workspace\lpc_chip_15xx\Debug\liblpc_chip_15xx.a(adc_15xx.o)
 .text.Chip_ADC_SetDivider
                0x00000cb4       0x2c C:\Users\Bobasek\Documents\LPCXpresso_8.2.2_650\workspace\lpc_chip_15xx\Debug\liblpc_chip_15xx.a(adc_15xx.o)
 .text.Chip_ADC_SetIntBits
                0x00000ce0       0x28 C:\Users\Bobasek\Documents\LPCXpresso_8.2.2_650\workspace\lpc_chip_15xx\Debug\liblpc_chip_15xx.a(adc_15xx.o)
                0x00000ce0                Chip_ADC_SetIntBits
 .text.Chip_ADC_ClearIntBits
                0x00000d08       0x2c C:\Users\Bobasek\Documents\LPCXpresso_8.2.2_650\workspace\lpc_chip_15xx\Debug\liblpc_chip_15xx.a(adc_15xx.o)
                0x00000d08                Chip_ADC_ClearIntBits
 .text.Chip_ADC_ClearTHRSELBits
                0x00000d34       0x2c C:\Users\Bobasek\Documents\LPCXpresso_8.2.2_650\workspace\lpc_chip_15xx\Debug\liblpc_chip_15xx.a(adc_15xx.o)
                0x00000d34                Chip_ADC_ClearTHRSELBits
 .text.Chip_ADC_Init
                0x00000d60       0x50 C:\Users\Bobasek\Documents\LPCXpresso_8.2.2_650\workspace\lpc_chip_15xx\Debug\liblpc_chip_15xx.a(adc_15xx.o)
                0x00000d60                Chip_ADC_Init
 .text.Chip_ADC_SetClockRate
                0x00000db0       0x3c C:\Users\Bobasek\Documents\LPCXpresso_8.2.2_650\workspace\lpc_chip_15xx\Debug\liblpc_chip_15xx.a(adc_15xx.o)
                0x00000db0                Chip_ADC_SetClockRate
 .text.Chip_ADC_StartCalibration
                0x00000dec       0x40 C:\Users\Bobasek\Documents\LPCXpresso_8.2.2_650\workspace\lpc_chip_15xx\Debug\liblpc_chip_15xx.a(adc_15xx.o)
                0x00000dec                Chip_ADC_StartCalibration
 .text.Chip_ADC_SetSequencerBits
                0x00000e2c       0x38 C:\Users\Bobasek\Documents\LPCXpresso_8.2.2_650\workspace\lpc_chip_15xx\Debug\liblpc_chip_15xx.a(adc_15xx.o)
                0x00000e2c                Chip_ADC_SetSequencerBits
 .text.Chip_ADC_EnableInt
                0x00000e64       0x1c C:\Users\Bobasek\Documents\LPCXpresso_8.2.2_650\workspace\lpc_chip_15xx\Debug\liblpc_chip_15xx.a(adc_15xx.o)
                0x00000e64                Chip_ADC_EnableInt
 .text.Chip_ADC_SetThresholdInt
                0x00000e80       0x40 C:\Users\Bobasek\Documents\LPCXpresso_8.2.2_650\workspace\lpc_chip_15xx\Debug\liblpc_chip_15xx.a(adc_15xx.o)
                0x00000e80                Chip_ADC_SetThresholdInt
 .text.Chip_ADC_SelectTH0Channels
                0x00000ec0       0x1c C:\Users\Bobasek\Documents\LPCXpresso_8.2.2_650\workspace\lpc_chip_15xx\Debug\liblpc_chip_15xx.a(adc_15xx.o)
                0x00000ec0                Chip_ADC_SelectTH0Channels
 .text.SystemCoreClockUpdate
                0x00000edc       0x18 C:\Users\Bobasek\Documents\LPCXpresso_8.2.2_650\workspace\lpc_chip_15xx\Debug\liblpc_chip_15xx.a(chip_15xx.o)
                0x00000edc                SystemCoreClockUpdate
 .text.Chip_Clock_SetMain_A_ClockSource
                0x00000ef4       0x20 C:\Users\Bobasek\Documents\LPCXpresso_8.2.2_650\workspace\lpc_chip_15xx\Debug\liblpc_chip_15xx.a(clock_15xx.o)
 .text.Chip_Clock_GetMain_A_ClockSource
                0x00000f14       0x18 C:\Users\Bobasek\Documents\LPCXpresso_8.2.2_650\workspace\lpc_chip_15xx\Debug\liblpc_chip_15xx.a(clock_15xx.o)
 .text.Chip_Clock_SetMain_B_ClockSource
                0x00000f2c       0x20 C:\Users\Bobasek\Documents\LPCXpresso_8.2.2_650\workspace\lpc_chip_15xx\Debug\liblpc_chip_15xx.a(clock_15xx.o)
 .text.Chip_Clock_GetMain_B_ClockSource
                0x00000f4c       0x18 C:\Users\Bobasek\Documents\LPCXpresso_8.2.2_650\workspace\lpc_chip_15xx\Debug\liblpc_chip_15xx.a(clock_15xx.o)
 .text.Chip_Clock_GetSysTickClockDiv
                0x00000f64       0x18 C:\Users\Bobasek\Documents\LPCXpresso_8.2.2_650\workspace\lpc_chip_15xx\Debug\liblpc_chip_15xx.a(clock_15xx.o)
 .text.Chip_Clock_SetUARTFRGDivider
                0x00000f7c       0x20 C:\Users\Bobasek\Documents\LPCXpresso_8.2.2_650\workspace\lpc_chip_15xx\Debug\liblpc_chip_15xx.a(clock_15xx.o)
 .text.Chip_Clock_GetUARTFRGDivider
                0x00000f9c       0x18 C:\Users\Bobasek\Documents\LPCXpresso_8.2.2_650\workspace\lpc_chip_15xx\Debug\liblpc_chip_15xx.a(clock_15xx.o)
 .text.Chip_Clock_GetMainOscRate
                0x00000fb4       0x14 C:\Users\Bobasek\Documents\LPCXpresso_8.2.2_650\workspace\lpc_chip_15xx\Debug\liblpc_chip_15xx.a(clock_15xx.o)
 .text.Chip_Clock_GetIntOscRate
                0x00000fc8       0x14 C:\Users\Bobasek\Documents\LPCXpresso_8.2.2_650\workspace\lpc_chip_15xx\Debug\liblpc_chip_15xx.a(clock_15xx.o)
 .text.Chip_Clock_GetRTCOscRate
                0x00000fdc       0x14 C:\Users\Bobasek\Documents\LPCXpresso_8.2.2_650\workspace\lpc_chip_15xx\Debug\liblpc_chip_15xx.a(clock_15xx.o)
 .text.Chip_Clock_GetWDTOSCRate
                0x00000ff0       0x14 C:\Users\Bobasek\Documents\LPCXpresso_8.2.2_650\workspace\lpc_chip_15xx\Debug\liblpc_chip_15xx.a(clock_15xx.o)
 .text.Chip_Clock_GetPLLFreq
                0x00001004       0x28 C:\Users\Bobasek\Documents\LPCXpresso_8.2.2_650\workspace\lpc_chip_15xx\Debug\liblpc_chip_15xx.a(clock_15xx.o)
 .text.Chip_Clock_GetPLLInClockRate
                0x0000102c       0x38 C:\Users\Bobasek\Documents\LPCXpresso_8.2.2_650\workspace\lpc_chip_15xx\Debug\liblpc_chip_15xx.a(clock_15xx.o)
 .text.Chip_Clock_GetSystemPLLInClockRate
                0x00001064       0x1c C:\Users\Bobasek\Documents\LPCXpresso_8.2.2_650\workspace\lpc_chip_15xx\Debug\liblpc_chip_15xx.a(clock_15xx.o)
                0x00001064                Chip_Clock_GetSystemPLLInClockRate
 .text.Chip_Clock_GetSystemPLLOutClockRate
                0x00001080       0x24 C:\Users\Bobasek\Documents\LPCXpresso_8.2.2_650\workspace\lpc_chip_15xx\Debug\liblpc_chip_15xx.a(clock_15xx.o)
                0x00001080                Chip_Clock_GetSystemPLLOutClockRate
 .text.Chip_Clock_GetMain_A_ClockRate
                0x000010a4       0x44 C:\Users\Bobasek\Documents\LPCXpresso_8.2.2_650\workspace\lpc_chip_15xx\Debug\liblpc_chip_15xx.a(clock_15xx.o)
                0x000010a4                Chip_Clock_GetMain_A_ClockRate
 .text.Chip_Clock_GetMain_B_ClockRate
                0x000010e8       0x58 C:\Users\Bobasek\Documents\LPCXpresso_8.2.2_650\workspace\lpc_chip_15xx\Debug\liblpc_chip_15xx.a(clock_15xx.o)
                0x000010e8                Chip_Clock_GetMain_B_ClockRate
 .text.Chip_Clock_SetMainClockSource
                0x00001140       0x3c C:\Users\Bobasek\Documents\LPCXpresso_8.2.2_650\workspace\lpc_chip_15xx\Debug\liblpc_chip_15xx.a(clock_15xx.o)
                0x00001140                Chip_Clock_SetMainClockSource
 .text.Chip_Clock_GetMainClockRate
                0x0000117c       0x28 C:\Users\Bobasek\Documents\LPCXpresso_8.2.2_650\workspace\lpc_chip_15xx\Debug\liblpc_chip_15xx.a(clock_15xx.o)
                0x0000117c                Chip_Clock_GetMainClockRate
 .text.Chip_Clock_EnablePeriphClock
                0x000011a4       0x54 C:\Users\Bobasek\Documents\LPCXpresso_8.2.2_650\workspace\lpc_chip_15xx\Debug\liblpc_chip_15xx.a(clock_15xx.o)
                0x000011a4                Chip_Clock_EnablePeriphClock
 .text.Chip_Clock_GetSysTickClockRate
                0x000011f8       0x30 C:\Users\Bobasek\Documents\LPCXpresso_8.2.2_650\workspace\lpc_chip_15xx\Debug\liblpc_chip_15xx.a(clock_15xx.o)
                0x000011f8                Chip_Clock_GetSysTickClockRate
 .text.Chip_Clock_GetUARTBaseClockRate
                0x00001228       0x88 C:\Users\Bobasek\Documents\LPCXpresso_8.2.2_650\workspace\lpc_chip_15xx\Debug\liblpc_chip_15xx.a(clock_15xx.o)
                0x00001228                Chip_Clock_GetUARTBaseClockRate
 .text.Chip_Clock_SetUARTBaseClockRate
                0x000012b0       0xa0 C:\Users\Bobasek\Documents\LPCXpresso_8.2.2_650\workspace\lpc_chip_15xx\Debug\liblpc_chip_15xx.a(clock_15xx.o)
                0x000012b0                Chip_Clock_SetUARTBaseClockRate
 .text.Chip_Clock_GetSystemClockRate
                0x00001350       0x1c C:\Users\Bobasek\Documents\LPCXpresso_8.2.2_650\workspace\lpc_chip_15xx\Debug\liblpc_chip_15xx.a(clock_15xx.o)
                0x00001350                Chip_Clock_GetSystemClockRate
 .text.Chip_SYSCTL_PeriphReset
                0x0000136c       0x24 C:\Users\Bobasek\Documents\LPCXpresso_8.2.2_650\workspace\lpc_chip_15xx\Debug\liblpc_chip_15xx.a(gpio_15xx.o)
 .text.Chip_GPIO_Init
                0x00001390       0x30 C:\Users\Bobasek\Documents\LPCXpresso_8.2.2_650\workspace\lpc_chip_15xx\Debug\liblpc_chip_15xx.a(gpio_15xx.o)
                0x00001390                Chip_GPIO_Init
 .text.Chip_IOCON_PinMuxSet
                0x000013c0       0x2c C:\Users\Bobasek\Documents\LPCXpresso_8.2.2_650\workspace\lpc_chip_15xx\Debug\liblpc_chip_15xx.a(iocon_15xx.o)
 .text.Chip_IOCON_SetPinMuxing
                0x000013ec       0x50 C:\Users\Bobasek\Documents\LPCXpresso_8.2.2_650\workspace\lpc_chip_15xx\Debug\liblpc_chip_15xx.a(iocon_15xx.o)
                0x000013ec                Chip_IOCON_SetPinMuxing
 .text.Chip_SWM_MovablePinAssign
                0x0000143c       0x5c C:\Users\Bobasek\Documents\LPCXpresso_8.2.2_650\workspace\lpc_chip_15xx\Debug\liblpc_chip_15xx.a(swm_15xx.o)
                0x0000143c                Chip_SWM_MovablePinAssign
 .text.Chip_SWM_EnableFixedPin
                0x00001498       0x48 C:\Users\Bobasek\Documents\LPCXpresso_8.2.2_650\workspace\lpc_chip_15xx\Debug\liblpc_chip_15xx.a(swm_15xx.o)
                0x00001498                Chip_SWM_EnableFixedPin
 .text.Chip_SYSCTL_AssertPeriphReset
                0x000014e0       0x48 C:\Users\Bobasek\Documents\LPCXpresso_8.2.2_650\workspace\lpc_chip_15xx\Debug\liblpc_chip_15xx.a(sysctl_15xx.o)
                0x000014e0                Chip_SYSCTL_AssertPeriphReset
 .text.Chip_SYSCTL_DeassertPeriphReset
                0x00001528       0x4c C:\Users\Bobasek\Documents\LPCXpresso_8.2.2_650\workspace\lpc_chip_15xx\Debug\liblpc_chip_15xx.a(sysctl_15xx.o)
                0x00001528                Chip_SYSCTL_DeassertPeriphReset
 .text.Chip_SYSCTL_PowerDown
                0x00001574       0x40 C:\Users\Bobasek\Documents\LPCXpresso_8.2.2_650\workspace\lpc_chip_15xx\Debug\liblpc_chip_15xx.a(sysctl_15xx.o)
                0x00001574                Chip_SYSCTL_PowerDown
 .text.Chip_SYSCTL_PowerUp
                0x000015b4       0x40 C:\Users\Bobasek\Documents\LPCXpresso_8.2.2_650\workspace\lpc_chip_15xx\Debug\liblpc_chip_15xx.a(sysctl_15xx.o)
                0x000015b4                Chip_SYSCTL_PowerUp
 .text.Chip_FMC_SetFLASHAccess
                0x000015f4       0x38 C:\Users\Bobasek\Documents\LPCXpresso_8.2.2_650\workspace\lpc_chip_15xx\Debug\liblpc_chip_15xx.a(sysinit_15xx.o)
 .text.Chip_Clock_SetSystemPLLSource
                0x0000162c       0x20 C:\Users\Bobasek\Documents\LPCXpresso_8.2.2_650\workspace\lpc_chip_15xx\Debug\liblpc_chip_15xx.a(sysinit_15xx.o)
 .text.Chip_Clock_SetupSystemPLL
                0x0000164c       0x34 C:\Users\Bobasek\Documents\LPCXpresso_8.2.2_650\workspace\lpc_chip_15xx\Debug\liblpc_chip_15xx.a(sysinit_15xx.o)
 .text.Chip_Clock_IsSystemPLLLocked
                0x00001680       0x24 C:\Users\Bobasek\Documents\LPCXpresso_8.2.2_650\workspace\lpc_chip_15xx\Debug\liblpc_chip_15xx.a(sysinit_15xx.o)
 .text.Chip_Clock_SetSysClockDiv
                0x000016a4       0x20 C:\Users\Bobasek\Documents\LPCXpresso_8.2.2_650\workspace\lpc_chip_15xx\Debug\liblpc_chip_15xx.a(sysinit_15xx.o)
 .text.Chip_SetupXtalClocking
                0x000016c4       0x6c C:\Users\Bobasek\Documents\LPCXpresso_8.2.2_650\workspace\lpc_chip_15xx\Debug\liblpc_chip_15xx.a(sysinit_15xx.o)
                0x000016c4                Chip_SetupXtalClocking
 .text.Chip_SYSCTL_PeriphReset
                0x00001730       0x24 C:\Users\Bobasek\Documents\LPCXpresso_8.2.2_650\workspace\lpc_chip_15xx\Debug\liblpc_chip_15xx.a(uart_15xx.o)
 .text.Chip_UART_SendByte
                0x00001754       0x1c C:\Users\Bobasek\Documents\LPCXpresso_8.2.2_650\workspace\lpc_chip_15xx\Debug\liblpc_chip_15xx.a(uart_15xx.o)
 .text.Chip_UART_GetStatus
                0x00001770       0x18 C:\Users\Bobasek\Documents\LPCXpresso_8.2.2_650\workspace\lpc_chip_15xx\Debug\liblpc_chip_15xx.a(uart_15xx.o)
 .text.getUARTClockID
                0x00001788       0x34 C:\Users\Bobasek\Documents\LPCXpresso_8.2.2_650\workspace\lpc_chip_15xx\Debug\liblpc_chip_15xx.a(uart_15xx.o)
 .text.Chip_UART_Init
                0x000017bc       0x4c C:\Users\Bobasek\Documents\LPCXpresso_8.2.2_650\workspace\lpc_chip_15xx\Debug\liblpc_chip_15xx.a(uart_15xx.o)
                0x000017bc                Chip_UART_Init
 .text.Chip_UART_Send
                0x00001808       0x50 C:\Users\Bobasek\Documents\LPCXpresso_8.2.2_650\workspace\lpc_chip_15xx\Debug\liblpc_chip_15xx.a(uart_15xx.o)
                0x00001808                Chip_UART_Send
 .text.Chip_UART_SendBlocking
                0x00001858       0x4c C:\Users\Bobasek\Documents\LPCXpresso_8.2.2_650\workspace\lpc_chip_15xx\Debug\liblpc_chip_15xx.a(uart_15xx.o)
                0x00001858                Chip_UART_SendBlocking
 .text.Chip_UART_SetBaud
                0x000018a4       0x2c C:\Users\Bobasek\Documents\LPCXpresso_8.2.2_650\workspace\lpc_chip_15xx\Debug\liblpc_chip_15xx.a(uart_15xx.o)
                0x000018a4                Chip_UART_SetBaud
 .text.__main   0x000018d0       0x14 c:/nxp/lpcxpresso_8.2.2_650/lpcxpresso/tools/bin/../lib/gcc/arm-none-eabi/5.4.1/../../../../arm-none-eabi/lib/armv7-m\libcr_nohost.a(_cr__main.o)
                0x000018d0                __main
 .text.fp_round
                0x000018e4       0x4c c:/nxp/lpcxpresso_8.2.2_650/lpcxpresso/tools/bin/../lib/gcc/arm-none-eabi/5.4.1/../../../../arm-none-eabi/lib/armv7-m\libcr_c.a(fpprintf.o)
 .text.pr_dec.constprop.1
                0x00001930       0x26 c:/nxp/lpcxpresso_8.2.2_650/lpcxpresso/tools/bin/../lib/gcc/arm-none-eabi/5.4.1/../../../../arm-none-eabi/lib/armv7-m\libcr_c.a(fpprintf.o)
 *fill*         0x00001956        0x2 ff
 .text.sprintf  0x00001958       0x6c c:/nxp/lpcxpresso_8.2.2_650/lpcxpresso/tools/bin/../lib/gcc/arm-none-eabi/5.4.1/../../../../arm-none-eabi/lib/armv7-m\libcr_c.a(fpprintf.o)
                0x00001958                sprintf
 *fill*         0x000019c4        0x4 ff
 .text.fp_display
                0x000019c8      0x8ec c:/nxp/lpcxpresso_8.2.2_650/lpcxpresso/tools/bin/../lib/gcc/arm-none-eabi/5.4.1/../../../../arm-none-eabi/lib/armv7-m\libcr_c.a(fpprintf.o)
 .text.vsnprintf
                0x000022b4       0x5c c:/nxp/lpcxpresso_8.2.2_650/lpcxpresso/tools/bin/../lib/gcc/arm-none-eabi/5.4.1/../../../../arm-none-eabi/lib/armv7-m\libcr_c.a(fpprintf.o)
                0x000022b4                vsnprintf
 .text.printf   0x00002310       0x54 c:/nxp/lpcxpresso_8.2.2_650/lpcxpresso/tools/bin/../lib/gcc/arm-none-eabi/5.4.1/../../../../arm-none-eabi/lib/armv7-m\libcr_c.a(fpprintf.o)
                0x00002310                printf
 .text._initio  0x00002364       0xa4 c:/nxp/lpcxpresso_8.2.2_650/lpcxpresso/tools/bin/../lib/gcc/arm-none-eabi/5.4.1/../../../../arm-none-eabi/lib/armv7-m\libcr_c.a(initio.o)
                0x00002364                _initio
 .text.__vfprintf
                0x00002408      0xd28 c:/nxp/lpcxpresso_8.2.2_650/lpcxpresso/tools/bin/../lib/gcc/arm-none-eabi/5.4.1/../../../../arm-none-eabi/lib/armv7-m\libcr_c.a(printf.o)
                0x00002408                __vfprintf
 .text.setvbuf  0x00003130       0x40 c:/nxp/lpcxpresso_8.2.2_650/lpcxpresso/tools/bin/../lib/gcc/arm-none-eabi/5.4.1/../../../../arm-none-eabi/lib/armv7-m\libcr_c.a(setvbuf.o)
                0x00003130                setvbuf
 .text.strlen   0x00003170       0x4a c:/nxp/lpcxpresso_8.2.2_650/lpcxpresso/tools/bin/../lib/gcc/arm-none-eabi/5.4.1/../../../../arm-none-eabi/lib/armv7-m\libcr_c.a(strlen.o)
                0x00003170                strlen
 .text.memset   0x000031ba        0x4 c:/nxp/lpcxpresso_8.2.2_650/lpcxpresso/tools/bin/../lib/gcc/arm-none-eabi/5.4.1/../../../../arm-none-eabi/lib/armv7-m\libcr_c.a(memset.o)
                0x000031ba                memset
 .text._deferredlazyseek
                0x000031be       0x44 c:/nxp/lpcxpresso_8.2.2_650/lpcxpresso/tools/bin/../lib/gcc/arm-none-eabi/5.4.1/../../../../arm-none-eabi/lib/armv7-m\libcr_c.a(_deferredlazyseek.o)
                0x000031be                _deferredlazyseek
 .text.__flsbuf
                0x00003202      0x140 c:/nxp/lpcxpresso_8.2.2_650/lpcxpresso/tools/bin/../lib/gcc/arm-none-eabi/5.4.1/../../../../arm-none-eabi/lib/armv7-m\libcr_c.a(_deferredlazyseek.o)
                0x00003202                __flsbuf
 .text._fdopen  0x00003342       0x6a c:/nxp/lpcxpresso_8.2.2_650/lpcxpresso/tools/bin/../lib/gcc/arm-none-eabi/5.4.1/../../../../arm-none-eabi/lib/armv7-m\libcr_c.a(_fdopen.o)
                0x00003342                _fdopen
 .text._fflush  0x000033ac       0x58 c:/nxp/lpcxpresso_8.2.2_650/lpcxpresso/tools/bin/../lib/gcc/arm-none-eabi/5.4.1/../../../../arm-none-eabi/lib/armv7-m\libcr_c.a(_fflush.o)
                0x000033ac                _fflush
 .text._frexpl  0x00003404       0x5a c:/nxp/lpcxpresso_8.2.2_650/lpcxpresso/tools/bin/../lib/gcc/arm-none-eabi/5.4.1/../../../../arm-none-eabi/lib/armv7-m\libcr_c.a(_frexpl.o)
                0x00003404                _frexpl
 *fill*         0x0000345e        0x2 ff
 .text._ldexpl  0x00003460       0x4c c:/nxp/lpcxpresso_8.2.2_650/lpcxpresso/tools/bin/../lib/gcc/arm-none-eabi/5.4.1/../../../../arm-none-eabi/lib/armv7-m\libcr_c.a(_ldexpl.o)
                0x00003460                _ldexpl
 .text._Cwritebuf
                0x000034ac       0x68 c:/nxp/lpcxpresso_8.2.2_650/lpcxpresso/tools/bin/../lib/gcc/arm-none-eabi/5.4.1/../../../../arm-none-eabi/lib/armv7-m\libcr_c.a(_writebuf.o)
                0x000034ac                _Cwritebuf
 .text.malloc   0x00003514       0xc8 c:/nxp/lpcxpresso_8.2.2_650/lpcxpresso/tools/bin/../lib/gcc/arm-none-eabi/5.4.1/../../../../arm-none-eabi/lib/armv7-m\libcr_c.a(alloc.o)
                0x00003514                malloc
 .text.free     0x000035dc       0x30 c:/nxp/lpcxpresso_8.2.2_650/lpcxpresso/tools/bin/../lib/gcc/arm-none-eabi/5.4.1/../../../../arm-none-eabi/lib/armv7-m\libcr_c.a(alloc.o)
                0x000035dc                free
 .text._Csys_alloc
                0x0000360c       0x20 c:/nxp/lpcxpresso_8.2.2_650/lpcxpresso/tools/bin/../lib/gcc/arm-none-eabi/5.4.1/../../../../arm-none-eabi/lib/armv7-m\libcr_c.a(alloc.o)
                0x0000360c                _Csys_alloc
 .text.fclose   0x0000362c       0x6c c:/nxp/lpcxpresso_8.2.2_650/lpcxpresso/tools/bin/../lib/gcc/arm-none-eabi/5.4.1/../../../../arm-none-eabi/lib/armv7-m\libcr_c.a(fclose.o)
                0x0000362c                fclose
 .text.fflush   0x00003698       0x30 c:/nxp/lpcxpresso_8.2.2_650/lpcxpresso/tools/bin/../lib/gcc/arm-none-eabi/5.4.1/../../../../arm-none-eabi/lib/armv7-m\libcr_c.a(fflush.o)
                0x00003698                fflush
 .text.fseek    0x000036c8      0x110 c:/nxp/lpcxpresso_8.2.2_650/lpcxpresso/tools/bin/../lib/gcc/arm-none-eabi/5.4.1/../../../../arm-none-eabi/lib/armv7-m\libcr_c.a(fseek.o)
                0x000036c8                fseek
 .text.ftell    0x000037d8       0x4c c:/nxp/lpcxpresso_8.2.2_650/lpcxpresso/tools/bin/../lib/gcc/arm-none-eabi/5.4.1/../../../../arm-none-eabi/lib/armv7-m\libcr_c.a(ftell.o)
                0x000037d8                ftell
 .text.remove   0x00003824       0x14 c:/nxp/lpcxpresso_8.2.2_650/lpcxpresso/tools/bin/../lib/gcc/arm-none-eabi/5.4.1/../../../../arm-none-eabi/lib/armv7-m\libcr_c.a(remove.o)
                0x00003824                remove
 .text._sbrk    0x00003838       0x40 c:/nxp/lpcxpresso_8.2.2_650/lpcxpresso/tools/bin/../lib/gcc/arm-none-eabi/5.4.1/../../../../arm-none-eabi/lib/armv7-m\libcr_c.a(_cr_sbrk.o)
                0x00003838                _sbrk
 .text._do_fflush
                0x00003878       0x44 c:/nxp/lpcxpresso_8.2.2_650/lpcxpresso/tools/bin/../lib/gcc/arm-none-eabi/5.4.1/../../../../arm-none-eabi/lib/armv7-m\libcr_c.a(_do_fflush.o)
                0x00003878                _do_fflush
 .text.__check_heap_overflow
                0x000038bc       0x18 c:/nxp/lpcxpresso_8.2.2_650/lpcxpresso/tools/bin/../lib/gcc/arm-none-eabi/5.4.1/../../../../arm-none-eabi/lib/armv7-m\libcr_c.a(_cr_check_heap.o)
                0x000038bc                __check_heap_overflow
 .text.__aeabi_division_uldivmod
                0x000038d4      0x174 c:/nxp/lpcxpresso_8.2.2_650/lpcxpresso/tools/bin/../lib/gcc/arm-none-eabi/5.4.1/armv7-m\libcr_eabihelpers.a(division_64.o)
                0x000038d4                __aeabi_uldivmod
                0x000038d8                __bhs_ldivmod1
 .text.__aeabi_division_idiv0
                0x00003a48        0x2 c:/nxp/lpcxpresso_8.2.2_650/lpcxpresso/tools/bin/../lib/gcc/arm-none-eabi/5.4.1/armv7-m\libcr_eabihelpers.a(division_idiv0.o)
                0x00003a48                __aeabi_idiv0
 *fill*         0x00003a4a        0x2 ff
 .text.__aeabi_dmul
                0x00003a4c      0x110 c:/nxp/lpcxpresso_8.2.2_650/lpcxpresso/tools/bin/../lib/gcc/arm-none-eabi/5.4.1/armv7-m\libcr_eabihelpers.a(double.o)
                0x00003a4c                __aeabi_dmul
 .text.__aeabi_ddiv
                0x00003b5c      0x138 c:/nxp/lpcxpresso_8.2.2_650/lpcxpresso/tools/bin/../lib/gcc/arm-none-eabi/5.4.1/armv7-m\libcr_eabihelpers.a(double.o)
                0x00003b5c                __aeabi_ddiv
 .text.__aeabi_dsub
                0x00003c94      0x1a0 c:/nxp/lpcxpresso_8.2.2_650/lpcxpresso/tools/bin/../lib/gcc/arm-none-eabi/5.4.1/armv7-m\libcr_eabihelpers.a(double.o)
                0x00003c94                __aeabi_dsub
 .text.__aeabi_dadd
                0x00003e34      0x10c c:/nxp/lpcxpresso_8.2.2_650/lpcxpresso/tools/bin/../lib/gcc/arm-none-eabi/5.4.1/armv7-m\libcr_eabihelpers.a(double.o)
                0x00003e34                __aeabi_dadd
 .text.__aeabi_d2iz
                0x00003f40       0x40 c:/nxp/lpcxpresso_8.2.2_650/lpcxpresso/tools/bin/../lib/gcc/arm-none-eabi/5.4.1/armv7-m\libcr_eabihelpers.a(double.o)
                0x00003f40                __aeabi_d2iz
 .text.__bhs_ui2d
                0x00003f80       0x46 c:/nxp/lpcxpresso_8.2.2_650/lpcxpresso/tools/bin/../lib/gcc/arm-none-eabi/5.4.1/armv7-m\libcr_eabihelpers.a(double.o)
                0x00003f80                __bhs_ui2d
 .text.__aeabi_i2d
                0x00003fc6       0x10 c:/nxp/lpcxpresso_8.2.2_650/lpcxpresso/tools/bin/../lib/gcc/arm-none-eabi/5.4.1/armv7-m\libcr_eabihelpers.a(double.o)
                0x00003fc6                __aeabi_i2d
 .text.__aeabi_dcmpeq
                0x00003fd6       0x2c c:/nxp/lpcxpresso_8.2.2_650/lpcxpresso/tools/bin/../lib/gcc/arm-none-eabi/5.4.1/armv7-m\libcr_eabihelpers.a(double.o)
                0x00003fd6                __aeabi_dcmpeq
 .text.__aeabi_dcmplt
                0x00004002       0x54 c:/nxp/lpcxpresso_8.2.2_650/lpcxpresso/tools/bin/../lib/gcc/arm-none-eabi/5.4.1/armv7-m\libcr_eabihelpers.a(double.o)
                0x00004002                __aeabi_dcmplt
 .text.__aeabi_dcmple
                0x00004056       0x54 c:/nxp/lpcxpresso_8.2.2_650/lpcxpresso/tools/bin/../lib/gcc/arm-none-eabi/5.4.1/armv7-m\libcr_eabihelpers.a(double.o)
                0x00004056                __aeabi_dcmple
 .text.__aeabi_dcmpge
                0x000040aa       0x54 c:/nxp/lpcxpresso_8.2.2_650/lpcxpresso/tools/bin/../lib/gcc/arm-none-eabi/5.4.1/armv7-m\libcr_eabihelpers.a(double.o)
                0x000040aa                __aeabi_dcmpge
 .text.__aeabi_memset_lowlevel
                0x000040fe       0x32 c:/nxp/lpcxpresso_8.2.2_650/lpcxpresso/tools/bin/../lib/gcc/arm-none-eabi/5.4.1/armv7-m\libcr_eabihelpers.a(memcpy.o)
                0x000040fe                __aeabi_lowlevel_memset
 .text.__sys_appexit
                0x00004130        0x2 c:/nxp/lpcxpresso_8.2.2_650/lpcxpresso/tools/bin/../lib/gcc/arm-none-eabi/5.4.1/../../../../arm-none-eabi/lib/armv7-m\libcr_nohost.a(__sys_appexit.o)
                0x00004130                __sys_appexit
                0x00004130                __exit
 .text.__sys_close
                0x00004132        0x6 c:/nxp/lpcxpresso_8.2.2_650/lpcxpresso/tools/bin/../lib/gcc/arm-none-eabi/5.4.1/../../../../arm-none-eabi/lib/armv7-m\libcr_nohost.a(__sys_close.o)
                0x00004132                __sys_close
 .text.__sys_flen
                0x00004138        0x6 c:/nxp/lpcxpresso_8.2.2_650/lpcxpresso/tools/bin/../lib/gcc/arm-none-eabi/5.4.1/../../../../arm-none-eabi/lib/armv7-m\libcr_nohost.a(__sys_flen.o)
                0x00004138                __sys_flen
 .text.__sys_istty
                0x0000413e        0x6 c:/nxp/lpcxpresso_8.2.2_650/lpcxpresso/tools/bin/../lib/gcc/arm-none-eabi/5.4.1/../../../../arm-none-eabi/lib/armv7-m\libcr_nohost.a(__sys_istty.o)
                0x0000413e                __sys_istty
 .text.__sys_remove
                0x00004144        0x6 c:/nxp/lpcxpresso_8.2.2_650/lpcxpresso/tools/bin/../lib/gcc/arm-none-eabi/5.4.1/../../../../arm-none-eabi/lib/armv7-m\libcr_nohost.a(__sys_remove.o)
                0x00004144                __sys_remove
 .text.__sys_seek
                0x0000414a        0x6 c:/nxp/lpcxpresso_8.2.2_650/lpcxpresso/tools/bin/../lib/gcc/arm-none-eabi/5.4.1/../../../../arm-none-eabi/lib/armv7-m\libcr_nohost.a(__sys_seek.o)
                0x0000414a                __sys_seek
 .text.__sys_tmpnam
                0x00004150        0x6 c:/nxp/lpcxpresso_8.2.2_650/lpcxpresso/tools/bin/../lib/gcc/arm-none-eabi/5.4.1/../../../../arm-none-eabi/lib/armv7-m\libcr_nohost.a(__sys_tmpnam.o)
                0x00004150                __sys_tmpnam
 *(.rodata .rodata.* .constdata .constdata.*)
 *fill*         0x00004156        0x2 ff
 .rodata        0x00004158       0xbb ./example/src/adc.o
 *fill*         0x00004213        0x1 ff
 .rodata.OscRateIn
                0x00004214        0x4 C:\Users\Bobasek\Documents\LPCXpresso_8.2.2_650\workspace\lpc_board_nxp_lpcxpresso_1549\Debug\liblpc_board_nxp_lpcxpresso_1549.a(board.o)
                0x00004214                OscRateIn
 .rodata.RTCOscRateIn
                0x00004218        0x4 C:\Users\Bobasek\Documents\LPCXpresso_8.2.2_650\workspace\lpc_board_nxp_lpcxpresso_1549\Debug\liblpc_board_nxp_lpcxpresso_1549.a(board.o)
                0x00004218                RTCOscRateIn
 .rodata.ledpins
                0x0000421c        0x3 C:\Users\Bobasek\Documents\LPCXpresso_8.2.2_650\workspace\lpc_board_nxp_lpcxpresso_1549\Debug\liblpc_board_nxp_lpcxpresso_1549.a(board.o)
 *fill*         0x0000421f        0x1 ff
 .rodata.ledports
                0x00004220        0x3 C:\Users\Bobasek\Documents\LPCXpresso_8.2.2_650\workspace\lpc_board_nxp_lpcxpresso_1549\Debug\liblpc_board_nxp_lpcxpresso_1549.a(board.o)
 *fill*         0x00004223        0x1 ff
 .rodata.ioconSetup
                0x00004224       0x74 C:\Users\Bobasek\Documents\LPCXpresso_8.2.2_650\workspace\lpc_board_nxp_lpcxpresso_1549\Debug\liblpc_board_nxp_lpcxpresso_1549.a(board_sysinit.o)
 .rodata.swmSetup
                0x00004298        0x6 C:\Users\Bobasek\Documents\LPCXpresso_8.2.2_650\workspace\lpc_board_nxp_lpcxpresso_1549\Debug\liblpc_board_nxp_lpcxpresso_1549.a(board_sysinit.o)
 .rodata.str1.1
                0x0000429e       0x34 c:/nxp/lpcxpresso_8.2.2_650/lpcxpresso/tools/bin/../lib/gcc/arm-none-eabi/5.4.1/../../../../arm-none-eabi/lib/armv7-m\libcr_c.a(fpprintf.o)
                                 0x35 (size before relaxing)
 .rodata.str1.1
                0x000042d2        0x4 c:/nxp/lpcxpresso_8.2.2_650/lpcxpresso/tools/bin/../lib/gcc/arm-none-eabi/5.4.1/../../../../arm-none-eabi/lib/armv7-m\libcr_c.a(initio.o)
 .rodata.str1.1
                0x000042d6       0x31 c:/nxp/lpcxpresso_8.2.2_650/lpcxpresso/tools/bin/../lib/gcc/arm-none-eabi/5.4.1/../../../../arm-none-eabi/lib/armv7-m\libcr_c.a(printf.o)
                                 0x38 (size before relaxing)
 .rodata.str1.1
                0x00004307       0x18 c:/nxp/lpcxpresso_8.2.2_650/lpcxpresso/tools/bin/../lib/gcc/arm-none-eabi/5.4.1/../../../../arm-none-eabi/lib/armv7-m\libcr_c.a(alloc.o)
 *fill*         0x0000431f        0x1 ff
 .rodata.__huge_vall
                0x00004320        0x8 c:/nxp/lpcxpresso_8.2.2_650/lpcxpresso/tools/bin/../lib/gcc/arm-none-eabi/5.4.1/../../../../arm-none-eabi/lib/armv7-m\libcr_c.a(_hugeval.o)
                0x00004320                __huge_vall
                0x00004328                . = ALIGN (0x4)

.glue_7         0x00004328        0x0
 .glue_7        0x00004328        0x0 linker stubs

.glue_7t        0x00004328        0x0
 .glue_7t       0x00004328        0x0 linker stubs

.vfp11_veneer   0x00004328        0x0
 .vfp11_veneer  0x00004328        0x0 linker stubs

.v4_bx          0x00004328        0x0
 .v4_bx         0x00004328        0x0 linker stubs

.iplt           0x00004328        0x0
 .iplt          0x00004328        0x0 ./example/src/adc.o

.rel.dyn        0x00004328        0x0
 .rel.iplt      0x00004328        0x0 ./example/src/adc.o

.ARM.extab
 *(.ARM.extab* .gnu.linkonce.armextab.*)
                0x00004328                __exidx_start = .

.ARM.exidx
 *(.ARM.exidx* .gnu.linkonce.armexidx.*)
                0x00004328                __exidx_end = .
                0x00004328                _etext = .

.data_RAM2      0x02004000        0x0 load address 0x00004328
 FILL mask 0xff
                [!provide]                PROVIDE (__start_data_RAM2, .)
 *(.ramfunc.$RAM2)
 *(.ramfunc.$Ram1_16)
 *(.data.$RAM2*)
 *(.data.$Ram1_16*)
                0x02004000                . = ALIGN (0x4)
                [!provide]                PROVIDE (__end_data_RAM2, .)

.data_RAM3      0x02008000        0x0 load address 0x00004328
 FILL mask 0xff
                [!provide]                PROVIDE (__start_data_RAM3, .)
 *(.ramfunc.$RAM3)
 *(.ramfunc.$Ram2_4)
 *(.data.$RAM3*)
 *(.data.$Ram2_4*)
                0x02008000                . = ALIGN (0x4)
                [!provide]                PROVIDE (__end_data_RAM3, .)

.uninit_RESERVED
                0x02000000        0x0
 *(.bss.$RESERVED*)
                0x02000000                . = ALIGN (0x4)
                0x02000000                _end_uninit_RESERVED = .

.data           0x02000000        0x0 load address 0x00004328
 FILL mask 0xff
                0x02000000                _data = .
 *(vtable)
 *(.ramfunc*)
 *(.data*)
                0x02000000                . = ALIGN (0x4)
                0x02000000                _edata = .

.igot.plt       0x02000000        0x0 load address 0x00004328
 .igot.plt      0x02000000        0x0 ./example/src/adc.o

.bss_RAM2       0x02004000        0x0
                [!provide]                PROVIDE (__start_bss_RAM2, .)
 *(.bss.$RAM2*)
 *(.bss.$Ram1_16*)
                0x02004000                . = ALIGN ((. != 0x0)?0x4:0x1)
                [!provide]                PROVIDE (__end_bss_RAM2, .)

.bss_RAM3       0x02008000        0x0
                [!provide]                PROVIDE (__start_bss_RAM3, .)
 *(.bss.$RAM3*)
 *(.bss.$Ram2_4*)
                0x02008000                . = ALIGN ((. != 0x0)?0x4:0x1)
                [!provide]                PROVIDE (__end_bss_RAM3, .)

.bss            0x02000000      0x15c
                0x02000000                _bss = .
 *(.bss*)
 .bss.sequence0Complete
                0x02000000        0x1 ./example/src/adc.o
 .bss.sequence1Complete
                0x02000001        0x1 ./example/src/adc.o
 .bss.threshold1Crossed
                0x02000002        0x1 ./example/src/adc.o
 *fill*         0x02000003        0x1 
 .bss.count.8167
                0x02000004        0x4 ./example/src/adc.o
 .bss._extra    0x02000008        0x4 c:/nxp/lpcxpresso_8.2.2_650/lpcxpresso/tools/bin/../lib/gcc/arm-none-eabi/5.4.1/../../../../arm-none-eabi/lib/armv7-m\libcr_c.a(initio.o)
                0x02000008                _extra
 .bss.__Ciob    0x0200000c      0x140 c:/nxp/lpcxpresso_8.2.2_650/lpcxpresso/tools/bin/../lib/gcc/arm-none-eabi/5.4.1/../../../../arm-none-eabi/lib/armv7-m\libcr_c.a(stdio.o)
                0x0200000c                __Ciob
 .bss.errno     0x0200014c        0x4 c:/nxp/lpcxpresso_8.2.2_650/lpcxpresso/tools/bin/../lib/gcc/arm-none-eabi/5.4.1/../../../../arm-none-eabi/lib/armv7-m\libcr_c.a(errno.o)
                0x0200014c                errno
 .bss.__heaps   0x02000150        0x4 c:/nxp/lpcxpresso_8.2.2_650/lpcxpresso/tools/bin/../lib/gcc/arm-none-eabi/5.4.1/../../../../arm-none-eabi/lib/armv7-m\libcr_c.a(__init_alloc.o)
                0x02000150                __heaps
 .bss.__end_of_heap
                0x02000154        0x4 c:/nxp/lpcxpresso_8.2.2_650/lpcxpresso/tools/bin/../lib/gcc/arm-none-eabi/5.4.1/../../../../arm-none-eabi/lib/armv7-m\libcr_c.a(__init_alloc.o)
                0x02000154                __end_of_heap
 *(COMMON)
 COMMON         0x02000158        0x4 C:\Users\Bobasek\Documents\LPCXpresso_8.2.2_650\workspace\lpc_chip_15xx\Debug\liblpc_chip_15xx.a(chip_15xx.o)
                0x02000158                SystemCoreClock
                0x0200015c                . = ALIGN (0x4)
                0x0200015c                _ebss = .
                [!provide]                PROVIDE (end, .)

.noinit_RAM2    0x02004000        0x0
 *(.noinit.$RAM2*)
 *(.noinit.$Ram1_16*)
                0x02004000                . = ALIGN (0x4)

.noinit_RAM3    0x02008000        0x0
 *(.noinit.$RAM3*)
 *(.noinit.$Ram2_4*)
                0x02008000                . = ALIGN (0x4)

.noinit         0x0200015c        0x0
                0x0200015c                _noinit = .
 *(.noinit*)
                0x0200015c                . = ALIGN (0x4)
                0x0200015c                _end_noinit = .
                0x0200015c                PROVIDE (_pvHeapStart, DEFINED (__user_heap_base)?__user_heap_base:.)
                0x02004000                PROVIDE (_vStackTop, DEFINED (__user_stack_top)?__user_stack_top:(__top_Ram0_16 - 0x0))
                [!provide]                PROVIDE (__valid_user_code_checksum, (0x0 - ((((((_vStackTop + (ResetISR + 0x1)) + (NMI_Handler + 0x1)) + (HardFault_Handler + 0x1)) + (DEFINED (MemManage_Handler)?MemManage_Handler:0x0 + 0x1)) + (DEFINED (BusFault_Handler)?BusFault_Handler:0x0 + 0x1)) + (DEFINED (UsageFault_Handler)?UsageFault_Handler:0x0 + 0x1))))
OUTPUT(periph_adc.axf elf32-littlearm)

.debug_info     0x00000000     0x6c6c
 .debug_info    0x00000000      0xe15 ./example/src/adc.o
 .debug_info    0x00000e15      0x279 ./example/src/cr_startup_lpc15xx.o
 .debug_info    0x0000108e       0xd8 ./example/src/sysinit.o
 .debug_info    0x00001166      0xaa8 C:\Users\Bobasek\Documents\LPCXpresso_8.2.2_650\workspace\lpc_board_nxp_lpcxpresso_1549\Debug\liblpc_board_nxp_lpcxpresso_1549.a(board.o)
 .debug_info    0x00001c0e      0xc90 C:\Users\Bobasek\Documents\LPCXpresso_8.2.2_650\workspace\lpc_board_nxp_lpcxpresso_1549\Debug\liblpc_board_nxp_lpcxpresso_1549.a(board_sysinit.o)
 .debug_info    0x0000289e      0x7a5 C:\Users\Bobasek\Documents\LPCXpresso_8.2.2_650\workspace\lpc_chip_15xx\Debug\liblpc_chip_15xx.a(adc_15xx.o)
 .debug_info    0x00003043      0x98d C:\Users\Bobasek\Documents\LPCXpresso_8.2.2_650\workspace\lpc_chip_15xx\Debug\liblpc_chip_15xx.a(chip_15xx.o)
 .debug_info    0x000039d0      0xd3e C:\Users\Bobasek\Documents\LPCXpresso_8.2.2_650\workspace\lpc_chip_15xx\Debug\liblpc_chip_15xx.a(clock_15xx.o)
 .debug_info    0x0000470e      0x624 C:\Users\Bobasek\Documents\LPCXpresso_8.2.2_650\workspace\lpc_chip_15xx\Debug\liblpc_chip_15xx.a(gpio_15xx.o)
 .debug_info    0x00004d32      0x1f9 C:\Users\Bobasek\Documents\LPCXpresso_8.2.2_650\workspace\lpc_chip_15xx\Debug\liblpc_chip_15xx.a(iocon_15xx.o)
 .debug_info    0x00004f2b      0x5ea C:\Users\Bobasek\Documents\LPCXpresso_8.2.2_650\workspace\lpc_chip_15xx\Debug\liblpc_chip_15xx.a(swm_15xx.o)
 .debug_info    0x00005515      0x74c C:\Users\Bobasek\Documents\LPCXpresso_8.2.2_650\workspace\lpc_chip_15xx\Debug\liblpc_chip_15xx.a(sysctl_15xx.o)
 .debug_info    0x00005c61      0x738 C:\Users\Bobasek\Documents\LPCXpresso_8.2.2_650\workspace\lpc_chip_15xx\Debug\liblpc_chip_15xx.a(sysinit_15xx.o)
 .debug_info    0x00006399      0x8d3 C:\Users\Bobasek\Documents\LPCXpresso_8.2.2_650\workspace\lpc_chip_15xx\Debug\liblpc_chip_15xx.a(uart_15xx.o)

.debug_abbrev   0x00000000     0x1662
 .debug_abbrev  0x00000000      0x294 ./example/src/adc.o
 .debug_abbrev  0x00000294       0xed ./example/src/cr_startup_lpc15xx.o
 .debug_abbrev  0x00000381       0x82 ./example/src/sysinit.o
 .debug_abbrev  0x00000403      0x20e C:\Users\Bobasek\Documents\LPCXpresso_8.2.2_650\workspace\lpc_board_nxp_lpcxpresso_1549\Debug\liblpc_board_nxp_lpcxpresso_1549.a(board.o)
 .debug_abbrev  0x00000611      0x208 C:\Users\Bobasek\Documents\LPCXpresso_8.2.2_650\workspace\lpc_board_nxp_lpcxpresso_1549\Debug\liblpc_board_nxp_lpcxpresso_1549.a(board_sysinit.o)
 .debug_abbrev  0x00000819      0x195 C:\Users\Bobasek\Documents\LPCXpresso_8.2.2_650\workspace\lpc_chip_15xx\Debug\liblpc_chip_15xx.a(adc_15xx.o)
 .debug_abbrev  0x000009ae      0x1b3 C:\Users\Bobasek\Documents\LPCXpresso_8.2.2_650\workspace\lpc_chip_15xx\Debug\liblpc_chip_15xx.a(chip_15xx.o)
 .debug_abbrev  0x00000b61      0x285 C:\Users\Bobasek\Documents\LPCXpresso_8.2.2_650\workspace\lpc_chip_15xx\Debug\liblpc_chip_15xx.a(clock_15xx.o)
 .debug_abbrev  0x00000de6      0x16a C:\Users\Bobasek\Documents\LPCXpresso_8.2.2_650\workspace\lpc_chip_15xx\Debug\liblpc_chip_15xx.a(gpio_15xx.o)
 .debug_abbrev  0x00000f50      0x137 C:\Users\Bobasek\Documents\LPCXpresso_8.2.2_650\workspace\lpc_chip_15xx\Debug\liblpc_chip_15xx.a(iocon_15xx.o)
 .debug_abbrev  0x00001087      0x13e C:\Users\Bobasek\Documents\LPCXpresso_8.2.2_650\workspace\lpc_chip_15xx\Debug\liblpc_chip_15xx.a(swm_15xx.o)
 .debug_abbrev  0x000011c5      0x12b C:\Users\Bobasek\Documents\LPCXpresso_8.2.2_650\workspace\lpc_chip_15xx\Debug\liblpc_chip_15xx.a(sysctl_15xx.o)
 .debug_abbrev  0x000012f0      0x18c C:\Users\Bobasek\Documents\LPCXpresso_8.2.2_650\workspace\lpc_chip_15xx\Debug\liblpc_chip_15xx.a(sysinit_15xx.o)
 .debug_abbrev  0x0000147c      0x1e6 C:\Users\Bobasek\Documents\LPCXpresso_8.2.2_650\workspace\lpc_chip_15xx\Debug\liblpc_chip_15xx.a(uart_15xx.o)

.debug_aranges  0x00000000      0x6f0
 .debug_aranges
                0x00000000       0xc0 ./example/src/adc.o
 .debug_aranges
                0x000000c0       0x80 ./example/src/cr_startup_lpc15xx.o
 .debug_aranges
                0x00000140       0x20 ./example/src/sysinit.o
 .debug_aranges
                0x00000160       0xd0 C:\Users\Bobasek\Documents\LPCXpresso_8.2.2_650\workspace\lpc_board_nxp_lpcxpresso_1549\Debug\liblpc_board_nxp_lpcxpresso_1549.a(board.o)
 .debug_aranges
                0x00000230       0x60 C:\Users\Bobasek\Documents\LPCXpresso_8.2.2_650\workspace\lpc_board_nxp_lpcxpresso_1549\Debug\liblpc_board_nxp_lpcxpresso_1549.a(board_sysinit.o)
 .debug_aranges
                0x00000290       0xa0 C:\Users\Bobasek\Documents\LPCXpresso_8.2.2_650\workspace\lpc_chip_15xx\Debug\liblpc_chip_15xx.a(adc_15xx.o)
 .debug_aranges
                0x00000330       0x50 C:\Users\Bobasek\Documents\LPCXpresso_8.2.2_650\workspace\lpc_chip_15xx\Debug\liblpc_chip_15xx.a(chip_15xx.o)
 .debug_aranges
                0x00000380      0x128 C:\Users\Bobasek\Documents\LPCXpresso_8.2.2_650\workspace\lpc_chip_15xx\Debug\liblpc_chip_15xx.a(clock_15xx.o)
 .debug_aranges
                0x000004a8       0x70 C:\Users\Bobasek\Documents\LPCXpresso_8.2.2_650\workspace\lpc_chip_15xx\Debug\liblpc_chip_15xx.a(gpio_15xx.o)
 .debug_aranges
                0x00000518       0x28 C:\Users\Bobasek\Documents\LPCXpresso_8.2.2_650\workspace\lpc_chip_15xx\Debug\liblpc_chip_15xx.a(iocon_15xx.o)
 .debug_aranges
                0x00000540       0x40 C:\Users\Bobasek\Documents\LPCXpresso_8.2.2_650\workspace\lpc_chip_15xx\Debug\liblpc_chip_15xx.a(swm_15xx.o)
 .debug_aranges
                0x00000580       0x50 C:\Users\Bobasek\Documents\LPCXpresso_8.2.2_650\workspace\lpc_chip_15xx\Debug\liblpc_chip_15xx.a(sysctl_15xx.o)
 .debug_aranges
                0x000005d0       0x58 C:\Users\Bobasek\Documents\LPCXpresso_8.2.2_650\workspace\lpc_chip_15xx\Debug\liblpc_chip_15xx.a(sysinit_15xx.o)
 .debug_aranges
                0x00000628       0xc8 C:\Users\Bobasek\Documents\LPCXpresso_8.2.2_650\workspace\lpc_chip_15xx\Debug\liblpc_chip_15xx.a(uart_15xx.o)

.debug_ranges   0x00000000      0x610
 .debug_ranges  0x00000000       0xb0 ./example/src/adc.o
 .debug_ranges  0x000000b0       0x70 ./example/src/cr_startup_lpc15xx.o
 .debug_ranges  0x00000120       0x10 ./example/src/sysinit.o
 .debug_ranges  0x00000130       0xc0 C:\Users\Bobasek\Documents\LPCXpresso_8.2.2_650\workspace\lpc_board_nxp_lpcxpresso_1549\Debug\liblpc_board_nxp_lpcxpresso_1549.a(board.o)
 .debug_ranges  0x000001f0       0x50 C:\Users\Bobasek\Documents\LPCXpresso_8.2.2_650\workspace\lpc_board_nxp_lpcxpresso_1549\Debug\liblpc_board_nxp_lpcxpresso_1549.a(board_sysinit.o)
 .debug_ranges  0x00000240       0x90 C:\Users\Bobasek\Documents\LPCXpresso_8.2.2_650\workspace\lpc_chip_15xx\Debug\liblpc_chip_15xx.a(adc_15xx.o)
 .debug_ranges  0x000002d0       0x40 C:\Users\Bobasek\Documents\LPCXpresso_8.2.2_650\workspace\lpc_chip_15xx\Debug\liblpc_chip_15xx.a(chip_15xx.o)
 .debug_ranges  0x00000310      0x118 C:\Users\Bobasek\Documents\LPCXpresso_8.2.2_650\workspace\lpc_chip_15xx\Debug\liblpc_chip_15xx.a(clock_15xx.o)
 .debug_ranges  0x00000428       0x60 C:\Users\Bobasek\Documents\LPCXpresso_8.2.2_650\workspace\lpc_chip_15xx\Debug\liblpc_chip_15xx.a(gpio_15xx.o)
 .debug_ranges  0x00000488       0x18 C:\Users\Bobasek\Documents\LPCXpresso_8.2.2_650\workspace\lpc_chip_15xx\Debug\liblpc_chip_15xx.a(iocon_15xx.o)
 .debug_ranges  0x000004a0       0x30 C:\Users\Bobasek\Documents\LPCXpresso_8.2.2_650\workspace\lpc_chip_15xx\Debug\liblpc_chip_15xx.a(swm_15xx.o)
 .debug_ranges  0x000004d0       0x40 C:\Users\Bobasek\Documents\LPCXpresso_8.2.2_650\workspace\lpc_chip_15xx\Debug\liblpc_chip_15xx.a(sysctl_15xx.o)
 .debug_ranges  0x00000510       0x48 C:\Users\Bobasek\Documents\LPCXpresso_8.2.2_650\workspace\lpc_chip_15xx\Debug\liblpc_chip_15xx.a(sysinit_15xx.o)
 .debug_ranges  0x00000558       0xb8 C:\Users\Bobasek\Documents\LPCXpresso_8.2.2_650\workspace\lpc_chip_15xx\Debug\liblpc_chip_15xx.a(uart_15xx.o)

.debug_macro    0x00000000     0x596c
 .debug_macro   0x00000000      0x28c ./example/src/adc.o
 .debug_macro   0x0000028c      0x886 ./example/src/adc.o
 .debug_macro   0x00000b12       0x10 ./example/src/adc.o
 .debug_macro   0x00000b22      0x12d ./example/src/adc.o
 .debug_macro   0x00000c4f      0x5b2 ./example/src/adc.o
 .debug_macro   0x00001201       0x22 ./example/src/adc.o
 .debug_macro   0x00001223       0x7b ./example/src/adc.o
 .debug_macro   0x0000129e       0x10 ./example/src/adc.o
 .debug_macro   0x000012ae       0x2d ./example/src/adc.o
 .debug_macro   0x000012db       0x3a ./example/src/adc.o
 .debug_macro   0x00001315       0x2d ./example/src/adc.o
 .debug_macro   0x00001342      0xa7d ./example/src/adc.o
 .debug_macro   0x00001dbf      0x1b4 ./example/src/adc.o
 .debug_macro   0x00001f73       0xca ./example/src/adc.o
 .debug_macro   0x0000203d       0x18 ./example/src/adc.o
 .debug_macro   0x00002055       0xb2 ./example/src/adc.o
 .debug_macro   0x00002107       0x70 ./example/src/adc.o
 .debug_macro   0x00002177       0x46 ./example/src/adc.o
 .debug_macro   0x000021bd       0xd0 ./example/src/adc.o
 .debug_macro   0x0000228d       0x40 ./example/src/adc.o
 .debug_macro   0x000022cd      0x233 ./example/src/adc.o
 .debug_macro   0x00002500       0x16 ./example/src/adc.o
 .debug_macro   0x00002516       0x88 ./example/src/adc.o
 .debug_macro   0x0000259e       0x34 ./example/src/adc.o
 .debug_macro   0x000025d2       0x6a ./example/src/adc.o
 .debug_macro   0x0000263c       0x40 ./example/src/adc.o
 .debug_macro   0x0000267c       0x1c ./example/src/adc.o
 .debug_macro   0x00002698       0x16 ./example/src/adc.o
 .debug_macro   0x000026ae      0x10c ./example/src/adc.o
 .debug_macro   0x000027ba      0x2a9 ./example/src/adc.o
 .debug_macro   0x00002a63       0x76 ./example/src/adc.o
 .debug_macro   0x00002ad9       0x22 ./example/src/adc.o
 .debug_macro   0x00002afb      0x152 ./example/src/adc.o
 .debug_macro   0x00002c4d       0x82 ./example/src/adc.o
 .debug_macro   0x00002ccf       0xe6 ./example/src/adc.o
 .debug_macro   0x00002db5       0x3a ./example/src/adc.o
 .debug_macro   0x00002def       0x34 ./example/src/adc.o
 .debug_macro   0x00002e23       0x10 ./example/src/adc.o
 .debug_macro   0x00002e33       0x76 ./example/src/adc.o
 .debug_macro   0x00002ea9       0x58 ./example/src/adc.o
 .debug_macro   0x00002f01      0x2ca ./example/src/adc.o
 .debug_macro   0x000031cb      0x22b ./example/src/adc.o
 .debug_macro   0x000033f6       0x2e ./example/src/adc.o
 .debug_macro   0x00003424       0x34 ./example/src/adc.o
 .debug_macro   0x00003458       0x9a ./example/src/adc.o
 .debug_macro   0x000034f2       0x20 ./example/src/adc.o
 .debug_macro   0x00003512       0x23 ./example/src/cr_startup_lpc15xx.o
 .debug_macro   0x00003535      0x26e ./example/src/sysinit.o
 .debug_macro   0x000037a3      0x284 C:\Users\Bobasek\Documents\LPCXpresso_8.2.2_650\workspace\lpc_board_nxp_lpcxpresso_1549\Debug\liblpc_board_nxp_lpcxpresso_1549.a(board.o)
 .debug_macro   0x00003a27      0x886 C:\Users\Bobasek\Documents\LPCXpresso_8.2.2_650\workspace\lpc_board_nxp_lpcxpresso_1549\Debug\liblpc_board_nxp_lpcxpresso_1549.a(board.o)
 .debug_macro   0x000042ad       0x12 C:\Users\Bobasek\Documents\LPCXpresso_8.2.2_650\workspace\lpc_board_nxp_lpcxpresso_1549\Debug\liblpc_board_nxp_lpcxpresso_1549.a(board.o)
 .debug_macro   0x000042bf      0x288 C:\Users\Bobasek\Documents\LPCXpresso_8.2.2_650\workspace\lpc_board_nxp_lpcxpresso_1549\Debug\liblpc_board_nxp_lpcxpresso_1549.a(board_sysinit.o)
 .debug_macro   0x00004547      0x239 C:\Users\Bobasek\Documents\LPCXpresso_8.2.2_650\workspace\lpc_chip_15xx\Debug\liblpc_chip_15xx.a(adc_15xx.o)
 .debug_macro   0x00004780      0x239 C:\Users\Bobasek\Documents\LPCXpresso_8.2.2_650\workspace\lpc_chip_15xx\Debug\liblpc_chip_15xx.a(chip_15xx.o)
 .debug_macro   0x000049b9      0x239 C:\Users\Bobasek\Documents\LPCXpresso_8.2.2_650\workspace\lpc_chip_15xx\Debug\liblpc_chip_15xx.a(clock_15xx.o)
 .debug_macro   0x00004bf2      0x239 C:\Users\Bobasek\Documents\LPCXpresso_8.2.2_650\workspace\lpc_chip_15xx\Debug\liblpc_chip_15xx.a(gpio_15xx.o)
 .debug_macro   0x00004e2b      0x239 C:\Users\Bobasek\Documents\LPCXpresso_8.2.2_650\workspace\lpc_chip_15xx\Debug\liblpc_chip_15xx.a(iocon_15xx.o)
 .debug_macro   0x00005064      0x245 C:\Users\Bobasek\Documents\LPCXpresso_8.2.2_650\workspace\lpc_chip_15xx\Debug\liblpc_chip_15xx.a(swm_15xx.o)
 .debug_macro   0x000052a9      0x251 C:\Users\Bobasek\Documents\LPCXpresso_8.2.2_650\workspace\lpc_chip_15xx\Debug\liblpc_chip_15xx.a(sysctl_15xx.o)
 .debug_macro   0x000054fa      0x239 C:\Users\Bobasek\Documents\LPCXpresso_8.2.2_650\workspace\lpc_chip_15xx\Debug\liblpc_chip_15xx.a(sysinit_15xx.o)
 .debug_macro   0x00005733      0x239 C:\Users\Bobasek\Documents\LPCXpresso_8.2.2_650\workspace\lpc_chip_15xx\Debug\liblpc_chip_15xx.a(uart_15xx.o)

.debug_line     0x00000000     0x4800
 .debug_line    0x00000000      0x6b8 ./example/src/adc.o
 .debug_line    0x000006b8       0xde ./example/src/cr_startup_lpc15xx.o
 .debug_line    0x00000796      0x4bb ./example/src/sysinit.o
 .debug_line    0x00000c51      0x6de C:\Users\Bobasek\Documents\LPCXpresso_8.2.2_650\workspace\lpc_board_nxp_lpcxpresso_1549\Debug\liblpc_board_nxp_lpcxpresso_1549.a(board.o)
 .debug_line    0x0000132f      0x5a0 C:\Users\Bobasek\Documents\LPCXpresso_8.2.2_650\workspace\lpc_board_nxp_lpcxpresso_1549\Debug\liblpc_board_nxp_lpcxpresso_1549.a(board_sysinit.o)
 .debug_line    0x000018cf      0x591 C:\Users\Bobasek\Documents\LPCXpresso_8.2.2_650\workspace\lpc_chip_15xx\Debug\liblpc_chip_15xx.a(adc_15xx.o)
 .debug_line    0x00001e60      0x4bb C:\Users\Bobasek\Documents\LPCXpresso_8.2.2_650\workspace\lpc_chip_15xx\Debug\liblpc_chip_15xx.a(chip_15xx.o)
 .debug_line    0x0000231b      0x70f C:\Users\Bobasek\Documents\LPCXpresso_8.2.2_650\workspace\lpc_chip_15xx\Debug\liblpc_chip_15xx.a(clock_15xx.o)
 .debug_line    0x00002a2a      0x513 C:\Users\Bobasek\Documents\LPCXpresso_8.2.2_650\workspace\lpc_chip_15xx\Debug\liblpc_chip_15xx.a(gpio_15xx.o)
 .debug_line    0x00002f3d      0x45b C:\Users\Bobasek\Documents\LPCXpresso_8.2.2_650\workspace\lpc_chip_15xx\Debug\liblpc_chip_15xx.a(iocon_15xx.o)
 .debug_line    0x00003398      0x486 C:\Users\Bobasek\Documents\LPCXpresso_8.2.2_650\workspace\lpc_chip_15xx\Debug\liblpc_chip_15xx.a(swm_15xx.o)
 .debug_line    0x0000381e      0x4bd C:\Users\Bobasek\Documents\LPCXpresso_8.2.2_650\workspace\lpc_chip_15xx\Debug\liblpc_chip_15xx.a(sysctl_15xx.o)
 .debug_line    0x00003cdb      0x4f0 C:\Users\Bobasek\Documents\LPCXpresso_8.2.2_650\workspace\lpc_chip_15xx\Debug\liblpc_chip_15xx.a(sysinit_15xx.o)
 .debug_line    0x000041cb      0x635 C:\Users\Bobasek\Documents\LPCXpresso_8.2.2_650\workspace\lpc_chip_15xx\Debug\liblpc_chip_15xx.a(uart_15xx.o)

.debug_str      0x00000000    0x1274b
 .debug_str     0x00000000    0x101fc ./example/src/adc.o
                              0x102f2 (size before relaxing)
 .debug_str     0x000101fc      0x1e1 ./example/src/cr_startup_lpc15xx.o
                               0x26c6 (size before relaxing)
 .debug_str     0x000103dd       0x19 ./example/src/sysinit.o
                               0xf570 (size before relaxing)
 .debug_str     0x000103f6      0x820 C:\Users\Bobasek\Documents\LPCXpresso_8.2.2_650\workspace\lpc_board_nxp_lpcxpresso_1549\Debug\liblpc_board_nxp_lpcxpresso_1549.a(board.o)
                               0xff6f (size before relaxing)
 .debug_str     0x00010c16      0x85d C:\Users\Bobasek\Documents\LPCXpresso_8.2.2_650\workspace\lpc_board_nxp_lpcxpresso_1549\Debug\liblpc_board_nxp_lpcxpresso_1549.a(board_sysinit.o)
                              0x10561 (size before relaxing)
 .debug_str     0x00011473      0x206 C:\Users\Bobasek\Documents\LPCXpresso_8.2.2_650\workspace\lpc_chip_15xx\Debug\liblpc_chip_15xx.a(adc_15xx.o)
                               0xf8c3 (size before relaxing)
 .debug_str     0x00011679      0x10c C:\Users\Bobasek\Documents\LPCXpresso_8.2.2_650\workspace\lpc_chip_15xx\Debug\liblpc_chip_15xx.a(chip_15xx.o)
                               0xfcb5 (size before relaxing)
 .debug_str     0x00011785      0x89d C:\Users\Bobasek\Documents\LPCXpresso_8.2.2_650\workspace\lpc_chip_15xx\Debug\liblpc_chip_15xx.a(clock_15xx.o)
                              0x100b5 (size before relaxing)
 .debug_str     0x00012022       0xdf C:\Users\Bobasek\Documents\LPCXpresso_8.2.2_650\workspace\lpc_chip_15xx\Debug\liblpc_chip_15xx.a(gpio_15xx.o)
                               0xf762 (size before relaxing)
 .debug_str     0x00012101       0x41 C:\Users\Bobasek\Documents\LPCXpresso_8.2.2_650\workspace\lpc_chip_15xx\Debug\liblpc_chip_15xx.a(iocon_15xx.o)
                               0xf27f (size before relaxing)
 .debug_str     0x00012142      0x140 C:\Users\Bobasek\Documents\LPCXpresso_8.2.2_650\workspace\lpc_chip_15xx\Debug\liblpc_chip_15xx.a(swm_15xx.o)
                               0xfc87 (size before relaxing)
 .debug_str     0x00012282      0x183 C:\Users\Bobasek\Documents\LPCXpresso_8.2.2_650\workspace\lpc_chip_15xx\Debug\liblpc_chip_15xx.a(sysctl_15xx.o)
                               0xf76c (size before relaxing)
 .debug_str     0x00012405      0x13f C:\Users\Bobasek\Documents\LPCXpresso_8.2.2_650\workspace\lpc_chip_15xx\Debug\liblpc_chip_15xx.a(sysinit_15xx.o)
                               0xf75b (size before relaxing)
 .debug_str     0x00012544      0x207 C:\Users\Bobasek\Documents\LPCXpresso_8.2.2_650\workspace\lpc_chip_15xx\Debug\liblpc_chip_15xx.a(uart_15xx.o)
                               0xf8be (size before relaxing)

.comment        0x00000000       0xdc
 .comment       0x00000000       0x6e ./example/src/adc.o
                                 0x6f (size before relaxing)
 .comment       0x0000006e       0x6f ./example/src/cr_startup_lpc15xx.o
 .comment       0x0000006e       0x6f ./example/src/sysinit.o
 .comment       0x0000006e       0x6f C:\Users\Bobasek\Documents\LPCXpresso_8.2.2_650\workspace\lpc_board_nxp_lpcxpresso_1549\Debug\liblpc_board_nxp_lpcxpresso_1549.a(board.o)
 .comment       0x0000006e       0x6f C:\Users\Bobasek\Documents\LPCXpresso_8.2.2_650\workspace\lpc_board_nxp_lpcxpresso_1549\Debug\liblpc_board_nxp_lpcxpresso_1549.a(board_sysinit.o)
 .comment       0x0000006e       0x6f C:\Users\Bobasek\Documents\LPCXpresso_8.2.2_650\workspace\lpc_chip_15xx\Debug\liblpc_chip_15xx.a(adc_15xx.o)
 .comment       0x0000006e       0x6f C:\Users\Bobasek\Documents\LPCXpresso_8.2.2_650\workspace\lpc_chip_15xx\Debug\liblpc_chip_15xx.a(chip_15xx.o)
 .comment       0x0000006e       0x6f C:\Users\Bobasek\Documents\LPCXpresso_8.2.2_650\workspace\lpc_chip_15xx\Debug\liblpc_chip_15xx.a(clock_15xx.o)
 .comment       0x0000006e       0x6f C:\Users\Bobasek\Documents\LPCXpresso_8.2.2_650\workspace\lpc_chip_15xx\Debug\liblpc_chip_15xx.a(gpio_15xx.o)
 .comment       0x0000006e       0x6f C:\Users\Bobasek\Documents\LPCXpresso_8.2.2_650\workspace\lpc_chip_15xx\Debug\liblpc_chip_15xx.a(iocon_15xx.o)
 .comment       0x0000006e       0x6f C:\Users\Bobasek\Documents\LPCXpresso_8.2.2_650\workspace\lpc_chip_15xx\Debug\liblpc_chip_15xx.a(swm_15xx.o)
 .comment       0x0000006e       0x6f C:\Users\Bobasek\Documents\LPCXpresso_8.2.2_650\workspace\lpc_chip_15xx\Debug\liblpc_chip_15xx.a(sysctl_15xx.o)
 .comment       0x0000006e       0x6f C:\Users\Bobasek\Documents\LPCXpresso_8.2.2_650\workspace\lpc_chip_15xx\Debug\liblpc_chip_15xx.a(sysinit_15xx.o)
 .comment       0x0000006e       0x6f C:\Users\Bobasek\Documents\LPCXpresso_8.2.2_650\workspace\lpc_chip_15xx\Debug\liblpc_chip_15xx.a(uart_15xx.o)
 .comment       0x0000006e       0x6e c:/nxp/lpcxpresso_8.2.2_650/lpcxpresso/tools/bin/../lib/gcc/arm-none-eabi/5.4.1/../../../../arm-none-eabi/lib/armv7-m\libcr_nohost.a(_cr__main.o)
                                 0x6f (size before relaxing)
 .comment       0x000000dc       0x6f c:/nxp/lpcxpresso_8.2.2_650/lpcxpresso/tools/bin/../lib/gcc/arm-none-eabi/5.4.1/../../../../arm-none-eabi/lib/armv7-m\libcr_c.a(fpprintf.o)
 .comment       0x000000dc       0x6f c:/nxp/lpcxpresso_8.2.2_650/lpcxpresso/tools/bin/../lib/gcc/arm-none-eabi/5.4.1/../../../../arm-none-eabi/lib/armv7-m\libcr_c.a(initio.o)
 .comment       0x000000dc       0x6f c:/nxp/lpcxpresso_8.2.2_650/lpcxpresso/tools/bin/../lib/gcc/arm-none-eabi/5.4.1/../../../../arm-none-eabi/lib/armv7-m\libcr_c.a(printf.o)
 .comment       0x000000dc       0x6f c:/nxp/lpcxpresso_8.2.2_650/lpcxpresso/tools/bin/../lib/gcc/arm-none-eabi/5.4.1/../../../../arm-none-eabi/lib/armv7-m\libcr_c.a(setvbuf.o)
 .comment       0x000000dc       0x6f c:/nxp/lpcxpresso_8.2.2_650/lpcxpresso/tools/bin/../lib/gcc/arm-none-eabi/5.4.1/../../../../arm-none-eabi/lib/armv7-m\libcr_c.a(stdio.o)
 .comment       0x000000dc       0x6f c:/nxp/lpcxpresso_8.2.2_650/lpcxpresso/tools/bin/../lib/gcc/arm-none-eabi/5.4.1/../../../../arm-none-eabi/lib/armv7-m\libcr_c.a(strlen.o)
 .comment       0x000000dc       0x6f c:/nxp/lpcxpresso_8.2.2_650/lpcxpresso/tools/bin/../lib/gcc/arm-none-eabi/5.4.1/../../../../arm-none-eabi/lib/armv7-m\libcr_c.a(memset.o)
 .comment       0x000000dc       0x6f c:/nxp/lpcxpresso_8.2.2_650/lpcxpresso/tools/bin/../lib/gcc/arm-none-eabi/5.4.1/../../../../arm-none-eabi/lib/armv7-m\libcr_c.a(_deferredlazyseek.o)
 .comment       0x000000dc       0x6f c:/nxp/lpcxpresso_8.2.2_650/lpcxpresso/tools/bin/../lib/gcc/arm-none-eabi/5.4.1/../../../../arm-none-eabi/lib/armv7-m\libcr_c.a(_fdopen.o)
 .comment       0x000000dc       0x6f c:/nxp/lpcxpresso_8.2.2_650/lpcxpresso/tools/bin/../lib/gcc/arm-none-eabi/5.4.1/../../../../arm-none-eabi/lib/armv7-m\libcr_c.a(_fflush.o)
 .comment       0x000000dc       0x6f c:/nxp/lpcxpresso_8.2.2_650/lpcxpresso/tools/bin/../lib/gcc/arm-none-eabi/5.4.1/../../../../arm-none-eabi/lib/armv7-m\libcr_c.a(_frexpl.o)
 .comment       0x000000dc       0x6f c:/nxp/lpcxpresso_8.2.2_650/lpcxpresso/tools/bin/../lib/gcc/arm-none-eabi/5.4.1/../../../../arm-none-eabi/lib/armv7-m\libcr_c.a(_ldexpl.o)
 .comment       0x000000dc       0x6f c:/nxp/lpcxpresso_8.2.2_650/lpcxpresso/tools/bin/../lib/gcc/arm-none-eabi/5.4.1/../../../../arm-none-eabi/lib/armv7-m\libcr_c.a(_writebuf.o)
 .comment       0x000000dc       0x6f c:/nxp/lpcxpresso_8.2.2_650/lpcxpresso/tools/bin/../lib/gcc/arm-none-eabi/5.4.1/../../../../arm-none-eabi/lib/armv7-m\libcr_c.a(alloc.o)
 .comment       0x000000dc       0x6f c:/nxp/lpcxpresso_8.2.2_650/lpcxpresso/tools/bin/../lib/gcc/arm-none-eabi/5.4.1/../../../../arm-none-eabi/lib/armv7-m\libcr_c.a(errno.o)
 .comment       0x000000dc       0x6f c:/nxp/lpcxpresso_8.2.2_650/lpcxpresso/tools/bin/../lib/gcc/arm-none-eabi/5.4.1/../../../../arm-none-eabi/lib/armv7-m\libcr_c.a(fclose.o)
 .comment       0x000000dc       0x6f c:/nxp/lpcxpresso_8.2.2_650/lpcxpresso/tools/bin/../lib/gcc/arm-none-eabi/5.4.1/../../../../arm-none-eabi/lib/armv7-m\libcr_c.a(fflush.o)
 .comment       0x000000dc       0x6f c:/nxp/lpcxpresso_8.2.2_650/lpcxpresso/tools/bin/../lib/gcc/arm-none-eabi/5.4.1/../../../../arm-none-eabi/lib/armv7-m\libcr_c.a(fseek.o)
 .comment       0x000000dc       0x6f c:/nxp/lpcxpresso_8.2.2_650/lpcxpresso/tools/bin/../lib/gcc/arm-none-eabi/5.4.1/../../../../arm-none-eabi/lib/armv7-m\libcr_c.a(ftell.o)
 .comment       0x000000dc       0x6f c:/nxp/lpcxpresso_8.2.2_650/lpcxpresso/tools/bin/../lib/gcc/arm-none-eabi/5.4.1/../../../../arm-none-eabi/lib/armv7-m\libcr_c.a(remove.o)
 .comment       0x000000dc       0x6f c:/nxp/lpcxpresso_8.2.2_650/lpcxpresso/tools/bin/../lib/gcc/arm-none-eabi/5.4.1/../../../../arm-none-eabi/lib/armv7-m\libcr_c.a(__init_alloc.o)
 .comment       0x000000dc       0x6f c:/nxp/lpcxpresso_8.2.2_650/lpcxpresso/tools/bin/../lib/gcc/arm-none-eabi/5.4.1/../../../../arm-none-eabi/lib/armv7-m\libcr_c.a(_cr_sbrk.o)
 .comment       0x000000dc       0x6f c:/nxp/lpcxpresso_8.2.2_650/lpcxpresso/tools/bin/../lib/gcc/arm-none-eabi/5.4.1/../../../../arm-none-eabi/lib/armv7-m\libcr_c.a(_do_fflush.o)
 .comment       0x000000dc       0x6f c:/nxp/lpcxpresso_8.2.2_650/lpcxpresso/tools/bin/../lib/gcc/arm-none-eabi/5.4.1/../../../../arm-none-eabi/lib/armv7-m\libcr_c.a(_hugeval.o)
 .comment       0x000000dc       0x6f c:/nxp/lpcxpresso_8.2.2_650/lpcxpresso/tools/bin/../lib/gcc/arm-none-eabi/5.4.1/../../../../arm-none-eabi/lib/armv7-m\libcr_c.a(_cr_check_heap.o)
 .comment       0x000000dc       0x6f c:/nxp/lpcxpresso_8.2.2_650/lpcxpresso/tools/bin/../lib/gcc/arm-none-eabi/5.4.1/armv7-m\libcr_eabihelpers.a(double.o)
 .comment       0x000000dc       0x6f c:/nxp/lpcxpresso_8.2.2_650/lpcxpresso/tools/bin/../lib/gcc/arm-none-eabi/5.4.1/../../../../arm-none-eabi/lib/armv7-m\libcr_nohost.a(__sys_appexit.o)
 .comment       0x000000dc       0x6f c:/nxp/lpcxpresso_8.2.2_650/lpcxpresso/tools/bin/../lib/gcc/arm-none-eabi/5.4.1/../../../../arm-none-eabi/lib/armv7-m\libcr_nohost.a(__sys_close.o)
 .comment       0x000000dc       0x6f c:/nxp/lpcxpresso_8.2.2_650/lpcxpresso/tools/bin/../lib/gcc/arm-none-eabi/5.4.1/../../../../arm-none-eabi/lib/armv7-m\libcr_nohost.a(__sys_flen.o)
 .comment       0x000000dc       0x6f c:/nxp/lpcxpresso_8.2.2_650/lpcxpresso/tools/bin/../lib/gcc/arm-none-eabi/5.4.1/../../../../arm-none-eabi/lib/armv7-m\libcr_nohost.a(__sys_istty.o)
 .comment       0x000000dc       0x6f c:/nxp/lpcxpresso_8.2.2_650/lpcxpresso/tools/bin/../lib/gcc/arm-none-eabi/5.4.1/../../../../arm-none-eabi/lib/armv7-m\libcr_nohost.a(__sys_remove.o)
 .comment       0x000000dc       0x6f c:/nxp/lpcxpresso_8.2.2_650/lpcxpresso/tools/bin/../lib/gcc/arm-none-eabi/5.4.1/../../../../arm-none-eabi/lib/armv7-m\libcr_nohost.a(__sys_seek.o)
 .comment       0x000000dc       0x6f c:/nxp/lpcxpresso_8.2.2_650/lpcxpresso/tools/bin/../lib/gcc/arm-none-eabi/5.4.1/../../../../arm-none-eabi/lib/armv7-m\libcr_nohost.a(__sys_tmpnam.o)

.ARM.attributes
                0x00000000       0x31
 .ARM.attributes
                0x00000000       0x33 ./example/src/adc.o
 .ARM.attributes
                0x00000033       0x33 ./example/src/cr_startup_lpc15xx.o
 .ARM.attributes
                0x00000066       0x33 ./example/src/sysinit.o
 .ARM.attributes
                0x00000099       0x33 C:\Users\Bobasek\Documents\LPCXpresso_8.2.2_650\workspace\lpc_board_nxp_lpcxpresso_1549\Debug\liblpc_board_nxp_lpcxpresso_1549.a(board.o)
 .ARM.attributes
                0x000000cc       0x33 C:\Users\Bobasek\Documents\LPCXpresso_8.2.2_650\workspace\lpc_board_nxp_lpcxpresso_1549\Debug\liblpc_board_nxp_lpcxpresso_1549.a(board_sysinit.o)
 .ARM.attributes
                0x000000ff       0x33 C:\Users\Bobasek\Documents\LPCXpresso_8.2.2_650\workspace\lpc_chip_15xx\Debug\liblpc_chip_15xx.a(adc_15xx.o)
 .ARM.attributes
                0x00000132       0x33 C:\Users\Bobasek\Documents\LPCXpresso_8.2.2_650\workspace\lpc_chip_15xx\Debug\liblpc_chip_15xx.a(chip_15xx.o)
 .ARM.attributes
                0x00000165       0x33 C:\Users\Bobasek\Documents\LPCXpresso_8.2.2_650\workspace\lpc_chip_15xx\Debug\liblpc_chip_15xx.a(clock_15xx.o)
 .ARM.attributes
                0x00000198       0x33 C:\Users\Bobasek\Documents\LPCXpresso_8.2.2_650\workspace\lpc_chip_15xx\Debug\liblpc_chip_15xx.a(gpio_15xx.o)
 .ARM.attributes
                0x000001cb       0x33 C:\Users\Bobasek\Documents\LPCXpresso_8.2.2_650\workspace\lpc_chip_15xx\Debug\liblpc_chip_15xx.a(iocon_15xx.o)
 .ARM.attributes
                0x000001fe       0x33 C:\Users\Bobasek\Documents\LPCXpresso_8.2.2_650\workspace\lpc_chip_15xx\Debug\liblpc_chip_15xx.a(swm_15xx.o)
 .ARM.attributes
                0x00000231       0x33 C:\Users\Bobasek\Documents\LPCXpresso_8.2.2_650\workspace\lpc_chip_15xx\Debug\liblpc_chip_15xx.a(sysctl_15xx.o)
 .ARM.attributes
                0x00000264       0x33 C:\Users\Bobasek\Documents\LPCXpresso_8.2.2_650\workspace\lpc_chip_15xx\Debug\liblpc_chip_15xx.a(sysinit_15xx.o)
 .ARM.attributes
                0x00000297       0x33 C:\Users\Bobasek\Documents\LPCXpresso_8.2.2_650\workspace\lpc_chip_15xx\Debug\liblpc_chip_15xx.a(uart_15xx.o)
 .ARM.attributes
                0x000002ca       0x33 c:/nxp/lpcxpresso_8.2.2_650/lpcxpresso/tools/bin/../lib/gcc/arm-none-eabi/5.4.1/../../../../arm-none-eabi/lib/armv7-m\libcr_nohost.a(_cr__main.o)
 .ARM.attributes
                0x000002fd       0x33 c:/nxp/lpcxpresso_8.2.2_650/lpcxpresso/tools/bin/../lib/gcc/arm-none-eabi/5.4.1/../../../../arm-none-eabi/lib/armv7-m\libcr_c.a(fpprintf.o)
 .ARM.attributes
                0x00000330       0x33 c:/nxp/lpcxpresso_8.2.2_650/lpcxpresso/tools/bin/../lib/gcc/arm-none-eabi/5.4.1/../../../../arm-none-eabi/lib/armv7-m\libcr_c.a(initio.o)
 .ARM.attributes
                0x00000363       0x33 c:/nxp/lpcxpresso_8.2.2_650/lpcxpresso/tools/bin/../lib/gcc/arm-none-eabi/5.4.1/../../../../arm-none-eabi/lib/armv7-m\libcr_c.a(printf.o)
 .ARM.attributes
                0x00000396       0x33 c:/nxp/lpcxpresso_8.2.2_650/lpcxpresso/tools/bin/../lib/gcc/arm-none-eabi/5.4.1/../../../../arm-none-eabi/lib/armv7-m\libcr_c.a(setvbuf.o)
 .ARM.attributes
                0x000003c9       0x33 c:/nxp/lpcxpresso_8.2.2_650/lpcxpresso/tools/bin/../lib/gcc/arm-none-eabi/5.4.1/../../../../arm-none-eabi/lib/armv7-m\libcr_c.a(stdio.o)
 .ARM.attributes
                0x000003fc       0x33 c:/nxp/lpcxpresso_8.2.2_650/lpcxpresso/tools/bin/../lib/gcc/arm-none-eabi/5.4.1/../../../../arm-none-eabi/lib/armv7-m\libcr_c.a(strlen.o)
 .ARM.attributes
                0x0000042f       0x33 c:/nxp/lpcxpresso_8.2.2_650/lpcxpresso/tools/bin/../lib/gcc/arm-none-eabi/5.4.1/../../../../arm-none-eabi/lib/armv7-m\libcr_c.a(memset.o)
 .ARM.attributes
                0x00000462       0x33 c:/nxp/lpcxpresso_8.2.2_650/lpcxpresso/tools/bin/../lib/gcc/arm-none-eabi/5.4.1/../../../../arm-none-eabi/lib/armv7-m\libcr_c.a(_deferredlazyseek.o)
 .ARM.attributes
                0x00000495       0x33 c:/nxp/lpcxpresso_8.2.2_650/lpcxpresso/tools/bin/../lib/gcc/arm-none-eabi/5.4.1/../../../../arm-none-eabi/lib/armv7-m\libcr_c.a(_fdopen.o)
 .ARM.attributes
                0x000004c8       0x33 c:/nxp/lpcxpresso_8.2.2_650/lpcxpresso/tools/bin/../lib/gcc/arm-none-eabi/5.4.1/../../../../arm-none-eabi/lib/armv7-m\libcr_c.a(_fflush.o)
 .ARM.attributes
                0x000004fb       0x33 c:/nxp/lpcxpresso_8.2.2_650/lpcxpresso/tools/bin/../lib/gcc/arm-none-eabi/5.4.1/../../../../arm-none-eabi/lib/armv7-m\libcr_c.a(_frexpl.o)
 .ARM.attributes
                0x0000052e       0x33 c:/nxp/lpcxpresso_8.2.2_650/lpcxpresso/tools/bin/../lib/gcc/arm-none-eabi/5.4.1/../../../../arm-none-eabi/lib/armv7-m\libcr_c.a(_ldexpl.o)
 .ARM.attributes
                0x00000561       0x33 c:/nxp/lpcxpresso_8.2.2_650/lpcxpresso/tools/bin/../lib/gcc/arm-none-eabi/5.4.1/../../../../arm-none-eabi/lib/armv7-m\libcr_c.a(_writebuf.o)
 .ARM.attributes
                0x00000594       0x33 c:/nxp/lpcxpresso_8.2.2_650/lpcxpresso/tools/bin/../lib/gcc/arm-none-eabi/5.4.1/../../../../arm-none-eabi/lib/armv7-m\libcr_c.a(alloc.o)
 .ARM.attributes
                0x000005c7       0x33 c:/nxp/lpcxpresso_8.2.2_650/lpcxpresso/tools/bin/../lib/gcc/arm-none-eabi/5.4.1/../../../../arm-none-eabi/lib/armv7-m\libcr_c.a(errno.o)
 .ARM.attributes
                0x000005fa       0x33 c:/nxp/lpcxpresso_8.2.2_650/lpcxpresso/tools/bin/../lib/gcc/arm-none-eabi/5.4.1/../../../../arm-none-eabi/lib/armv7-m\libcr_c.a(fclose.o)
 .ARM.attributes
                0x0000062d       0x33 c:/nxp/lpcxpresso_8.2.2_650/lpcxpresso/tools/bin/../lib/gcc/arm-none-eabi/5.4.1/../../../../arm-none-eabi/lib/armv7-m\libcr_c.a(fflush.o)
 .ARM.attributes
                0x00000660       0x33 c:/nxp/lpcxpresso_8.2.2_650/lpcxpresso/tools/bin/../lib/gcc/arm-none-eabi/5.4.1/../../../../arm-none-eabi/lib/armv7-m\libcr_c.a(fseek.o)
 .ARM.attributes
                0x00000693       0x33 c:/nxp/lpcxpresso_8.2.2_650/lpcxpresso/tools/bin/../lib/gcc/arm-none-eabi/5.4.1/../../../../arm-none-eabi/lib/armv7-m\libcr_c.a(ftell.o)
 .ARM.attributes
                0x000006c6       0x33 c:/nxp/lpcxpresso_8.2.2_650/lpcxpresso/tools/bin/../lib/gcc/arm-none-eabi/5.4.1/../../../../arm-none-eabi/lib/armv7-m\libcr_c.a(remove.o)
 .ARM.attributes
                0x000006f9       0x33 c:/nxp/lpcxpresso_8.2.2_650/lpcxpresso/tools/bin/../lib/gcc/arm-none-eabi/5.4.1/../../../../arm-none-eabi/lib/armv7-m\libcr_c.a(__init_alloc.o)
 .ARM.attributes
                0x0000072c       0x33 c:/nxp/lpcxpresso_8.2.2_650/lpcxpresso/tools/bin/../lib/gcc/arm-none-eabi/5.4.1/../../../../arm-none-eabi/lib/armv7-m\libcr_c.a(_cr_sbrk.o)
 .ARM.attributes
                0x0000075f       0x33 c:/nxp/lpcxpresso_8.2.2_650/lpcxpresso/tools/bin/../lib/gcc/arm-none-eabi/5.4.1/../../../../arm-none-eabi/lib/armv7-m\libcr_c.a(_do_fflush.o)
 .ARM.attributes
                0x00000792       0x33 c:/nxp/lpcxpresso_8.2.2_650/lpcxpresso/tools/bin/../lib/gcc/arm-none-eabi/5.4.1/../../../../arm-none-eabi/lib/armv7-m\libcr_c.a(_hugeval.o)
 .ARM.attributes
                0x000007c5       0x33 c:/nxp/lpcxpresso_8.2.2_650/lpcxpresso/tools/bin/../lib/gcc/arm-none-eabi/5.4.1/../../../../arm-none-eabi/lib/armv7-m\libcr_c.a(_cr_check_heap.o)
 .ARM.attributes
                0x000007f8       0x21 c:/nxp/lpcxpresso_8.2.2_650/lpcxpresso/tools/bin/../lib/gcc/arm-none-eabi/5.4.1/armv7-m\libcr_eabihelpers.a(division_64.o)
 .ARM.attributes
                0x00000819       0x21 c:/nxp/lpcxpresso_8.2.2_650/lpcxpresso/tools/bin/../lib/gcc/arm-none-eabi/5.4.1/armv7-m\libcr_eabihelpers.a(division_idiv0.o)
 .ARM.attributes
                0x0000083a       0x33 c:/nxp/lpcxpresso_8.2.2_650/lpcxpresso/tools/bin/../lib/gcc/arm-none-eabi/5.4.1/armv7-m\libcr_eabihelpers.a(double.o)
 .ARM.attributes
                0x0000086d       0x21 c:/nxp/lpcxpresso_8.2.2_650/lpcxpresso/tools/bin/../lib/gcc/arm-none-eabi/5.4.1/armv7-m\libcr_eabihelpers.a(memcpy.o)
 .ARM.attributes
                0x0000088e       0x33 c:/nxp/lpcxpresso_8.2.2_650/lpcxpresso/tools/bin/../lib/gcc/arm-none-eabi/5.4.1/../../../../arm-none-eabi/lib/armv7-m\libcr_nohost.a(__sys_appexit.o)
 .ARM.attributes
                0x000008c1       0x33 c:/nxp/lpcxpresso_8.2.2_650/lpcxpresso/tools/bin/../lib/gcc/arm-none-eabi/5.4.1/../../../../arm-none-eabi/lib/armv7-m\libcr_nohost.a(__sys_close.o)
 .ARM.attributes
                0x000008f4       0x33 c:/nxp/lpcxpresso_8.2.2_650/lpcxpresso/tools/bin/../lib/gcc/arm-none-eabi/5.4.1/../../../../arm-none-eabi/lib/armv7-m\libcr_nohost.a(__sys_flen.o)
 .ARM.attributes
                0x00000927       0x33 c:/nxp/lpcxpresso_8.2.2_650/lpcxpresso/tools/bin/../lib/gcc/arm-none-eabi/5.4.1/../../../../arm-none-eabi/lib/armv7-m\libcr_nohost.a(__sys_istty.o)
 .ARM.attributes
                0x0000095a       0x33 c:/nxp/lpcxpresso_8.2.2_650/lpcxpresso/tools/bin/../lib/gcc/arm-none-eabi/5.4.1/../../../../arm-none-eabi/lib/armv7-m\libcr_nohost.a(__sys_remove.o)
 .ARM.attributes
                0x0000098d       0x33 c:/nxp/lpcxpresso_8.2.2_650/lpcxpresso/tools/bin/../lib/gcc/arm-none-eabi/5.4.1/../../../../arm-none-eabi/lib/armv7-m\libcr_nohost.a(__sys_seek.o)
 .ARM.attributes
                0x000009c0       0x33 c:/nxp/lpcxpresso_8.2.2_650/lpcxpresso/tools/bin/../lib/gcc/arm-none-eabi/5.4.1/../../../../arm-none-eabi/lib/armv7-m\libcr_nohost.a(__sys_tmpnam.o)

.debug_frame    0x00000000     0x1a30
 .debug_frame   0x00000000      0x328 ./example/src/adc.o
 .debug_frame   0x00000328      0x170 ./example/src/cr_startup_lpc15xx.o
 .debug_frame   0x00000498       0x2c ./example/src/sysinit.o
 .debug_frame   0x000004c4      0x360 C:\Users\Bobasek\Documents\LPCXpresso_8.2.2_650\workspace\lpc_board_nxp_lpcxpresso_1549\Debug\liblpc_board_nxp_lpcxpresso_1549.a(board.o)
 .debug_frame   0x00000824      0x14c C:\Users\Bobasek\Documents\LPCXpresso_8.2.2_650\workspace\lpc_board_nxp_lpcxpresso_1549\Debug\liblpc_board_nxp_lpcxpresso_1549.a(board_sysinit.o)
 .debug_frame   0x00000970      0x290 C:\Users\Bobasek\Documents\LPCXpresso_8.2.2_650\workspace\lpc_chip_15xx\Debug\liblpc_chip_15xx.a(adc_15xx.o)
 .debug_frame   0x00000c00      0x104 C:\Users\Bobasek\Documents\LPCXpresso_8.2.2_650\workspace\lpc_chip_15xx\Debug\liblpc_chip_15xx.a(chip_15xx.o)
 .debug_frame   0x00000d04      0x4b0 C:\Users\Bobasek\Documents\LPCXpresso_8.2.2_650\workspace\lpc_chip_15xx\Debug\liblpc_chip_15xx.a(clock_15xx.o)
 .debug_frame   0x000011b4      0x1b4 C:\Users\Bobasek\Documents\LPCXpresso_8.2.2_650\workspace\lpc_chip_15xx\Debug\liblpc_chip_15xx.a(gpio_15xx.o)
 .debug_frame   0x00001368       0x5c C:\Users\Bobasek\Documents\LPCXpresso_8.2.2_650\workspace\lpc_chip_15xx\Debug\liblpc_chip_15xx.a(iocon_15xx.o)
 .debug_frame   0x000013c4       0xd4 C:\Users\Bobasek\Documents\LPCXpresso_8.2.2_650\workspace\lpc_chip_15xx\Debug\liblpc_chip_15xx.a(swm_15xx.o)
 .debug_frame   0x00001498      0x124 C:\Users\Bobasek\Documents\LPCXpresso_8.2.2_650\workspace\lpc_chip_15xx\Debug\liblpc_chip_15xx.a(sysctl_15xx.o)
 .debug_frame   0x000015bc      0x134 C:\Users\Bobasek\Documents\LPCXpresso_8.2.2_650\workspace\lpc_chip_15xx\Debug\liblpc_chip_15xx.a(sysinit_15xx.o)
 .debug_frame   0x000016f0      0x340 C:\Users\Bobasek\Documents\LPCXpresso_8.2.2_650\workspace\lpc_chip_15xx\Debug\liblpc_chip_15xx.a(uart_15xx.o)
